Archive member included to satisfy reference by file (symbol)

/opt/devkitpro/libgba/lib/libmm.a(mm_mas.o)
                              bn_hw_audio.bn_noflto.o (mmStart)
/opt/devkitpro/libgba/lib/libmm.a(mm_main.o)
                              /opt/devkitpro/libgba/lib/libmm.a(mm_mas.o) (mmCallback)
/opt/devkitpro/libgba/lib/libmm.a(mm_effect.o)
                              bn_hw_audio.bn_noflto.o (mmEffect)
/opt/devkitpro/libgba/lib/libmm.a(mm_mas_arm.o)
                              /opt/devkitpro/libgba/lib/libmm.a(mm_mas.o) (mmAllocChannel)
/opt/devkitpro/libgba/lib/libmm.a(mm_mixer_gba.o)
                              bn_hw_audio.bn_noflto.o (mmVBlank)
/opt/devkitpro/libgba/lib/libmm.a(mm_main_gba.o)
                              /opt/devkitpro/libgba/lib/libmm.a(mm_mixer_gba.o) (mm_vblank_function)
/opt/devkitpro/devkitARM/bin/../lib/gcc/arm-none-eabi/12.2.0/thumb/libgcc.a(_call_via_rX.o)
                              /opt/devkitpro/libgba/lib/libmm.a(mm_main_gba.o) (_call_via_r1)
/opt/devkitpro/devkitARM/bin/../lib/gcc/arm-none-eabi/12.2.0/thumb/libgcc.a(_aeabi_ldivmod.o)
                              bn_hw_text.o (__aeabi_ldivmod)
/opt/devkitpro/devkitARM/bin/../lib/gcc/arm-none-eabi/12.2.0/thumb/libgcc.a(_aeabi_uldivmod.o)
                              bn_hw_text.o (__aeabi_uldivmod)
/opt/devkitpro/devkitARM/bin/../lib/gcc/arm-none-eabi/12.2.0/thumb/libgcc.a(_udivmoddi4.o)
                              /opt/devkitpro/devkitARM/bin/../lib/gcc/arm-none-eabi/12.2.0/thumb/libgcc.a(_aeabi_ldivmod.o) (__udivmoddi4)
/opt/devkitpro/devkitARM/bin/../lib/gcc/arm-none-eabi/12.2.0/../../../../arm-none-eabi/lib/thumb/libg.a(lib_a-init.o)
                              /opt/devkitpro/devkitARM/bin/../lib/gcc/arm-none-eabi/12.2.0/../../../../arm-none-eabi/lib/thumb/gba_crt0.o (__libc_init_array)
/opt/devkitpro/devkitARM/bin/../lib/gcc/arm-none-eabi/12.2.0/../../../../arm-none-eabi/lib/thumb/libg.a(lib_a-memcmp.o)
                              player.o (memcmp)
/opt/devkitpro/devkitARM/bin/../lib/gcc/arm-none-eabi/12.2.0/../../../../arm-none-eabi/lib/thumb/libsysbase.a(malloc_vars.o)
                              /opt/devkitpro/devkitARM/bin/../lib/gcc/arm-none-eabi/12.2.0/../../../../arm-none-eabi/lib/thumb/gba_crt0.o (fake_heap_end)

Discarded input sections

 .text          0x0000000000000000        0x0 /opt/devkitpro/devkitARM/bin/../lib/gcc/arm-none-eabi/12.2.0/../../../../arm-none-eabi/lib/thumb/gba_crt0.o
 .data          0x0000000000000000        0x0 /opt/devkitpro/devkitARM/bin/../lib/gcc/arm-none-eabi/12.2.0/../../../../arm-none-eabi/lib/thumb/gba_crt0.o
 .bss           0x0000000000000000        0x0 /opt/devkitpro/devkitARM/bin/../lib/gcc/arm-none-eabi/12.2.0/../../../../arm-none-eabi/lib/thumb/gba_crt0.o
 .text          0x0000000000000000        0x0 /opt/devkitpro/devkitARM/bin/../lib/gcc/arm-none-eabi/12.2.0/thumb/crti.o
 .data          0x0000000000000000        0x0 /opt/devkitpro/devkitARM/bin/../lib/gcc/arm-none-eabi/12.2.0/thumb/crti.o
 .bss           0x0000000000000000        0x0 /opt/devkitpro/devkitARM/bin/../lib/gcc/arm-none-eabi/12.2.0/thumb/crti.o
 .text          0x0000000000000000        0x0 /opt/devkitpro/devkitARM/bin/../lib/gcc/arm-none-eabi/12.2.0/thumb/crtbegin.o
 .data          0x0000000000000000        0x0 /opt/devkitpro/devkitARM/bin/../lib/gcc/arm-none-eabi/12.2.0/thumb/crtbegin.o
 .bss           0x0000000000000000        0x0 /opt/devkitpro/devkitARM/bin/../lib/gcc/arm-none-eabi/12.2.0/thumb/crtbegin.o
 .rodata.all_implied_fbits
                0x0000000000000000       0x24 /opt/devkitpro/devkitARM/bin/../lib/gcc/arm-none-eabi/12.2.0/thumb/crtbegin.o
 .data.__dso_handle
                0x0000000000000000        0x4 /opt/devkitpro/devkitARM/bin/../lib/gcc/arm-none-eabi/12.2.0/thumb/crtbegin.o
 .text          0x0000000000000000        0x0 _bn_audio_soundbank.bin.o
 .data          0x0000000000000000        0x0 _bn_audio_soundbank.bin.o
 .bss           0x0000000000000000        0x0 _bn_audio_soundbank.bin.o
 .text          0x0000000000000000        0x0 gooch_bn_gfx.o
 .data          0x0000000000000000        0x0 gooch_bn_gfx.o
 .bss           0x0000000000000000        0x0 gooch_bn_gfx.o
 .text          0x0000000000000000        0x0 test_npc2_bn_gfx.o
 .data          0x0000000000000000        0x0 test_npc2_bn_gfx.o
 .bss           0x0000000000000000        0x0 test_npc2_bn_gfx.o
 .rodata        0x0000000000000000      0x180 test_npc2_bn_gfx.o
 .text          0x0000000000000000        0x0 test_npc_bn_gfx.o
 .data          0x0000000000000000        0x0 test_npc_bn_gfx.o
 .bss           0x0000000000000000        0x0 test_npc_bn_gfx.o
 .rodata        0x0000000000000000      0x280 test_npc_bn_gfx.o
 .text          0x0000000000000000        0x0 common_fixed_8x16_font_bn_gfx.o
 .data          0x0000000000000000        0x0 common_fixed_8x16_font_bn_gfx.o
 .bss           0x0000000000000000        0x0 common_fixed_8x16_font_bn_gfx.o
[...]
Memory Configuration

Name             Origin             Length             Attributes
rom              0x0000000008000000 0x0000000002000000
iwram            0x0000000003000000 0x0000000000008000
ewram            0x0000000002000000 0x0000000000040000
*default*        0x0000000000000000 0xffffffffffffffff

Linker script and memory map

                0x0000000008000000                __text_start = ORIGIN (rom)
                0x0000000002040000                __eheap_end = (ORIGIN (ewram) + LENGTH (ewram))
                0x0000000003000000                __iwram_start = ORIGIN (iwram)
                0x0000000003008000                __iwram_top = (ORIGIN (iwram) + LENGTH (iwram))
                0x0000000003007fa0                __sp_irq = (__iwram_top - 0x60)
                0x0000000003007f00                __sp_usr = (__sp_irq - 0xa0)
                0x0000000003007ff8                __irq_flags = 0x3007ff8
                0x0000000008000000                . = __text_start

.crt0           0x0000000008000000      0x210
 *(.crt0)
 .crt0          0x0000000008000000      0x210 /opt/devkitpro/devkitARM/bin/../lib/gcc/arm-none-eabi/12.2.0/../../../../arm-none-eabi/lib/thumb/gba_crt0.o
                0x0000000008000000                _start
                0x00000000080000c4                __boot_method
                0x00000000080000c5                __slave_number
                0x00000000080000e0                start_vector
                0x0000000008000210                . = ALIGN (0x4)

.init           0x0000000008000210        0xc
 *(SORT_NONE(.init))
 .init          0x0000000008000210        0x4 /opt/devkitpro/devkitARM/bin/../lib/gcc/arm-none-eabi/12.2.0/thumb/crti.o
                0x0000000008000210                _init
 .init          0x0000000008000214        0x8 /opt/devkitpro/devkitARM/bin/../lib/gcc/arm-none-eabi/12.2.0/thumb/crtn.o

.plt            0x000000000800021c        0x0
 *(.plt)
                0x000000000800021c                . = ALIGN (0x4)

.text           0x0000000008000220    0x11bb0
 *(EXCLUDE_FILE(*.iwram*) .text*)
 .text.__do_global_dtors_aux
                0x0000000008000220       0x2c /opt/devkitpro/devkitARM/bin/../lib/gcc/arm-none-eabi/12.2.0/thumb/crtbegin.o
 .text.frame_dummy
                0x000000000800024c       0x24 /opt/devkitpro/devkitARM/bin/../lib/gcc/arm-none-eabi/12.2.0/thumb/crtbegin.o
 .text.startup.main
                0x0000000008000270       0xa4 main.o
                0x0000000008000270                main
 .text._ZN3_bn6assert9show_argsIA22_cEEvPKcS4_S4_iRKT_
                0x0000000008000314       0x50 npc.o
                0x0000000008000314                void _bn::assert::show_args<char [22]>(char const*, char const*, char const*, int, char const (&) [22])
 .text._ZN3_bn6assert9show_argsIA15_cEEvPKcS4_S4_iRKT_
                0x0000000008000364       0x50 npc.o
                0x0000000008000364                void _bn::assert::show_args<char [15]>(char const*, char const*, char const*, int, char const (&) [15])
 .text._ZN2gm3NPCC2EN2bn10sprite_ptrENS1_17sprite_tiles_itemENS1_10camera_ptrE
                0x00000000080003b4      0x1a0 npc.o
                0x00000000080003b4                gm::NPC::NPC(bn::sprite_ptr, bn::sprite_tiles_item, bn::camera_ptr)
                0x00000000080003b4                gm::NPC::NPC(bn::sprite_ptr, bn::sprite_tiles_item, bn::camera_ptr)
 .text._ZN3_bn6assert9show_argsIJA16_ciA4_ciEEEvPKcS5_S5_iDpRKT_
                0x0000000008000554       0x6c npc.o
                0x0000000008000554                void _bn::assert::show_args<char [16], int, char [4], int>(char const*, char const*, char const*, int, char const (&) [16], int const&, char const (&) [4], int const&)
 .text._ZN2gm6Player14UpdatePositionEN2bn11fixed_pointE
                0x00000000080005c0       0x50 player.o
                0x00000000080005c0                gm::Player::UpdatePosition(bn::fixed_point)
 .text._ZN2gm6Player10TurnSpriteENS_15PlayerDirectionE
                0x0000000008000610       0x84 player.o
                0x0000000008000610                gm::Player::TurnSprite(gm::PlayerDirection)
 .text._ZN2gm6Player13HandleTurningENS_15PlayerDirectionE
                0x0000000008000694       0x38 player.o
                0x0000000008000694                gm::Player::HandleTurning(gm::PlayerDirection)
 .text._ZN2gm6Player15CheckForTurningEv
                0x00000000080006cc       0xd8 player.o
                0x00000000080006cc                gm::Player::CheckForTurning()
 .text._ZN3_bn6assert9show_argsIA27_ciEEvPKcS4_S4_iRKT_RKT0_
                0x00000000080007a4       0x58 player.o
                0x00000000080007a4                void _bn::assert::show_args<char [27], int>(char const*, char const*, char const*, int, char const (&) [27], int const&)
 .text._ZN2gm6PlayerC2EPNS_5StateEN2bn10sprite_ptrENS3_17sprite_tiles_itemENS3_10camera_ptrE
                0x00000000080007fc      0x100 player.o
                0x00000000080007fc                gm::Player::Player(gm::State*, bn::sprite_ptr, bn::sprite_tiles_item, bn::camera_ptr)
                0x00000000080007fc                gm::Player::Player(gm::State*, bn::sprite_ptr, bn::sprite_tiles_item, bn::camera_ptr)
 .text._ZN2gm6Player16GetWalkAnimationENS_15PlayerDirectionE
                0x00000000080008fc      0x4a8 player.o
                0x00000000080008fc                gm::Player::GetWalkAnimation(gm::PlayerDirection)
 .text._ZN2gm6Player15GetRunAnimationENS_15PlayerDirectionE
                0x0000000008000da4      0x4d8 player.o
                0x0000000008000da4                gm::Player::GetRunAnimation(gm::PlayerDirection)
 .text._ZN2gm6Player13HandleWalkingENS_15PlayerDirectionEN2bn11fixed_pointE
                0x000000000800127c      0x168 player.o
                0x000000000800127c                gm::Player::HandleWalking(gm::PlayerDirection, bn::fixed_point)
 .text._ZN2gm6Player15CheckForWalkingEv
                0x00000000080013e4      0x120 player.o
                0x00000000080013e4                gm::Player::CheckForWalking()
 .text._ZN2gm6Player13HandleRunningENS_15PlayerDirectionEN2bn11fixed_pointE
                0x0000000008001504      0x180 player.o
                0x0000000008001504                gm::Player::HandleRunning(gm::PlayerDirection, bn::fixed_point)
 .text._ZN2gm6Player15CheckForRunningEv
                0x0000000008001684       0xf8 player.o
                0x0000000008001684                gm::Player::CheckForRunning()
 .text._ZN2gm6Player16HandleStationaryEv
                0x000000000800177c       0x58 player.o
                0x000000000800177c                gm::Player::HandleStationary()
 .text._ZN2gm6Player14check_movementEv
                0x00000000080017d4      0x170 player.o
                0x00000000080017d4                gm::Player::check_movement()
 .text._ZN2gm5StateC2Ev
                0x0000000008001944       0x10 state.o
                0x0000000008001944                gm::State::State()
                0x0000000008001944                gm::State::State()
 .text._ZNK2gm5State14GetPlayerStateEv
                0x0000000008001954        0x4 state.o
                0x0000000008001954                gm::State::GetPlayerState() const
 .text._ZN2gm5State14SetPlayerStateENS_11PlayerStateE
                0x0000000008001958        0x4 state.o
                0x0000000008001958                gm::State::SetPlayerState(gm::PlayerState)
 .text._ZNK2gm5State18GetPlayerDirectionEv
                0x000000000800195c        0x4 state.o
                0x000000000800195c                gm::State::GetPlayerDirection() const
 .text._ZN2gm5State18SetPlayerDirectionENS_15PlayerDirectionE
                0x0000000008001960        0x4 state.o
                0x0000000008001960                gm::State::SetPlayerDirection(gm::PlayerDirection)
 .text._ZN3_bn6assert9show_argsIA16_ciEEvPKcS4_S4_iRKT_RKT0_
                0x0000000008001964       0x58 common_info.o
                0x0000000008001964                void _bn::assert::show_args<char [16], int>(char const*, char const*, char const*, int, char const (&) [16], int const&)
 .text._ZN3_bn6assert9show_argsIA15_ciEEvPKcS4_S4_iRKT_RKT0_
                0x00000000080019bc       0x58 common_stats.o
                0x00000000080019bc                void _bn::assert::show_args<char [15], int>(char const*, char const*, char const*, int, char const (&) [15], int const&)
 .text._ZN2bn13audio_manager4initEv
                0x0000000008001a14        0xc bn_audio_manager.o
                0x0000000008001a14                bn::audio_manager::init()
 .text._ZN2bn13audio_manager7disableEv
                0x0000000008001a20        0xc bn_audio_manager.o
                0x0000000008001a20                bn::audio_manager::disable()
 .text._ZN2bn13audio_manager22disable_vblank_handlerEv
                0x0000000008001a2c        0xc bn_audio_manager.o
                0x0000000008001a2c                bn::audio_manager::disable_vblank_handler()
 .text._ZN2bn13audio_manager6updateEv
                0x0000000008001a38       0x18 bn_audio_manager.o
                0x0000000008001a38                bn::audio_manager::update()
 .text._ZN2bn13audio_manager6commitEv
                0x0000000008001a50        0xc bn_audio_manager.o
                0x0000000008001a50                bn::audio_manager::commit()
 .text._ZN3_bn6assert9show_argsIA18_ciEEvPKcS4_S4_iRKT_RKT0_
                0x0000000008001a5c       0x58 bn_audio_manager.o
                0x0000000008001a5c                void _bn::assert::show_args<char [18], int>(char const*, char const*, char const*, int, char const (&) [18], int const&)
 .text._ZN3_bn6assert9show_argsIA14_ciEEvPKcS4_S4_iRKT_RKT0_
                0x0000000008001ab4       0x58 bn_audio_manager.o
                0x0000000008001ab4                void _bn::assert::show_args<char [14], int>(char const*, char const*, char const*, int, char const (&) [14], int const&)
 .text._ZN2bn13audio_manager16execute_commandsEv
                0x0000000008001b0c      0x178 bn_audio_manager.o
                0x0000000008001b0c                bn::audio_manager::execute_commands()
 .text._ZN3_bn6assert9show_argsIA26_ciEEvPKcS4_S4_iRKT_RKT0_
                0x0000000008001c84       0x58 bn_audio_manager.o
                0x0000000008001c84                void _bn::assert::show_args<char [26], int>(char const*, char const*, char const*, int, char const (&) [26], int const&)
 .text._ZN3_bn6assert9show_argsIA33_cEEvPKcS4_S4_iRKT_
                0x0000000008001cdc       0x50 bn_audio_manager.o
                0x0000000008001cdc                void _bn::assert::show_args<char [33]>(char const*, char const*, char const*, int, char const (&) [33])
 .text._ZN3_bn6assert9show_argsIA25_cEEvPKcS4_S4_iRKT_
                0x0000000008001d2c       0x50 bn_audio_manager.o
                0x0000000008001d2c                void _bn::assert::show_args<char [25]>(char const*, char const*, char const*, int, char const (&) [25])
 .text._ZN2bn13audio_manager10stop_musicEv
                0x0000000008001d7c       0x70 bn_audio_manager.o
                0x0000000008001d7c                bn::audio_manager::stop_music()
 .text._ZN2bn13audio_manager4stopEv
                0x0000000008001dec       0x5c bn_audio_manager.o
                0x0000000008001dec                bn::audio_manager::stop()
 .text._ZN3_bn6assert9show_argsIA24_cEEvPKcS4_S4_iRKT_
                0x0000000008001e48       0x50 bn_audio_manager.o
                0x0000000008001e48                void _bn::assert::show_args<char [24]>(char const*, char const*, char const*, int, char const (&) [24])
 .text.startup._GLOBAL__sub_I__ZN2bn5audio16update_on_vblankEv
                0x0000000008001e98       0x30 bn_audio_manager.o
 .text._ZN3_bn6assert9show_argsIA23_cEEvPKcS4_S4_iRKT_
                0x0000000008001ec8       0x50 bn_best_fit_allocator.o
                0x0000000008001ec8                void _bn::assert::show_args<char [23]>(char const*, char const*, char const*, int, char const (&) [23])
 .text._ZN2bn18best_fit_allocatorD2Ev
                0x0000000008001f18       0x34 bn_best_fit_allocator.o
                0x0000000008001f18                bn::best_fit_allocator::~best_fit_allocator()
                0x0000000008001f18                bn::best_fit_allocator::~best_fit_allocator()
 .text._ZN2bn18best_fit_allocator5allocEi
                0x0000000008001f4c       0xf8 bn_best_fit_allocator.o
                0x0000000008001f4c                bn::best_fit_allocator::alloc(int)
 .text._ZN3_bn6assert9show_argsIA14_cEEvPKcS4_S4_iRKT_
                0x0000000008002044       0x50 bn_best_fit_allocator.o
                0x0000000008002044                void _bn::assert::show_args<char [14]>(char const*, char const*, char const*, int, char const (&) [14])
 .text._ZN3_bn6assert9show_argsIA21_cEEvPKcS4_S4_iRKT_
                0x0000000008002094       0x50 bn_best_fit_allocator.o
                0x0000000008002094                void _bn::assert::show_args<char [21]>(char const*, char const*, char const*, int, char const (&) [21])
 .text._ZN2bn18best_fit_allocator5resetEPvi
                0x00000000080020e4       0xc0 bn_best_fit_allocator.o
                0x00000000080020e4                bn::best_fit_allocator::reset(void*, int)
 .text._ZN2bn13ostringstream11append_argsIiJA4_ciEEEvRKT_DpRKT0_.isra.0
                0x00000000080021a4       0x24 bn_bg_blocks_manager.o
 .text._ZNK2bn18regular_bg_map_ptr2idEv
                0x00000000080021c8       0x18 bn_bg_blocks_manager.o
                0x00000000080021c8                bn::regular_bg_map_ptr::id() const
 .text._ZNK2bn18regular_bg_map_ptr10dimensionsEv
                0x00000000080021e0       0x20 bn_bg_blocks_manager.o
                0x00000000080021e0                bn::regular_bg_map_ptr::dimensions() const
 .text._ZNK2bn20regular_bg_tiles_ptr3cbbEv
                0x0000000008002200       0x18 bn_bg_blocks_manager.o
                0x0000000008002200                bn::regular_bg_tiles_ptr::cbb() const
 .text._ZNK2bn17affine_bg_map_ptr2idEv
                0x0000000008002218       0x18 bn_bg_blocks_manager.o
                0x0000000008002218                bn::affine_bg_map_ptr::id() const
 .text._ZNK2bn17affine_bg_map_ptr10dimensionsEv
                0x0000000008002230       0x20 bn_bg_blocks_manager.o
                0x0000000008002230                bn::affine_bg_map_ptr::dimensions() const
 .text._ZNK2bn19affine_bg_tiles_ptr3cbbEv
                0x0000000008002250       0x18 bn_bg_blocks_manager.o
                0x0000000008002250                bn::affine_bg_tiles_ptr::cbb() const
 .text._ZN2bn17bg_blocks_manager15decrease_usagesEi
                0x0000000008002268       0x98 bn_bg_blocks_manager.o
                0x0000000008002268                bn::bg_blocks_manager::decrease_usages(int)
 .text._ZN2bn17bg_blocks_manager12_GLOBAL__N_110items_list12insert_afterEiRKNS1_9item_typeE.constprop.0
                0x0000000008002300      0x240 bn_bg_blocks_manager.o
 .text._ZN2bn17bg_blocks_manager4initEv
                0x0000000008002540       0x7c bn_bg_blocks_manager.o
                0x0000000008002540                bn::bg_blocks_manager::init()
 .text._ZN2bn17bg_blocks_manager11must_commitEi
                0x00000000080025bc       0x18 bn_bg_blocks_manager.o
                0x00000000080025bc                bn::bg_blocks_manager::must_commit(int)
 .text._ZN3_bn6assert9show_argsIJA22_ciA4_ciEEEvPKcS5_S5_iDpRKT_
                0x00000000080025d4       0x5c bn_bg_blocks_manager.o
                0x00000000080025d4                void _bn::assert::show_args<char [22], int, char [4], int>(char const*, char const*, char const*, int, char const (&) [22], int const&, char const (&) [4], int const&)
 .text._ZN3_bn6assert9show_argsIJA58_ciA4_ciEEEvPKcS5_S5_iDpRKT_
                0x0000000008002630       0x5c bn_bg_blocks_manager.o
                0x0000000008002630                void _bn::assert::show_args<char [58], int, char [4], int>(char const*, char const*, char const*, int, char const (&) [58], int const&, char const (&) [4], int const&)
 .text._ZN3_bn6assert9show_argsIA22_ciEEvPKcS4_S4_iRKT_RKT0_
                0x000000000800268c       0x58 bn_bg_blocks_manager.o
                0x000000000800268c                void _bn::assert::show_args<char [22], int>(char const*, char const*, char const*, int, char const (&) [22], int const&)
 .text._ZN3_bn6assert9show_argsIA19_cEEvPKcS4_S4_iRKT_
                0x00000000080026e4       0x50 bn_bg_blocks_manager.o
                0x00000000080026e4                void _bn::assert::show_args<char [19]>(char const*, char const*, char const*, int, char const (&) [19])
 .text._ZNK2bn18regular_bg_map_ptr5tilesEv
                0x0000000008002734       0x48 bn_bg_blocks_manager.o
                0x0000000008002734                bn::regular_bg_map_ptr::tiles() const
 .text._ZNK2bn17affine_bg_map_ptr5tilesEv
                0x000000000800277c       0x48 bn_bg_blocks_manager.o
                0x000000000800277c                bn::affine_bg_map_ptr::tiles() const
 .text._ZNK2bn18regular_bg_map_ptr3bppEv
                0x00000000080027c4       0x4c bn_bg_blocks_manager.o
                0x00000000080027c4                bn::regular_bg_map_ptr::bpp() const
 .text._ZN2bn17bg_blocks_manager21update_affine_map_rowEiii
                0x0000000008002810      0x104 bn_bg_blocks_manager.o
                0x0000000008002810                bn::bg_blocks_manager::update_affine_map_row(int, int, int)
 .text._ZN2bn17bg_blocks_manager23set_affine_map_positionEiii
                0x0000000008002914      0x1b0 bn_bg_blocks_manager.o
                0x0000000008002914                bn::bg_blocks_manager::set_affine_map_position(int, int, int)
 .text._ZN2bn17bg_blocks_manager21update_affine_map_colEiii
                0x0000000008002ac4      0x224 bn_bg_blocks_manager.o
                0x0000000008002ac4                bn::bg_blocks_manager::update_affine_map_col(int, int, int)
 .text._ZN2bn17bg_blocks_manager22update_regular_map_colEiii
                0x0000000008002ce8      0x174 bn_bg_blocks_manager.o
                0x0000000008002ce8                bn::bg_blocks_manager::update_regular_map_col(int, int, int)
 .text._ZN2bn17bg_blocks_manager22update_regular_map_rowEiii
                0x0000000008002e5c      0x14c bn_bg_blocks_manager.o
                0x0000000008002e5c                bn::bg_blocks_manager::update_regular_map_row(int, int, int)
 .text._ZN2bn17bg_blocks_manager24set_regular_map_positionEiii
                0x0000000008002fa8      0x1d8 bn_bg_blocks_manager.o
                0x0000000008002fa8                bn::bg_blocks_manager::set_regular_map_position(int, int, int)
 .text._ZN2bn17bg_blocks_manager12_GLOBAL__N_112_commit_itemERKNS1_9item_typeE
                0x0000000008003180      0x2bc bn_bg_blocks_manager.o
 .text._ZN2bn17bg_blocks_manager6commitEv
                0x000000000800343c       0x40 bn_bg_blocks_manager.o
                0x000000000800343c                bn::bg_blocks_manager::commit()
 .text._ZN3_bn6assert9show_argsIA26_cEEvPKcS4_S4_iRKT_
                0x000000000800347c       0x50 bn_bg_blocks_manager.o
                0x000000000800347c                void _bn::assert::show_args<char [26]>(char const*, char const*, char const*, int, char const (&) [26])
 .text._ZN3_bn6assert9show_argsIA17_cEEvPKcS4_S4_iRKT_
                0x00000000080034cc       0x50 bn_bg_blocks_manager.o
                0x00000000080034cc                void _bn::assert::show_args<char [17]>(char const*, char const*, char const*, int, char const (&) [17])
 .text._ZN2bn13ostringstream11append_argsIA4_cJiEEEvRKT_DpRKT0_
                0x000000000800351c       0x18 bn_bg_blocks_manager.o
                0x000000000800351c                void bn::ostringstream::append_args<char [4], int>(char const (&) [4], int const&)
 .text._ZN3_bn6assert9show_argsIJA39_cPKN2bn4tileEA4_ciEEEvPKcS9_S9_iDpRKT_
                0x0000000008003534       0x64 bn_bg_blocks_manager.o
                0x0000000008003534                void _bn::assert::show_args<char [39], bn::tile const*, char [4], int>(char const*, char const*, char const*, int, char const (&) [39], bn::tile const* const&, char const (&) [4], int const&)
 .text._ZN3_bn6assert9show_argsIA25_ciEEvPKcS4_S4_iRKT_RKT0_
                0x0000000008003598       0x58 bn_bg_blocks_manager.o
                0x0000000008003598                void _bn::assert::show_args<char [25], int>(char const*, char const*, char const*, int, char const (&) [25], int const&)
 .text._ZN2bn14iunordered_mapIPKviNS_17bg_blocks_manager12_GLOBAL__N_115identity_hasherENS_8equal_toIS2_EEE5eraseERKNS8_14const_iteratorE.constprop.0.isra.0
                0x00000000080035f0      0x1a8 bn_bg_blocks_manager.o
 .text._ZN2bn17bg_blocks_manager12_GLOBAL__N_121_remove_adjacent_itemEiRNS1_9item_typeE
                0x0000000008003798       0xcc bn_bg_blocks_manager.o
 .text._ZN2bn17bg_blocks_manager6updateEv
                0x0000000008003864      0x200 bn_bg_blocks_manager.o
                0x0000000008003864                bn::bg_blocks_manager::update()
 .text.startup._GLOBAL__sub_I__ZN2bn7bg_maps16used_cells_countEv
                0x0000000008003a64       0x98 bn_bg_blocks_manager.o
 .text.exit._GLOBAL__sub_D__ZN2bn7bg_maps16used_cells_countEv
                0x0000000008003afc       0x50 bn_bg_blocks_manager.o
 .text._ZN2bn11bgs_manager12_GLOBAL__N_133_update_item_hw_affine_attributesERKNS1_9item_typeE
                0x0000000008003b4c       0x48 bn_bgs_manager.o
 .text._ZN2bn13ostringstream11append_argsIiJA4_ciEEEvRKT_DpRKT0_.isra.0
                0x0000000008003b94       0x24 bn_bgs_manager.o
 .text._ZN2bn11bgs_manager5hw_idEPv
                0x0000000008003bb8        0x8 bn_bgs_manager.o
                0x0000000008003bb8                bn::bgs_manager::hw_id(void*)
 .text._ZN2bn11bgs_manager11hw_positionEPv
                0x0000000008003bc0        0x4 bn_bgs_manager.o
                0x0000000008003bc0                bn::bgs_manager::hw_position(void*)
 .text._ZN2bn11bgs_manager14mat_attributesEPv
                0x0000000008003bc4        0x4 bn_bgs_manager.o
                0x0000000008003bc4                bn::bgs_manager::mat_attributes(void*)
 .text._ZN2bn11bgs_manager20update_windows_flagsEPj
                0x0000000008003bc8       0x7c bn_bgs_manager.o
                0x0000000008003bc8                bn::bgs_manager::update_windows_flags(unsigned int*)
 .text._ZN2bn11bgs_manager36fill_hblank_effect_regular_positionsEiPKNS_7fixed_tILi12EEEPt
                0x0000000008003c44       0x38 bn_bgs_manager.o
                0x0000000008003c44                bn::bgs_manager::fill_hblank_effect_regular_positions(int, bn::fixed_t<12> const*, unsigned short*)
 .text._ZN2bn11bgs_manager45fill_hblank_effect_pivot_horizontal_positionsEPvPKNS_7fixed_tILi12EEEPj
                0x0000000008003c7c       0x24 bn_bgs_manager.o
                0x0000000008003c7c                bn::bgs_manager::fill_hblank_effect_pivot_horizontal_positions(void*, bn::fixed_t<12> const*, unsigned int*)
 .text._ZN2bn11bgs_manager43fill_hblank_effect_pivot_vertical_positionsEPvPKNS_7fixed_tILi12EEEPj
                0x0000000008003ca0       0x24 bn_bgs_manager.o
                0x0000000008003ca0                bn::bgs_manager::fill_hblank_effect_pivot_vertical_positions(void*, bn::fixed_t<12> const*, unsigned int*)
 .text._ZN2bn11bgs_manager6commitEb
                0x0000000008003cc4       0x58 bn_bgs_manager.o
                0x0000000008003cc4                bn::bgs_manager::commit(bool)
 .text._ZN2bn11bgs_manager4stopEv
                0x0000000008003d1c       0x28 bn_bgs_manager.o
                0x0000000008003d1c                bn::bgs_manager::stop()
 .text._ZN3_bn6assert9show_argsIA30_cEEvPKcS4_S4_iRKT_
                0x0000000008003d44       0x50 bn_bgs_manager.o
                0x0000000008003d44                void _bn::assert::show_args<char [30]>(char const*, char const*, char const*, int, char const (&) [30])
 .text._ZN3_bn6assert9show_argsIJA60_ciA4_ciEEEvPKcS5_S5_iDpRKT_
                0x0000000008003d94       0x5c bn_bgs_manager.o
                0x0000000008003d94                void _bn::assert::show_args<char [60], int, char [4], int>(char const*, char const*, char const*, int, char const (&) [60], int const&, char const (&) [4], int const&)
 .text._ZN3_bn6assert9show_argsIJA59_ciA4_ciEEEvPKcS5_S5_iDpRKT_
                0x0000000008003df0       0x5c bn_bgs_manager.o
                0x0000000008003df0                void _bn::assert::show_args<char [59], int, char [4], int>(char const*, char const*, char const*, int, char const (&) [59], int const&, char const (&) [4], int const&)
 .text._ZN3_bn6assert9show_argsIJA57_ciA4_ciEEEvPKcS5_S5_iDpRKT_
                0x0000000008003e4c       0x5c bn_bgs_manager.o
                0x0000000008003e4c                void _bn::assert::show_args<char [57], int, char [4], int>(char const*, char const*, char const*, int, char const (&) [57], int const&, char const (&) [4], int const&)
 .text._ZN2bn11bgs_manager14update_camerasEv
                0x0000000008003ea8      0x2b4 bn_bgs_manager.o
                0x0000000008003ea8                bn::bgs_manager::update_cameras()
 .text._ZN3_bn6assert9show_argsIA27_cEEvPKcS4_S4_iRKT_
                0x000000000800415c       0x50 bn_bgs_manager.o
                0x000000000800415c                void _bn::assert::show_args<char [27]>(char const*, char const*, char const*, int, char const (&) [27])
 .text._ZN3_bn6assert9show_argsIA31_cEEvPKcS4_S4_iRKT_
                0x00000000080041ac       0x50 bn_bgs_manager.o
                0x00000000080041ac                void _bn::assert::show_args<char [31]>(char const*, char const*, char const*, int, char const (&) [31])
 .text._ZN2bn11bgs_manager15rebuild_handlesEv.part.0
                0x00000000080041fc      0x19c bn_bgs_manager.o
 .text._ZN2bn11bgs_manager37fill_hblank_effect_regular_attributesEPvPKNS_21regular_bg_attributesEPt
                0x0000000008004398      0x104 bn_bgs_manager.o
                0x0000000008004398                bn::bgs_manager::fill_hblank_effect_regular_attributes(void*, bn::regular_bg_attributes const*, unsigned short*)
 .text._ZN2bn11bgs_manager6updateEv
                0x000000000800449c      0x1d0 bn_bgs_manager.o
                0x000000000800449c                bn::bgs_manager::update()
 .text._ZN2bn11bgs_manager15commit_big_mapsEv
                0x000000000800466c      0x1d4 bn_bgs_manager.o
                0x000000000800466c                bn::bgs_manager::commit_big_maps()
 .text._ZN2bn11bgs_manager36fill_hblank_effect_affine_attributesEPvPKNS_20affine_bg_attributesEPt
                0x0000000008004840      0x108 bn_bgs_manager.o
                0x0000000008004840                bn::bgs_manager::fill_hblank_effect_affine_attributes(void*, bn::affine_bg_attributes const*, unsigned short*)
 .text._ZN2bn11bgs_manager10affine_mapEPv
                0x0000000008004948       0x34 bn_bgs_manager.o
                0x0000000008004948                bn::bgs_manager::affine_map(void*)
 .text._ZN2bn11bgs_manager11regular_mapEPv
                0x000000000800497c       0x34 bn_bgs_manager.o
                0x000000000800497c                bn::bgs_manager::regular_map(void*)
 .text._ZN3_bn6assert9show_argsIA13_cEEvPKcS4_S4_iRKT_
                0x00000000080049b0       0x50 bn_bgs_manager.o
                0x00000000080049b0                void _bn::assert::show_args<char [13]>(char const*, char const*, char const*, int, char const (&) [13])
 .text.startup._GLOBAL__sub_I__ZN2bn3bgs16used_items_countEv
                0x0000000008004a00       0x80 bn_bgs_manager.o
 .text.exit._GLOBAL__sub_D__ZN2bn3bgs16used_items_countEv
                0x0000000008004a80       0x14 bn_bgs_manager.o
 .text._ZN2bn10camera_ptrC2ERKS0_
                0x0000000008004a94       0x20 bn_cameras_manager.o
                0x0000000008004a94                bn::camera_ptr::camera_ptr(bn::camera_ptr const&)
                0x0000000008004a94                bn::camera_ptr::camera_ptr(bn::camera_ptr const&)
 .text._ZN2bn10camera_ptrD2Ev
                0x0000000008004ab4       0x38 bn_cameras_manager.o
                0x0000000008004ab4                bn::camera_ptr::~camera_ptr()
                0x0000000008004ab4                bn::camera_ptr::~camera_ptr()
 .text._ZNK2bn10camera_ptr8positionEv
                0x0000000008004aec       0x14 bn_cameras_manager.o
                0x0000000008004aec                bn::camera_ptr::position() const
 .text._ZN2bn10camera_ptr12set_positionERKNS_11fixed_pointE
                0x0000000008004b00       0x40 bn_cameras_manager.o
                0x0000000008004b00                bn::camera_ptr::set_position(bn::fixed_point const&)
 .text._ZN2bn15cameras_manager4initEv
                0x0000000008004b40       0x10 bn_cameras_manager.o
                0x0000000008004b40                bn::cameras_manager::init()
 .text._ZN2bn15cameras_manager6updateEv
                0x0000000008004b50       0x28 bn_cameras_manager.o
                0x0000000008004b50                bn::cameras_manager::update()
 .text._ZN2bn10camera_ptr6createENS_7fixed_tILi12EEES2_
                0x0000000008004b78       0x54 bn_cameras_manager.o
                0x0000000008004b78                bn::camera_ptr::create(bn::fixed_t<12>, bn::fixed_t<12>)
 .text._ZN2bn4core12_GLOBAL__N_111update_implEv
                0x0000000008004bcc       0xb0 bn_core.o
 .text._ZN2bn4core12_GLOBAL__N_14stopEb.constprop.0
                0x0000000008004c7c       0x40 bn_core.o
 .text._ZN2bn11string_viewC2EPKc
                0x0000000008004cbc       0x1c bn_core.o
                0x0000000008004cbc                bn::string_view::string_view(char const*)
                0x0000000008004cbc                bn::string_view::string_view(char const*)
 .text._ZN2bn4core6updateEv
                0x0000000008004cd8       0x78 bn_core.o
                0x0000000008004cd8                bn::core::update()
 .text._ZN2bn4core4initERKNS_11string_viewE
                0x0000000008004d50       0x94 bn_core.o
                0x0000000008004d50                bn::core::init(bn::string_view const&)
 .text._ZN2bn4core4initEv
                0x0000000008004de4       0x18 bn_core.o
                0x0000000008004de4                bn::core::init()
 .text._ZN2bn4core9on_vblankEv
                0x0000000008004dfc       0x28 bn_core.o
                0x0000000008004dfc                bn::core::on_vblank()
 .text._ZN3_bn6assert4showEPKcS2_S2_iRKN2bn12istring_baseE
                0x0000000008004e24       0x60 bn_core.o
                0x0000000008004e24                _bn::assert::show(char const*, char const*, char const*, int, bn::istring_base const&)
 .text.startup._GLOBAL__sub_I__ZN2bn4core4initEv
                0x0000000008004e84       0x40 bn_core.o
 .text._ZN2bn15display_manager12_GLOBAL__N_134_update_rect_windows_hw_boundariesEi
                0x0000000008004ec4       0x8c bn_display_manager.o
 .text._ZN2bn15display_manager4initEv
                0x0000000008004f50       0x40 bn_display_manager.o
                0x0000000008004f50                bn::display_manager::init()
 .text._ZN2bn15display_manager8set_modeEi
                0x0000000008004f90       0x1c bn_display_manager.o
                0x0000000008004f90                bn::display_manager::set_mode(int)
 .text._ZN2bn15display_manager14set_bg_enabledEib
                0x0000000008004fac       0x1c bn_display_manager.o
                0x0000000008004fac                bn::display_manager::set_bg_enabled(int, bool)
 .text._ZN2bn15display_manager15disable_all_bgsEv
                0x0000000008004fc8       0x18 bn_display_manager.o
                0x0000000008004fc8                bn::display_manager::disable_all_bgs()
 .text._ZN2bn15display_manager36fill_mosaic_hblank_effect_attributesEPKNS_17mosaic_attributesEPt
                0x0000000008004fe0       0xb4 bn_display_manager.o
                0x0000000008004fe0                bn::display_manager::fill_mosaic_hblank_effect_attributes(bn::mosaic_attributes const*, unsigned short*)
 .text._ZN2bn15display_manager23set_blending_bg_enabledEib
                0x0000000008005094       0x14 bn_display_manager.o
                0x0000000008005094                bn::display_manager::set_blending_bg_enabled(int, bool)
 .text._ZN2bn15display_manager32blending_transparency_top_weightEv
                0x00000000080050a8       0x18 bn_display_manager.o
                0x00000000080050a8                bn::display_manager::blending_transparency_top_weight()
 .text._ZN2bn15display_manager35blending_transparency_bottom_weightEv
                0x00000000080050c0       0x28 bn_display_manager.o
                0x00000000080050c0                bn::display_manager::blending_transparency_bottom_weight()
 .text._ZN2bn15display_manager51fill_blending_transparency_hblank_effect_attributesEPKNS_32blending_transparency_attributesEPt
                0x00000000080050e8       0x30 bn_display_manager.o
                0x00000000080050e8                bn::display_manager::fill_blending_transparency_hblank_effect_attributes(bn::blending_transparency_attributes const*, unsigned short*)
 .text._ZN2bn15display_manager21blending_fade_enabledEv
                0x0000000008005118       0x10 bn_display_manager.o
                0x0000000008005118                bn::display_manager::blending_fade_enabled()
 .text._ZN2bn15display_manager39fill_blending_fade_hblank_effect_alphasEPKNS_19blending_fade_alphaEPt
                0x0000000008005128       0x24 bn_display_manager.o
                0x0000000008005128                bn::display_manager::fill_blending_fade_hblank_effect_alphas(bn::blending_fade_alpha const*, unsigned short*)
 .text._ZN2bn15display_manager26update_windows_visible_bgsEv
                0x000000000800514c       0x10 bn_display_manager.o
                0x000000000800514c                bn::display_manager::update_windows_visible_bgs()
 .text._ZN2bn15display_manager36rect_window_hw_horizontal_boundariesEi
                0x000000000800515c       0x14 bn_display_manager.o
                0x000000000800515c                bn::display_manager::rect_window_hw_horizontal_boundaries(int)
 .text._ZN2bn15display_manager34rect_window_hw_vertical_boundariesEi
                0x0000000008005170       0x14 bn_display_manager.o
                0x0000000008005170                bn::display_manager::rect_window_hw_vertical_boundaries(int)
 .text._ZN2bn15display_manager52fill_rect_window_hblank_effect_horizontal_boundariesERKNS_4pairIiiEEPKNS1_INS_7fixed_tILi12EEES6_EEPt
                0x0000000008005184      0x13c bn_display_manager.o
                0x0000000008005184                bn::display_manager::fill_rect_window_hblank_effect_horizontal_boundaries(bn::pair<int, int> const&, bn::pair<bn::fixed_t<12>, bn::fixed_t<12> > const*, unsigned short*)
 .text._ZN2bn15display_manager50fill_rect_window_hblank_effect_vertical_boundariesERKNS_4pairIiiEEPKNS1_INS_7fixed_tILi12EEES6_EEPt
                0x00000000080052c0      0x13c bn_display_manager.o
                0x00000000080052c0                bn::display_manager::fill_rect_window_hblank_effect_vertical_boundaries(bn::pair<int, int> const&, bn::pair<bn::fixed_t<12>, bn::fixed_t<12> > const*, unsigned short*)
 .text._ZN2bn15display_manager36fill_green_swap_hblank_effect_statesEPKbPt
                0x00000000080053fc       0x38 bn_display_manager.o
                0x00000000080053fc                bn::display_manager::fill_green_swap_hblank_effect_states(bool const*, unsigned short*)
 .text._ZN2bn15display_manager14update_camerasEv
                0x0000000008005434       0x40 bn_display_manager.o
                0x0000000008005434                bn::display_manager::update_cameras()
 .text._ZN2bn15display_manager6updateEv
                0x0000000008005474      0x214 bn_display_manager.o
                0x0000000008005474                bn::display_manager::update()
 .text._ZN2bn15display_manager6commitEv
                0x0000000008005688      0x164 bn_display_manager.o
                0x0000000008005688                bn::display_manager::commit()
 .text._ZN2bn15display_manager4stopEv
                0x00000000080057ec       0x28 bn_display_manager.o
                0x00000000080057ec                bn::display_manager::stop()
 .text._ZN3_bn6assert9show_argsIA66_cEEvPKcS4_S4_iRKT_
                0x0000000008005814       0x50 bn_display_manager.o
                0x0000000008005814                void _bn::assert::show_args<char [66]>(char const*, char const*, char const*, int, char const (&) [66])
 .text.startup._GLOBAL__sub_I__ZNK2bn6window7show_bgERKNS_14regular_bg_ptrE
                0x0000000008005864       0x7c bn_display_manager.o
 .text.exit._GLOBAL__sub_D__ZNK2bn6window7show_bgERKNS_14regular_bg_ptrE
                0x00000000080058e0       0x38 bn_display_manager.o
 .text._ZN2bn18igeneric_pool_baseC2EPci
                0x0000000008005918       0x10 bn_generic_pool.o
                0x0000000008005918                bn::igeneric_pool_base::igeneric_pool_base(char*, int)
                0x0000000008005918                bn::igeneric_pool_base::igeneric_pool_base(char*, int)
 .text._ZN2bn18igeneric_pool_base5_freeEPc
                0x0000000008005928       0x10 bn_generic_pool.o
                0x0000000008005928                bn::igeneric_pool_base::_free(char*)
 .text._ZN3_bn6assert9show_argsIA18_cEEvPKcS4_S4_iRKT_
                0x0000000008005938       0x50 bn_generic_pool.o
                0x0000000008005938                void _bn::assert::show_args<char [18]>(char const*, char const*, char const*, int, char const (&) [18])
 .text._ZN2bn18igeneric_pool_baseD2Ev
                0x0000000008005988       0x30 bn_generic_pool.o
                0x0000000008005988                bn::igeneric_pool_base::~igeneric_pool_base()
                0x0000000008005988                bn::igeneric_pool_base::~igeneric_pool_base()
 .text._ZN2bn18igeneric_pool_base9_allocateEv
                0x00000000080059b8       0x48 bn_generic_pool.o
                0x00000000080059b8                bn::igeneric_pool_base::_allocate()
 .text._ZN2bn12gpio_manager6commitEv
                0x0000000008005a00       0x48 bn_gpio_manager.o
                0x0000000008005a00                bn::gpio_manager::commit()
 .text._ZN2bn12gpio_manager4stopEv
                0x0000000008005a48       0x3c bn_gpio_manager.o
                0x0000000008005a48                bn::gpio_manager::stop()
 .text._ZN2bn22hblank_effects_manager12_GLOBAL__N_19item_type18_output_values_ptrEv
                0x0000000008005a84       0x40 bn_hblank_effects_manager.o
 .text._ZN2bn7type_idINS_4pairIiiEEEENS_9type_id_tEv
                0x0000000008005ac4        0x8 bn_hblank_effects_manager.o
                0x0000000008005ac4                bn::type_id_t bn::type_id<bn::pair<int, int> >()
 .text._ZN2bn7type_idINS_33regular_bg_attributes_hbe_handler15last_value_typeEEENS_9type_id_tEv
                0x0000000008005acc        0x8 bn_hblank_effects_manager.o
                0x0000000008005acc                bn::type_id_t bn::type_id<bn::regular_bg_attributes_hbe_handler::last_value_type>()
 .text._ZN2bn7type_idINS_32affine_bg_attributes_hbe_handler15last_value_typeEEENS_9type_id_tEv
                0x0000000008005ad4        0x8 bn_hblank_effects_manager.o
                0x0000000008005ad4                bn::type_id_t bn::type_id<bn::affine_bg_attributes_hbe_handler::last_value_type>()
 .text._ZN2bn7type_idIiEENS_9type_id_tEv
                0x0000000008005adc        0x8 bn_hblank_effects_manager.o
                0x0000000008005adc                bn::type_id_t bn::type_id<int>()
 .text._ZN2bn7type_idINS_47affine_bg_pivot_horizontal_position_hbe_handler15last_value_typeEEENS_9type_id_tEv
                0x0000000008005ae4        0x8 bn_hblank_effects_manager.o
                0x0000000008005ae4                bn::type_id_t bn::type_id<bn::affine_bg_pivot_horizontal_position_hbe_handler::last_value_type>()
 .text._ZN2bn7type_idINS_45affine_bg_pivot_vertical_position_hbe_handler15last_value_typeEEENS_9type_id_tEv
                0x0000000008005aec        0x8 bn_hblank_effects_manager.o
                0x0000000008005aec                bn::type_id_t bn::type_id<bn::affine_bg_pivot_vertical_position_hbe_handler::last_value_type>()
 .text._ZN2bn7type_idINS_35sprite_first_attributes_hbe_handler15last_value_typeEEENS_9type_id_tEv
                0x0000000008005af4        0x8 bn_hblank_effects_manager.o
                0x0000000008005af4                bn::type_id_t bn::type_id<bn::sprite_first_attributes_hbe_handler::last_value_type>()
 .text._ZN2bn7type_idINS_35sprite_second_attributes_last_valueEEENS_9type_id_tEv
                0x0000000008005afc        0x8 bn_hblank_effects_manager.o
                0x0000000008005afc                bn::type_id_t bn::type_id<bn::sprite_second_attributes_last_value>()
 .text._ZN2bn7type_idINS_17sprite_shape_sizeEEENS_9type_id_tEv
                0x0000000008005b04        0x8 bn_hblank_effects_manager.o
                0x0000000008005b04                bn::type_id_t bn::type_id<bn::sprite_shape_size>()
 .text._ZN2bn22hblank_effects_manager7disableEv
                0x0000000008005b0c       0x24 bn_hblank_effects_manager.o
                0x0000000008005b0c                bn::hblank_effects_manager::disable()
 .text._ZN2bn22hblank_effects_manager6commitEv
                0x0000000008005b30       0x74 bn_hblank_effects_manager.o
                0x0000000008005b30                bn::hblank_effects_manager::commit()
 .text._ZN2bn22hblank_effects_manager12_GLOBAL__N_110_is_uint32ENS0_12handler_typeE
                0x0000000008005ba4       0x64 bn_hblank_effects_manager.o
 .text._ZN2bn22hblank_effects_manager12_GLOBAL__N_19item_type12check_updateEv
                0x0000000008005c08     0x1b54 bn_hblank_effects_manager.o
 .text._ZN2bn22hblank_effects_manager6updateEv
                0x000000000800775c      0x1ec bn_hblank_effects_manager.o
                0x000000000800775c                bn::hblank_effects_manager::update()
 .text._ZN2bn22hblank_effects_manager4initEv
                0x0000000008007948       0xd4 bn_hblank_effects_manager.o
                0x0000000008007948                bn::hblank_effects_manager::init()
 .text._ZN3_bn6assert9show_argsIJA39_cPKN2bn5colorEA4_ciEEEvPKcS9_S9_iDpRKT_
                0x0000000008007a1c       0x64 bn_hblank_effects_manager.o
                0x0000000008007a1c                void _bn::assert::show_args<char [39], bn::color const*, char [4], int>(char const*, char const*, char const*, int, char const (&) [39], bn::color const* const&, char const (&) [4], int const&)
 .text.startup._GLOBAL__sub_I__ZN2bn4hbes10used_countEv
                0x0000000008007a80       0xfc bn_hblank_effects_manager.o
 .text.exit._GLOBAL__sub_D__ZN2bn4hbes10used_countEv
                0x0000000008007b7c       0x40 bn_hblank_effects_manager.o
 .text._ZN2bn12hdma_manager7disableEv
                0x0000000008007bbc       0x30 bn_hdma_manager.o
                0x0000000008007bbc                bn::hdma_manager::disable()
 .text._ZN2bn12hdma_manager10force_stopEv
                0x0000000008007bec       0x3c bn_hdma_manager.o
                0x0000000008007bec                bn::hdma_manager::force_stop()
 .text._ZN2bn12hdma_manager6updateEv
                0x0000000008007c28       0x6c bn_hdma_manager.o
                0x0000000008007c28                bn::hdma_manager::update()
 .text._ZN2bn12hdma_manager6commitEb
                0x0000000008007c94      0x118 bn_hdma_manager.o
                0x0000000008007c94                bn::hdma_manager::commit(bool)
 .text.startup._GLOBAL__sub_I__ZN2bn4hdma7runningEv
                0x0000000008007dac       0x34 bn_hdma_manager.o
 .text._ZN2bn6keypad6b_heldEv
                0x0000000008007de0       0x10 bn_keypad_manager.o
                0x0000000008007de0                bn::keypad::b_held()
 .text._ZN2bn6keypad10right_heldEv
                0x0000000008007df0       0x10 bn_keypad_manager.o
                0x0000000008007df0                bn::keypad::right_held()
 .text._ZN2bn6keypad9left_heldEv
                0x0000000008007e00       0x10 bn_keypad_manager.o
                0x0000000008007e00                bn::keypad::left_held()
 .text._ZN2bn6keypad7up_heldEv
                0x0000000008007e10       0x10 bn_keypad_manager.o
                0x0000000008007e10                bn::keypad::up_held()
 .text._ZN2bn6keypad9down_heldEv
                0x0000000008007e20       0x10 bn_keypad_manager.o
                0x0000000008007e20                bn::keypad::down_held()
 .text._ZN2bn14keypad_manager4stopEv
                0x0000000008007e30        0x4 bn_keypad_manager.o
                0x0000000008007e30                bn::keypad_manager::stop()
 .text._ZN3_bn6assert9show_argsIJA19_ciA4_ciEEEvPKcS5_S5_iDpRKT_
                0x0000000008007e34       0x6c bn_keypad_manager.o
                0x0000000008007e34                void _bn::assert::show_args<char [19], int, char [4], int>(char const*, char const*, char const*, int, char const (&) [19], int const&, char const (&) [4], int const&)
 .text._ZN2bn14keypad_manager6updateEv
                0x0000000008007ea0       0xa8 bn_keypad_manager.o
                0x0000000008007ea0                bn::keypad_manager::update()
 .text._ZN3_bn6assert9show_argsIA24_ciEEvPKcS4_S4_iRKT_RKT0_
                0x0000000008007f48       0x58 bn_keypad_manager.o
                0x0000000008007f48                void _bn::assert::show_args<char [24], int>(char const*, char const*, char const*, int, char const (&) [24], int const&)
 .text._ZN2bn14keypad_manager4initERKNS_11string_viewE
                0x0000000008007fa0       0x58 bn_keypad_manager.o
                0x0000000008007fa0                bn::keypad_manager::init(bn::string_view const&)
 .text._ZN3_bn6assert9show_argsIA16_cEEvPKcS4_S4_iRKT_
                0x0000000008007ff8       0x50 bn_keypad_manager.o
                0x0000000008007ff8                void _bn::assert::show_args<char [16]>(char const*, char const*, char const*, int, char const (&) [16])
 .text._ZN2bn12link_manager4initEv
                0x0000000008008048        0xc bn_link_manager.o
                0x0000000008008048                bn::link_manager::init()
 .text._ZN2bn12link_manager6activeEv
                0x0000000008008054        0xc bn_link_manager.o
                0x0000000008008054                bn::link_manager::active()
 .text._ZN2bn12link_manager7disableEv
                0x0000000008008060       0x18 bn_link_manager.o
                0x0000000008008060                bn::link_manager::disable()
 .text._ZN2bn3logERKNS_12istring_baseE
                0x0000000008008078        0xc bn_log.o
                0x0000000008008078                bn::log(bn::istring_base const&)
 .text._ZN2bn14memory_manager4initEv
                0x0000000008008084       0x20 bn_memory_manager.o
                0x0000000008008084                bn::memory_manager::init()
 .text._ZN3_bn6assert9show_argsIA35_cjEEvPKcS4_S4_iRKT_RKT0_
                0x00000000080080a4       0x58 bn_memory_manager.o
                0x00000000080080a4                void _bn::assert::show_args<char [35], unsigned int>(char const*, char const*, char const*, int, char const (&) [35], unsigned int const&)
 .text._Znwj    0x00000000080080fc       0x40 bn_memory_manager.o
                0x00000000080080fc                operator new(unsigned int)
 .text.exit._GLOBAL__sub_D__Znwj
                0x000000000800813c       0x14 bn_memory_manager.o
 .text._ZN2bn2hw8palettes9grayscaleEPKNS_5colorEiiPS2_.part.0
                0x0000000008008150       0x40 bn_palettes_manager.o
 .text._ZN2bn14bg_palette_ptrC2ERKS0_
                0x0000000008008190       0x2c bn_palettes_manager.o
                0x0000000008008190                bn::bg_palette_ptr::bg_palette_ptr(bn::bg_palette_ptr const&)
                0x0000000008008190                bn::bg_palette_ptr::bg_palette_ptr(bn::bg_palette_ptr const&)
 .text._ZNK2bn14bg_palette_ptr3bppEv
                0x00000000080081bc       0x20 bn_palettes_manager.o
                0x00000000080081bc                bn::bg_palette_ptr::bpp() const
 .text._ZNK2bn18sprite_palette_ptr3bppEv
                0x00000000080081dc       0x1c bn_palettes_manager.o
                0x00000000080081dc                bn::sprite_palette_ptr::bpp() const
 .text._ZNK2bn13palettes_bank10log_statusEv
                0x00000000080081f8      0x188 bn_palettes_manager.o
                0x00000000080081f8                bn::palettes_bank::log_status() const
 .text._ZNK2bn13palettes_bank20retrieve_commit_dataEv
                0x0000000008008380       0x4c bn_palettes_manager.o
                0x0000000008008380                bn::palettes_bank::retrieve_commit_data() const
 .text._ZNK2bn13palettes_bank12_same_colorsERKNS_4spanIKNS_5colorEEEi
                0x00000000080083cc       0x50 bn_palettes_manager.o
                0x00000000080083cc                bn::palettes_bank::_same_colors(bn::span<bn::color const> const&, int) const
 .text._ZN2bn13palettes_bank10find_bpp_4ERKNS_4spanIKNS_5colorEEEt
                0x000000000800841c       0xdc bn_palettes_manager.o
                0x000000000800841c                bn::palettes_bank::find_bpp_4(bn::span<bn::color const> const&, unsigned short)
 .text._ZNK2bn13palettes_bank21_apply_global_effectsEiPNS_5colorE
                0x00000000080084f8      0x13c bn_palettes_manager.o
                0x00000000080084f8                bn::palettes_bank::_apply_global_effects(int, bn::color*) const
 .text._ZNK2bn13palettes_bank25fill_hblank_effect_colorsEPKNS_5colorEPt
                0x0000000008008634       0x30 bn_palettes_manager.o
                0x0000000008008634                bn::palettes_bank::fill_hblank_effect_colors(bn::color const*, unsigned short*) const
 .text._ZNK2bn13palettes_bank7palette13apply_effectsEiPNS_5colorE
                0x0000000008008664       0xbc bn_palettes_manager.o
                0x0000000008008664                bn::palettes_bank::palette::apply_effects(int, bn::color*) const
 .text._ZNK2bn13palettes_bank25fill_hblank_effect_colorsEiPKNS_5colorEPt
                0x0000000008008720       0x44 bn_palettes_manager.o
                0x0000000008008720                bn::palettes_bank::fill_hblank_effect_colors(int, bn::color const*, unsigned short*) const
 .text._ZN2bn13palettes_bank15_update_paletteEi
                0x0000000008008764       0x6c bn_palettes_manager.o
                0x0000000008008764                bn::palettes_bank::_update_palette(int)
 .text._ZN2bn13palettes_bank6updateEv
                0x00000000080087d0      0x124 bn_palettes_manager.o
                0x00000000080087d0                bn::palettes_bank::update()
 .text._ZN2bn13palettes_bankC2Ev
                0x00000000080088f4       0xcc bn_palettes_manager.o
                0x00000000080088f4                bn::palettes_bank::palettes_bank()
                0x00000000080088f4                bn::palettes_bank::palettes_bank()
 .text._ZN2bn16palettes_manager20sprite_palettes_bankEv
                0x00000000080089c0        0x8 bn_palettes_manager.o
                0x00000000080089c0                bn::palettes_manager::sprite_palettes_bank()
 .text._ZN2bn16palettes_manager16bg_palettes_bankEv
                0x00000000080089c8        0x8 bn_palettes_manager.o
                0x00000000080089c8                bn::palettes_manager::bg_palettes_bank()
 .text._ZN2bn16palettes_manager6updateEv
                0x00000000080089d0       0x20 bn_palettes_manager.o
                0x00000000080089d0                bn::palettes_manager::update()
 .text._ZN2bn16palettes_manager6commitEb
                0x00000000080089f0       0xf4 bn_palettes_manager.o
                0x00000000080089f0                bn::palettes_manager::commit(bool)
 .text._ZN2bn16palettes_manager4stopEv
                0x0000000008008ae4       0x20 bn_palettes_manager.o
                0x0000000008008ae4                bn::palettes_manager::stop()
 .text._ZN3_bn6assert9show_argsIA35_cEEvPKcS4_S4_iRKT_
                0x0000000008008b04       0x50 bn_palettes_manager.o
                0x0000000008008b04                void _bn::assert::show_args<char [35]>(char const*, char const*, char const*, int, char const (&) [35])
 .text._ZN2bn13palettes_bank11colors_hashERKNS_4spanIKNS_5colorEEE
                0x0000000008008b54       0x50 bn_palettes_manager.o
                0x0000000008008b54                bn::palettes_bank::colors_hash(bn::span<bn::color const> const&)
 .text._ZN3_bn6assert9show_argsIJA43_ciA36_cA42_cEEEvPKcS6_S6_iDpRKT_
                0x0000000008008ba4       0x68 bn_palettes_manager.o
                0x0000000008008ba4                void _bn::assert::show_args<char [43], int, char [36], char [42]>(char const*, char const*, char const*, int, char const (&) [43], int const&, char const (&) [36], char const (&) [42])
 .text._ZN2bn13palettes_bank12create_bpp_8ERKNS_4spanIKNS_5colorEEENS_16compression_typeEb
                0x0000000008008c0c      0x22c bn_palettes_manager.o
                0x0000000008008c0c                bn::palettes_bank::create_bpp_8(bn::span<bn::color const> const&, bn::compression_type, bool)
 .text._ZNK2bn19sprite_palette_item10decompressENS_4spanINS_5colorEEE
                0x0000000008008e38      0x170 bn_palettes_manager.o
                0x0000000008008e38                bn::sprite_palette_item::decompress(bn::span<bn::color>) const
 .text._ZN2bn13palettes_bank12create_bpp_4ERKNS_4spanIKNS_5colorEEEtb
                0x0000000008008fa8      0x2a0 bn_palettes_manager.o
                0x0000000008008fa8                bn::palettes_bank::create_bpp_4(bn::span<bn::color const> const&, unsigned short, bool)
 .text._ZN2bn12_GLOBAL__N_112_create_implERKNS_19sprite_palette_itemEb
                0x0000000008009248       0x7c bn_palettes_manager.o
 .text._ZNK2bn19sprite_palette_item14create_paletteEv
                0x00000000080092c4       0x48 bn_palettes_manager.o
                0x00000000080092c4                bn::sprite_palette_item::create_palette() const
 .text._ZN2bn14iunordered_mapItsNS_13palettes_bank15identity_hasherENS_8equal_toItEEE5eraseERKNS5_14const_iteratorE.isra.0
                0x000000000800930c      0x174 bn_palettes_manager.o
 .text._ZN2bn13palettes_bank15decrease_usagesEi.part.0
                0x0000000008009480       0xdc bn_palettes_manager.o
 .text._ZN2bn14bg_palette_ptrD2Ev
                0x000000000800955c       0x3c bn_palettes_manager.o
                0x000000000800955c                bn::bg_palette_ptr::~bg_palette_ptr()
                0x000000000800955c                bn::bg_palette_ptr::~bg_palette_ptr()
 .text._ZN2bn18sprite_palette_ptrD2Ev
                0x0000000008009598       0x30 bn_palettes_manager.o
                0x0000000008009598                bn::sprite_palette_ptr::~sprite_palette_ptr()
                0x0000000008009598                bn::sprite_palette_ptr::~sprite_palette_ptr()
 .text._ZN2bn14bg_palette_ptraSERKS0_
                0x00000000080095c8       0x5c bn_palettes_manager.o
                0x00000000080095c8                bn::bg_palette_ptr::operator=(bn::bg_palette_ptr const&)
 .text.startup._GLOBAL__sub_I__ZN2bn11bg_palettes17used_colors_countEv
                0x0000000008009624       0x20 bn_palettes_manager.o
 .text._ZNK2bn21sprite_affine_mat_ptr15horizontal_flipEv
                0x0000000008009644       0x18 bn_sprite_affine_mats_manager.o
                0x0000000008009644                bn::sprite_affine_mat_ptr::horizontal_flip() const
 .text._ZN2bn21sprite_affine_mat_ptr19set_horizontal_flipEb
                0x000000000800965c       0x90 bn_sprite_affine_mats_manager.o
                0x000000000800965c                bn::sprite_affine_mat_ptr::set_horizontal_flip(bool)
 .text._ZNK2bn21sprite_affine_mat_ptr13vertical_flipEv
                0x00000000080096ec       0x18 bn_sprite_affine_mats_manager.o
                0x00000000080096ec                bn::sprite_affine_mat_ptr::vertical_flip() const
 .text._ZN2bn26sprite_affine_mats_manager20retrieve_commit_dataEv
                0x0000000008009704       0x38 bn_sprite_affine_mats_manager.o
                0x0000000008009704                bn::sprite_affine_mats_manager::retrieve_commit_data()
 .text._ZN3_bn6assert9show_argsIA37_cEEvPKcS4_S4_iRKT_
                0x000000000800973c       0x50 bn_sprite_affine_mats_manager.o
                0x000000000800973c                void _bn::assert::show_args<char [37]>(char const*, char const*, char const*, int, char const (&) [37])
 .text._ZN2bn26sprite_affine_mats_manager15decrease_usagesEi.part.0
                0x000000000800978c       0x68 bn_sprite_affine_mats_manager.o
 .text._ZN2bn21sprite_affine_mat_ptrD2Ev
                0x00000000080097f4       0x34 bn_sprite_affine_mats_manager.o
                0x00000000080097f4                bn::sprite_affine_mat_ptr::~sprite_affine_mat_ptr()
                0x00000000080097f4                bn::sprite_affine_mat_ptr::~sprite_affine_mat_ptr()
 .text._ZN2bn26sprite_affine_mats_manager6updateEv
                0x0000000008009828       0xa0 bn_sprite_affine_mats_manager.o
                0x0000000008009828                bn::sprite_affine_mats_manager::update()
 .text._ZN2bn26sprite_affine_mats_manager4initEPv
                0x00000000080098c8       0x6c bn_sprite_affine_mats_manager.o
                0x00000000080098c8                bn::sprite_affine_mats_manager::init(void*)
 .text._ZN2bn26sprite_affine_mats_manager14dettach_spriteEiRNS_24intrusive_list_node_typeE
                0x0000000008009934       0x4c bn_sprite_affine_mats_manager.o
                0x0000000008009934                bn::sprite_affine_mats_manager::dettach_sprite(int, bn::intrusive_list_node_type&)
 .text.startup._GLOBAL__sub_I__ZN2bn18sprite_affine_mats10used_countEv
                0x0000000008009980       0x98 bn_sprite_affine_mats_manager.o
 .text.exit._GLOBAL__sub_D__ZN2bn18sprite_affine_mats10used_countEv
                0x0000000008009a18       0x3c bn_sprite_affine_mats_manager.o
 .text._ZN2bn15sprites_manager12_GLOBAL__N_125_update_indexes_to_commitERKNS_20sprites_manager_itemE
                0x0000000008009a54       0x48 bn_sprites_manager.o
 .text._ZN2bn13ostringstream11append_argsIiJA4_ciEEEvRKT_DpRKT0_.isra.0
                0x0000000008009a9c       0x24 bn_sprites_manager.o
 .text._ZN2bn15sprites_manager12_GLOBAL__N_123_update_item_dimensionsERNS_20sprites_manager_itemE
                0x0000000008009ac0       0xcc bn_sprites_manager.o
 .text._ZN2bn10sprite_ptrC2ERKS0_
                0x0000000008009b8c        0xc bn_sprites_manager.o
                0x0000000008009b8c                bn::sprite_ptr::sprite_ptr(bn::sprite_ptr const&)
                0x0000000008009b8c                bn::sprite_ptr::sprite_ptr(bn::sprite_ptr const&)
 .text._ZNK2bn10sprite_ptr8positionEv
                0x0000000008009b98        0x8 bn_sprites_manager.o
                0x0000000008009b98                bn::sprite_ptr::position() const
 .text._ZN2bn10sprite_ptr12set_positionERKNS_11fixed_pointE
                0x0000000008009ba0       0x74 bn_sprites_manager.o
                0x0000000008009ba0                bn::sprite_ptr::set_position(bn::fixed_point const&)
 .text._ZNK2bn10sprite_ptr15horizontal_flipEv
                0x0000000008009c14       0x20 bn_sprites_manager.o
                0x0000000008009c14                bn::sprite_ptr::horizontal_flip() const
 .text._ZN2bn10sprite_ptr19set_horizontal_flipEb
                0x0000000008009c34       0x40 bn_sprites_manager.o
                0x0000000008009c34                bn::sprite_ptr::set_horizontal_flip(bool)
 .text._ZN2bn15sprites_manager4initEv
                0x0000000008009c74       0x34 bn_sprites_manager.o
                0x0000000008009c74                bn::sprites_manager::init()
 .text._ZN2bn15sprites_manager5hw_idEPv
                0x0000000008009ca8        0x8 bn_sprites_manager.o
                0x0000000008009ca8                bn::sprites_manager::hw_id(void*)
 .text._ZN2bn15sprites_manager5shapeEPv
                0x0000000008009cb0        0x8 bn_sprites_manager.o
                0x0000000008009cb0                bn::sprites_manager::shape(void*)
 .text._ZN2bn15sprites_manager4sizeEPv
                0x0000000008009cb8        0x8 bn_sprites_manager.o
                0x0000000008009cb8                bn::sprites_manager::size(void*)
 .text._ZN2bn15sprites_manager10shape_sizeEPv
                0x0000000008009cc0       0x14 bn_sprites_manager.o
                0x0000000008009cc0                bn::sprites_manager::shape_size(void*)
 .text._ZN2bn15sprites_manager11hw_positionEPv
                0x0000000008009cd4        0x4 bn_sprites_manager.o
                0x0000000008009cd4                bn::sprites_manager::hw_position(void*)
 .text._ZN2bn15sprites_manager9view_modeEPv
                0x0000000008009cd8        0xc bn_sprites_manager.o
                0x0000000008009cd8                bn::sprites_manager::view_mode(void*)
 .text._ZN2bn15sprites_manager10set_cameraEPvONS_10camera_ptrE
                0x0000000008009ce4       0xa4 bn_sprites_manager.o
                0x0000000008009ce4                bn::sprites_manager::set_camera(void*, bn::camera_ptr&&)
 .text._ZN2bn10sprite_ptr10set_cameraERKNS_10camera_ptrE
                0x0000000008009d88       0x24 bn_sprites_manager.o
                0x0000000008009d88                bn::sprite_ptr::set_camera(bn::camera_ptr const&)
 .text._ZN2bn15sprites_manager10affine_matEPv
                0x0000000008009dac        0x4 bn_sprites_manager.o
                0x0000000008009dac                bn::sprites_manager::affine_mat(void*)
 .text._ZN2bn15sprites_manager39fill_hblank_effect_horizontal_positionsEPviPKNS_7fixed_tILi12EEEPt
                0x0000000008009db0       0x44 bn_sprites_manager.o
                0x0000000008009db0                bn::sprites_manager::fill_hblank_effect_horizontal_positions(void*, int, bn::fixed_t<12> const*, unsigned short*)
 .text._ZN2bn15sprites_manager37fill_hblank_effect_vertical_positionsEPviPKNS_7fixed_tILi12EEEPt
                0x0000000008009df4       0x44 bn_sprites_manager.o
                0x0000000008009df4                bn::sprites_manager::fill_hblank_effect_vertical_positions(void*, int, bn::fixed_t<12> const*, unsigned short*)
 .text._ZN2bn15sprites_manager35fill_hblank_effect_first_attributesEiNS_12sprite_shapeENS_8bpp_modeEiPKNS_23sprite_first_attributesEPt
                0x0000000008009e38      0x108 bn_sprites_manager.o
                0x0000000008009e38                bn::sprites_manager::fill_hblank_effect_first_attributes(int, bn::sprite_shape, bn::bpp_mode, int, bn::sprite_first_attributes const*, unsigned short*)
 .text._ZN2bn15sprites_manager44fill_hblank_effect_regular_second_attributesEPviNS_11sprite_sizeEPKNS_32sprite_regular_second_attributesEPt
                0x0000000008009f40       0x60 bn_sprites_manager.o
                0x0000000008009f40                bn::sprites_manager::fill_hblank_effect_regular_second_attributes(void*, int, bn::sprite_size, bn::sprite_regular_second_attributes const*, unsigned short*)
 .text._ZN2bn15sprites_manager43fill_hblank_effect_affine_second_attributesEPviNS_11sprite_sizeEPKNS_31sprite_affine_second_attributesEPt
                0x0000000008009fa0       0x58 bn_sprites_manager.o
                0x0000000008009fa0                bn::sprites_manager::fill_hblank_effect_affine_second_attributes(void*, int, bn::sprite_size, bn::sprite_affine_second_attributes const*, unsigned short*)
 .text._ZN2bn15sprites_manager14update_camerasEv
                0x0000000008009ff8       0x2c bn_sprites_manager.o
                0x0000000008009ff8                bn::sprites_manager::update_cameras()
 .text._ZN2bn15sprites_manager6commitEb
                0x000000000800a024       0xa4 bn_sprites_manager.o
                0x000000000800a024                bn::sprites_manager::commit(bool)
 .text._ZN3_bn6assert9show_argsIA54_cEEvPKcS4_S4_iRKT_
                0x000000000800a0c8       0x50 bn_sprites_manager.o
                0x000000000800a0c8                void _bn::assert::show_args<char [54]>(char const*, char const*, char const*, int, char const (&) [54])
 .text._ZNK2bn17sprite_shape_size11tiles_countENS_8bpp_modeE
                0x000000000800a118      0x150 bn_sprites_manager.o
                0x000000000800a118                bn::sprite_shape_size::tiles_count(bn::bpp_mode) const
 .text._ZN2bn15sprites_manager12_GLOBAL__N_118_remove_affine_matERNS_20sprites_manager_itemE
                0x000000000800a268       0xd4 bn_sprites_manager.o
 .text._ZN2bn15sprites_manager40remove_identity_affine_mat_if_not_neededEPv
                0x000000000800a33c       0x18 bn_sprites_manager.o
                0x000000000800a33c                bn::sprites_manager::remove_identity_affine_mat_if_not_needed(void*)
 .text._ZN2bn15sprites_manager7paletteEPv
                0x000000000800a354       0x34 bn_sprites_manager.o
                0x000000000800a354                bn::sprites_manager::palette(void*)
 .text._ZN2bn15sprites_manager9set_tilesEPvONS_16sprite_tiles_ptrE
                0x000000000800a388      0x120 bn_sprites_manager.o
                0x000000000800a388                bn::sprites_manager::set_tiles(void*, bn::sprite_tiles_ptr&&)
 .text._ZN2bn10sprite_ptr9set_tilesEONS_16sprite_tiles_ptrE
                0x000000000800a4a8       0x10 bn_sprites_manager.o
                0x000000000800a4a8                bn::sprite_ptr::set_tiles(bn::sprite_tiles_ptr&&)
 .text._ZN2bn10sprite_ptr9set_tilesERKNS_17sprite_tiles_itemEi
                0x000000000800a4b8       0x80 bn_sprites_manager.o
                0x000000000800a4b8                bn::sprite_ptr::set_tiles(bn::sprite_tiles_item const&, int)
 .text._ZN2bn15sprites_manager6updateEv
                0x000000000800a538      0x17c bn_sprites_manager.o
                0x000000000800a538                bn::sprites_manager::update()
 .text._ZN3_bn6assert9show_argsIJA27_ciA4_ciEEEvPKcS5_S5_iDpRKT_
                0x000000000800a6b4       0x5c bn_sprites_manager.o
                0x000000000800a6b4                void _bn::assert::show_args<char [27], int, char [4], int>(char const*, char const*, char const*, int, char const (&) [27], int const&, char const (&) [4], int const&)
 .text._ZN2bn15sprites_manager35fill_hblank_effect_third_attributesENS_17sprite_shape_sizeEPKNS_23sprite_third_attributesEPt
                0x000000000800a710       0xb4 bn_sprites_manager.o
                0x000000000800a710                bn::sprites_manager::fill_hblank_effect_third_attributes(bn::sprite_shape_size, bn::sprite_third_attributes const*, unsigned short*)
 .text._ZN2bn14sorted_sprites6sorter6insertERNS_20sprites_manager_itemE
                0x000000000800a7c4      0x170 bn_sprites_manager.o
                0x000000000800a7c4                bn::sorted_sprites::sorter::insert(bn::sprites_manager_item&)
 .text._ZN2bn15sprites_manager6createERKNS_11fixed_pointERKNS_17sprite_shape_sizeEONS_16sprite_tiles_ptrEONS_18sprite_palette_ptrE
                0x000000000800a934      0x1e4 bn_sprites_manager.o
                0x000000000800a934                bn::sprites_manager::create(bn::fixed_point const&, bn::sprite_shape_size const&, bn::sprite_tiles_ptr&&, bn::sprite_palette_ptr&&)
 .text._ZNK2bn11sprite_item13create_spriteENS_7fixed_tILi12EEES2_
                0x000000000800ab18       0x44 bn_sprites_manager.o
                0x000000000800ab18                bn::sprite_item::create_sprite(bn::fixed_t<12>, bn::fixed_t<12>) const
 .text._ZN2bn15sprites_manager15decrease_usagesEPv
                0x000000000800ab5c      0x180 bn_sprites_manager.o
                0x000000000800ab5c                bn::sprites_manager::decrease_usages(void*)
 .text._ZN2bn10sprite_ptrD2Ev
                0x000000000800acdc       0x18 bn_sprites_manager.o
                0x000000000800acdc                bn::sprite_ptr::~sprite_ptr()
                0x000000000800acdc                bn::sprite_ptr::~sprite_ptr()
 .text.startup._GLOBAL__sub_I__ZN2bn7sprites16used_items_countEv
                0x000000000800acf4       0x9c bn_sprites_manager.o
 .text.exit._GLOBAL__sub_D__ZN2bn7sprites16used_items_countEv
                0x000000000800ad90       0x4c bn_sprites_manager.o
 .text._ZN3_bn6assert9show_argsIJA25_ciA4_ctEEEvPKcS5_S5_iDpRKT_
                0x000000000800addc       0x6c bn_sprite_text_generator.o
                0x000000000800addc                void _bn::assert::show_args<char [25], int, char [4], unsigned short>(char const*, char const*, char const*, int, char const (&) [25], int const&, char const (&) [4], unsigned short const&)
 .text._ZNK2bn16sprite_tiles_ptr2idEv
                0x000000000800ae48       0x18 bn_sprite_tiles_manager.o
                0x000000000800ae48                bn::sprite_tiles_ptr::id() const
 .text._ZNK2bn16sprite_tiles_ptr11tiles_countEv
                0x000000000800ae60       0x18 bn_sprite_tiles_manager.o
                0x000000000800ae60                bn::sprite_tiles_ptr::tiles_count() const
 .text._ZN2bn20sprite_tiles_manager10log_statusEv
                0x000000000800ae78      0x1ec bn_sprite_tiles_manager.o
                0x000000000800ae78                bn::sprite_tiles_manager::log_status()
 .text._ZN2bn20sprite_tiles_manager19commit_uncompressedEb
                0x000000000800b064       0xdc bn_sprite_tiles_manager.o
                0x000000000800b064                bn::sprite_tiles_manager::commit_uncompressed(bool)
 .text._ZN2bn20sprite_tiles_manager17commit_compressedEv
                0x000000000800b140       0xe4 bn_sprite_tiles_manager.o
                0x000000000800b140                bn::sprite_tiles_manager::commit_compressed()
 .text._ZN3_bn6assert9show_argsIJA44_cPKN2bn4tileEA4_cS6_EEEvPKcS9_S9_iDpRKT_
                0x000000000800b224       0x6c bn_sprite_tiles_manager.o
                0x000000000800b224                void _bn::assert::show_args<char [44], bn::tile const*, char [4], bn::tile const*>(char const*, char const*, char const*, int, char const (&) [44], bn::tile const* const&, char const (&) [4], bn::tile const* const&)
 .text._ZN3_bn6assert9show_argsIJA46_ciA4_cjEEEvPKcS5_S5_iDpRKT_
                0x000000000800b290       0x6c bn_sprite_tiles_manager.o
                0x000000000800b290                void _bn::assert::show_args<char [46], int, char [4], unsigned int>(char const*, char const*, char const*, int, char const (&) [46], int const&, char const (&) [4], unsigned int const&)
 .text._ZN3_bn6assert9show_argsIJA28_cA15_cPKN2bn4tileEA16_ciA34_cNS4_11string_viewEEEEvPKcSC_SC_iDpRKT_
                0x000000000800b2fc       0x84 bn_sprite_tiles_manager.o
                0x000000000800b2fc                void _bn::assert::show_args<char [28], char [15], bn::tile const*, char [16], int, char [34], bn::string_view>(char const*, char const*, char const*, int, char const (&) [28], char const (&) [15], bn::tile const* const&, char const (&) [16], int const&, char const (&) [34], bn::string_view const&)
 .text._ZN3_bn6assert9show_argsIA53_cEEvPKcS4_S4_iRKT_
                0x000000000800b380       0x50 bn_sprite_tiles_manager.o
                0x000000000800b380                void _bn::assert::show_args<char [53]>(char const*, char const*, char const*, int, char const (&) [53])
 .text._ZN3_bn6assert9show_argsIJA32_cA15_cPKN2bn4tileEA16_ciA34_cNS4_11string_viewEEEEvPKcSC_SC_iDpRKT_
                0x000000000800b3d0       0x84 bn_sprite_tiles_manager.o
                0x000000000800b3d0                void _bn::assert::show_args<char [32], char [15], bn::tile const*, char [16], int, char [34], bn::string_view>(char const*, char const*, char const*, int, char const (&) [32], char const (&) [15], bn::tile const* const&, char const (&) [16], int const&, char const (&) [34], bn::string_view const&)
 .text._ZN2bn20sprite_tiles_manager4initEv
                0x000000000800b454       0xf4 bn_sprite_tiles_manager.o
                0x000000000800b454                bn::sprite_tiles_manager::init()
 .text._ZN2bn20sprite_tiles_manager12_GLOBAL__N_122_insert_to_commit_itemEiRNS1_9item_typeE.part.0
                0x000000000800b548       0x6c bn_sprite_tiles_manager.o
 .text._ZN2bn20sprite_tiles_manager12_GLOBAL__N_117_insert_free_itemEiPt
                0x000000000800b5b4       0xcc bn_sprite_tiles_manager.o
 .text._ZN2bn20sprite_tiles_manager12_GLOBAL__N_116_erase_free_itemEi
                0x000000000800b680       0xe4 bn_sprite_tiles_manager.o
 .text._ZN2bn20sprite_tiles_manager12_GLOBAL__N_121_erase_to_commit_itemEiRNS1_9item_typeE
                0x000000000800b764      0x100 bn_sprite_tiles_manager.o
 .text._ZN2bn20sprite_tiles_manager15decrease_usagesEi
                0x000000000800b864      0x13c bn_sprite_tiles_manager.o
                0x000000000800b864                bn::sprite_tiles_manager::decrease_usages(int)
 .text._ZN2bn16sprite_tiles_ptrD2Ev
                0x000000000800b9a0       0x18 bn_sprite_tiles_manager.o
                0x000000000800b9a0                bn::sprite_tiles_ptr::~sprite_tiles_ptr()
                0x000000000800b9a0                bn::sprite_tiles_ptr::~sprite_tiles_ptr()
 .text._ZN2bn14iunordered_mapIPKNS_4tileEiNS_4hashIS3_EENS_8equal_toIS3_EEE5eraseERKNS8_14const_iteratorE.isra.0
                0x000000000800b9b8      0x17c bn_sprite_tiles_manager.o
 .text._ZN2bn20sprite_tiles_manager12_GLOBAL__N_112_create_itemEiPKNS_4tileENS_16compression_typeEib
                0x000000000800bb34      0x2f0 bn_sprite_tiles_manager.o
 .text._ZN2bn20sprite_tiles_manager6updateEv
                0x000000000800be24      0x238 bn_sprite_tiles_manager.o
                0x000000000800be24                bn::sprite_tiles_manager::update()
 .text._ZN2bn20sprite_tiles_manager12_GLOBAL__N_112_create_implEPKNS_4tileENS_16compression_typeEi
                0x000000000800c05c      0x1f8 bn_sprite_tiles_manager.o
 .text._ZN2bn20sprite_tiles_manager10create_newERKNS_4spanIKNS_4tileEEENS_16compression_typeE
                0x000000000800c254      0x194 bn_sprite_tiles_manager.o
                0x000000000800c254                bn::sprite_tiles_manager::create_new(bn::span<bn::tile const> const&, bn::compression_type)
 .text._ZNK2bn17sprite_tiles_item16create_new_tilesEi
                0x000000000800c3e8       0xe4 bn_sprite_tiles_manager.o
                0x000000000800c3e8                bn::sprite_tiles_item::create_new_tiles(int) const
 .text._ZN2bn20sprite_tiles_manager12_GLOBAL__N_110_find_implEPKNS_4tileENS_16compression_typeEi
                0x000000000800c4cc      0x294 bn_sprite_tiles_manager.o
 .text._ZN2bn20sprite_tiles_manager6createERKNS_4spanIKNS_4tileEEENS_16compression_typeE
                0x000000000800c760      0x144 bn_sprite_tiles_manager.o
                0x000000000800c760                bn::sprite_tiles_manager::create(bn::span<bn::tile const> const&, bn::compression_type)
 .text._ZNK2bn17sprite_tiles_item12create_tilesEv
                0x000000000800c8a4       0x94 bn_sprite_tiles_manager.o
                0x000000000800c8a4                bn::sprite_tiles_item::create_tiles() const
 .text._ZNK2bn17sprite_tiles_item12create_tilesEi
                0x000000000800c938       0xe4 bn_sprite_tiles_manager.o
                0x000000000800c938                bn::sprite_tiles_item::create_tiles(int) const
 .text._ZNK2bn17sprite_tiles_item10find_tilesEi
                0x000000000800ca1c       0xf0 bn_sprite_tiles_manager.o
                0x000000000800ca1c                bn::sprite_tiles_item::find_tiles(int) const
 .text.startup._GLOBAL__sub_I__ZN2bn12sprite_tiles16used_tiles_countEv
                0x000000000800cb0c      0x11c bn_sprite_tiles_manager.o
 .text._ZN2bn13ostringstreamC2ERNS_12istring_baseE
                0x000000000800cc28        0x8 bn_sstream.o
                0x000000000800cc28                bn::ostringstream::ostringstream(bn::istring_base&)
                0x000000000800cc28                bn::ostringstream::ostringstream(bn::istring_base&)
 .text._ZN2bn13ostringstream6appendEPKc
                0x000000000800cc30       0x88 bn_sstream.o
                0x000000000800cc30                bn::ostringstream::append(char const*)
 .text._ZN2bn13ostringstream6appendEi
                0x000000000800ccb8       0x9c bn_sstream.o
                0x000000000800ccb8                bn::ostringstream::append(int)
 .text._ZN2bn13ostringstream6appendERKNS_11string_viewE
                0x000000000800cd54       0x94 bn_sstream.o
                0x000000000800cd54                bn::ostringstream::append(bn::string_view const&)
 .text._ZN2bn13ostringstream6appendEj
                0x000000000800cde8       0x9c bn_sstream.o
                0x000000000800cde8                bn::ostringstream::append(unsigned int)
 .text._ZN2bn13ostringstream6appendEPKv
                0x000000000800ce84       0xe8 bn_sstream.o
                0x000000000800ce84                bn::ostringstream::append(void const*)
 .text._ZN2bn13ostringstream6appendEc
                0x000000000800cf6c       0x44 bn_sstream.o
                0x000000000800cf6c                bn::ostringstream::append(char)
 .text._ZN2bn5timerC2Ev
                0x000000000800cfb0       0x18 bn_timer.o
                0x000000000800cfb0                bn::timer::timer()
                0x000000000800cfb0                bn::timer::timer()
 .text._ZNK2bn5timer13elapsed_ticksEv
                0x000000000800cfc8       0x38 bn_timer.o
                0x000000000800cfc8                bn::timer::elapsed_ticks() const
 .text._ZN2bn5timer7restartEv
                0x000000000800d000       0x18 bn_timer.o
                0x000000000800d000                bn::timer::restart()
 .text._ZN2bn2hw5audio12_GLOBAL__N_124_disabled_vblank_handlerEv
                0x000000000800d018       0x10 bn_hw_audio.bn_noflto.o
 .text._ZN2bn2hw5audio12_GLOBAL__N_17_commitEv
                0x000000000800d028       0x7c bn_hw_audio.bn_noflto.o
 .text._ZN2bn2hw5audio12_GLOBAL__N_123_enabled_vblank_handlerEv
                0x000000000800d0a4       0x24 bn_hw_audio.bn_noflto.o
 .text._ZN2bn2hw5audio4initEv
                0x000000000800d0c8       0x68 bn_hw_audio.bn_noflto.o
                0x000000000800d0c8                bn::hw::audio::init()
 .text._ZN2bn2hw5audio7disableEv
                0x000000000800d130       0x30 bn_hw_audio.bn_noflto.o
                0x000000000800d130                bn::hw::audio::disable()
 .text._ZN2bn2hw5audio13music_playingEv
                0x000000000800d160       0x10 bn_hw_audio.bn_noflto.o
                0x000000000800d160                bn::hw::audio::music_playing()
 .text._ZN2bn2hw5audio10play_musicEiib
                0x000000000800d170       0x2c bn_hw_audio.bn_noflto.o
                0x000000000800d170                bn::hw::audio::play_music(int, int, bool)
 .text._ZN2bn2hw5audio10stop_musicEv
                0x000000000800d19c        0xc bn_hw_audio.bn_noflto.o
                0x000000000800d19c                bn::hw::audio::stop_music()
 .text._ZN2bn2hw5audio11pause_musicEv
                0x000000000800d1a8        0xc bn_hw_audio.bn_noflto.o
                0x000000000800d1a8                bn::hw::audio::pause_music()
 .text._ZN2bn2hw5audio12resume_musicEv
                0x000000000800d1b4        0xc bn_hw_audio.bn_noflto.o
                0x000000000800d1b4                bn::hw::audio::resume_music()
 .text._ZN2bn2hw5audio14music_positionEv
                0x000000000800d1c0        0xc bn_hw_audio.bn_noflto.o
                0x000000000800d1c0                bn::hw::audio::music_position()
 .text._ZN2bn2hw5audio18set_music_positionEi
                0x000000000800d1cc        0xc bn_hw_audio.bn_noflto.o
                0x000000000800d1cc                bn::hw::audio::set_music_position(int)
 .text._ZN2bn2hw5audio16set_music_volumeEi
                0x000000000800d1d8        0xc bn_hw_audio.bn_noflto.o
                0x000000000800d1d8                bn::hw::audio::set_music_volume(int)
 .text._ZN2bn2hw5audio22disable_vblank_handlerEv
                0x000000000800d1e4       0x14 bn_hw_audio.bn_noflto.o
                0x000000000800d1e4                bn::hw::audio::disable_vblank_handler()
 .text._ZN2bn2hw5audio6updateEb
                0x000000000800d1f8       0x18 bn_hw_audio.bn_noflto.o
                0x000000000800d1f8                bn::hw::audio::update(bool)
 .text._ZN2bn2hw5audio6commitEv
                0x000000000800d210       0x20 bn_hw_audio.bn_noflto.o
                0x000000000800d210                bn::hw::audio::commit()
 .text._ZN2bn2hw5audio12_GLOBAL__N_119_add_sound_to_queueEit
                0x000000000800d230       0xa0 bn_hw_audio.bn_noflto.o
 .text._ZN2bn2hw5audio15stop_all_soundsEv
                0x000000000800d2d0       0x6c bn_hw_audio.bn_noflto.o
                0x000000000800d2d0                bn::hw::audio::stop_all_sounds()
 .text._ZN2bn2hw5audio12_GLOBAL__N_119_check_sounds_queueEv.part.0
                0x000000000800d33c       0x9c bn_hw_audio.bn_noflto.o
 .text._ZN2bn2hw5audio10play_soundEiiiii
                0x000000000800d3d8       0x44 bn_hw_audio.bn_noflto.o
                0x000000000800d3d8                bn::hw::audio::play_sound(int, int, int, int, int)
 .text._ZN2bn2hw5audio10play_soundEii
                0x000000000800d41c       0x30 bn_hw_audio.bn_noflto.o
                0x000000000800d41c                bn::hw::audio::play_sound(int, int)
 .text._ZN2bn2hw5audio19update_sounds_queueEv
                0x000000000800d44c       0x94 bn_hw_audio.bn_noflto.o
                0x000000000800d44c                bn::hw::audio::update_sounds_queue()
 .text.startup._GLOBAL__sub_I__ZN2bn2hw5audio4initEv
                0x000000000800d4e0       0x30 bn_hw_audio.bn_noflto.o
 .text.exit._GLOBAL__sub_D__ZN2bn2hw5audio4initEv
                0x000000000800d510       0x74 bn_hw_audio.bn_noflto.o
 .text._ZN3_bn6assert9show_argsIA40_cEEvPKcS4_S4_iRKT_
                0x000000000800d584       0x50 bn_hw_common.bn_noflto.o
                0x000000000800d584                void _bn::assert::show_args<char [40]>(char const*, char const*, char const*, int, char const (&) [40])
 .text.__aeabi_idiv0
                0x000000000800d5d4       0x24 bn_hw_common.bn_noflto.o
                0x000000000800d5d4                __aeabi_idiv0
 .text._ZN2bn2hw8game_pak14_slow_game_pakEv
                0x000000000800d5f8       0x88 bn_hw_game_pak.bn_ewram.o
                0x000000000800d5f8                bn::hw::game_pak::_slow_game_pak()
 .text._ZN2bn2hw8game_pak4initEv
                0x000000000800d680       0x28 bn_hw_game_pak.o
                0x000000000800d680                bn::hw::game_pak::init()
 .text._ZN2bn2hw3irq4initEv
                0x000000000800d6a8        0xc bn_hw_irq.o
                0x000000000800d6a8                bn::hw::irq::init()
 .text._ZN2bn2hw3irq7set_isrENS1_2idEPFvvE
                0x000000000800d6b4       0x10 bn_hw_irq.o
                0x000000000800d6b4                bn::hw::irq::set_isr(bn::hw::irq::id, void (*)())
 .text._ZN2bn2hw3irq6enableENS1_2idE
                0x000000000800d6c4       0x10 bn_hw_irq.o
                0x000000000800d6c4                bn::hw::irq::enable(bn::hw::irq::id)
 .text._ZN2bn2hw3irq7disableENS1_2idE
                0x000000000800d6d4       0x10 bn_hw_irq.o
                0x000000000800d6d4                bn::hw::irq::disable(bn::hw::irq::id)
 .text._ZN2bn2hw4link12_GLOBAL__N_119_resetStateCallbackEv
                0x000000000800d6e4       0x4c bn_hw_link.o
 .text._ZN2bn2hw4link4initEv
                0x000000000800d730       0xc0 bn_hw_link.o
                0x000000000800d730                bn::hw::link::init()
 .text._ZN2bn2hw4link6activeEv
                0x000000000800d7f0       0x10 bn_hw_link.o
                0x000000000800d7f0                bn::hw::link::active()
 .text._ZN2bn2hw4link7disableEv
                0x000000000800d800       0x6c bn_hw_link.o
                0x000000000800d800                bn::hw::link::disable()
 .text._ZN2bn2hw4link6commitEv
                0x000000000800d86c       0x30 bn_hw_link.o
                0x000000000800d86c                bn::hw::link::commit()
 .text._ZN2bn2hw4link11_timer_intrEv
                0x000000000800d89c       0xf8 bn_hw_link.o
                0x000000000800d89c                bn::hw::link::_timer_intr()
 .text._ZN2bn2hw4link12_serial_intrEv
                0x000000000800d994      0x1bc bn_hw_link.o
                0x000000000800d994                bn::hw::link::_serial_intr()
 .text._ZN2bn2hw4link12_GLOBAL__N_117_sendDataCallbackEv
                0x000000000800db50       0xe0 bn_hw_link.o
 .text._ZN2bn2hw4link12_GLOBAL__N_124_receiveResponseCallbackERK12LinkResponse
                0x000000000800dc30      0x158 bn_hw_link.o
 .text.startup._GLOBAL__sub_I__ZN2bn2hw4link4initEv
                0x000000000800dd88       0x68 bn_hw_link.o
 .text._ZN2bn2hw3logERKNS_12istring_baseE
                0x000000000800ddf0       0x58 bn_hw_log.o
                0x000000000800ddf0                bn::hw::log(bn::istring_base const&)
 .text._ZN2bn2hw6memory4initEv
                0x000000000800de48        0x4 bn_hw_memory.o
                0x000000000800de48                bn::hw::memory::init()
 .text._ZN2bn2hw6memory16ewram_heap_startEv
                0x000000000800de4c        0x8 bn_hw_memory.o
                0x000000000800de4c                bn::hw::memory::ewram_heap_start()
 .text._ZN2bn2hw6memory14ewram_heap_endEv
                0x000000000800de54        0x8 bn_hw_memory.o
                0x000000000800de54                bn::hw::memory::ewram_heap_end()
 .text._ZN2bn2hw8palettes12_GLOBAL__N_110lut_effectEPKNS_5colorEPKhiPS3_
                0x000000000800de5c       0x40 bn_hw_palettes.o
 .text._ZN2bn2hw8palettes10brightnessEPKNS_5colorEiiPS2_
                0x000000000800de9c       0x54 bn_hw_palettes.o
                0x000000000800de9c                bn::hw::palettes::brightness(bn::color const*, int, int, bn::color*)
 .text._ZN2bn2hw8palettes8contrastEPKNS_5colorEiiPS2_
                0x000000000800def0       0x18 bn_hw_palettes.o
                0x000000000800def0                bn::hw::palettes::contrast(bn::color const*, int, int, bn::color*)
 .text._ZN2bn2hw8palettes9intensityEPKNS_5colorEiiPS2_
                0x000000000800df08       0x18 bn_hw_palettes.o
                0x000000000800df08                bn::hw::palettes::intensity(bn::color const*, int, int, bn::color*)
 .text._ZN2bn2hw8palettes9hue_shiftEPKNS_5colorEiiPS2_
                0x000000000800df20      0x154 bn_hw_palettes.o
                0x000000000800df20                bn::hw::palettes::hue_shift(bn::color const*, int, int, bn::color*)
 .text._ZN2bn2hw8palettes6rotateEPKNS_5colorEiiPS2_
                0x000000000800e074       0x2c bn_hw_palettes.o
                0x000000000800e074                bn::hw::palettes::rotate(bn::color const*, int, int, bn::color*)
 .text._ZN2bn2hw4show5errorERKNS_11system_fontERKNS_11string_viewES7_S7_iS7_S7_
                0x000000000800e0a0      0x318 bn_hw_show.o
                0x000000000800e0a0                bn::hw::show::error(bn::system_font const&, bn::string_view const&, bn::string_view const&, bn::string_view const&, int, bn::string_view const&, bn::string_view const&)
 .text._ZN2bn2hw4sram4initEv
                0x000000000800e3b8       0x18 bn_hw_sram.o
                0x000000000800e3b8                bn::hw::sram::init()
 .text._ZN2bn11system_fontC2Ev
                0x000000000800e3d0       0x18 bn_hw_system_font.o
                0x000000000800e3d0                bn::system_font::system_font()
                0x000000000800e3d0                bn::system_font::system_font()
 .text._ZNK2bn11system_font8tte_fontEv
                0x000000000800e3e8        0x4 bn_hw_system_font.o
                0x000000000800e3e8                bn::system_font::tte_font() const
 .text._ZN2bn2hw4text5parseEiRNS_5arrayIcLi32EEE
                0x000000000800e3ec       0xbc bn_hw_text.o
                0x000000000800e3ec                bn::hw::text::parse(int, bn::array<char, 32>&)
 .text._ZN2bn2hw4text5parseEjRNS_5arrayIcLi32EEE
                0x000000000800e4a8       0xa0 bn_hw_text.o
                0x000000000800e4a8                bn::hw::text::parse(unsigned int, bn::array<char, 32>&)
 .text._ZN2bn2hw4text5parseEPKvRNS_5arrayIcLi32EEE
                0x000000000800e548       0x30 bn_hw_text.o
                0x000000000800e548                bn::hw::text::parse(void const*, bn::array<char, 32>&)
 .text.clr_grayscale
                0x000000000800e578       0x78 tonc_color.o
                0x000000000800e578                clr_grayscale
 .text.sbmp16_rect
                0x000000000800e5f0       0x64 tonc_sbmp16.o
                0x000000000800e5f0                sbmp16_rect
 .text.bmp16_drawg_b1cts
                0x000000000800e654       0xb0 bmp16_drawg_b1cs.o
                0x000000000800e654                bmp16_drawg_b1cts
 .text.bmp16_erase
                0x000000000800e704       0x24 tte_init_bmp.o
                0x000000000800e704                bmp16_erase
 .text.tte_init_bmp
                0x000000000800e728       0x60 tte_init_bmp.o
                0x000000000800e728                tte_init_bmp
 .text.dummy_drawg
                0x000000000800e788        0x4 tte_main.o
                0x000000000800e788                dummy_drawg
 .text.dummy_erase
                0x000000000800e78c        0x4 tte_main.o
                0x000000000800e78c                dummy_erase
 .text.tte_init_base
                0x000000000800e790       0x68 tte_main.o
                0x000000000800e790                tte_init_base
 .text.utf8_decode_char
                0x000000000800e7f8       0xb4 tte_main.o
                0x000000000800e7f8                utf8_decode_char
 .text.tte_write
                0x000000000800e8ac       0xe8 tte_main.o
                0x000000000800e8ac                tte_write
 .text.tte_get_text_size
                0x000000000800e994       0xa4 tte_main.o
                0x000000000800e994                tte_get_text_size
 .text.tte_set_margins
                0x000000000800ea38       0x18 tte_main.o
                0x000000000800ea38                tte_set_margins
 .text.IRQ_Init
                0x000000000800ea50       0x48 interrupts_gba.o
                0x000000000800ea50                IRQ_Init
 .text.IRQ_SetHandler
                0x000000000800ea98       0x10 interrupts_gba.o
                0x000000000800ea98                IRQ_SetHandler
 .text.IRQ_Enable
                0x000000000800eaa8       0x64 interrupts_gba.o
                0x000000000800eaa8                IRQ_Enable
 .text.IRQ_Disable
                0x000000000800eb0c       0x60 interrupts_gba.o
                0x000000000800eb0c                IRQ_Disable
 .text.channel3_refresh_registers
                0x000000000800eb6c       0xd0 gbt_player.o
 .text.gbt_refresh_pattern_ptr
                0x000000000800ec3c       0x84 gbt_player.o
 .text.gbt_ch1234_nop
                0x000000000800ecc0        0x4 gbt_player.o
 .text.gbt_ch1234_speed
                0x000000000800ecc4       0x10 gbt_player.o
 .text.gbt_ch1234_jump_pattern
                0x000000000800ecd4       0x14 gbt_player.o
 .text.gbt_ch1234_jump_position
                0x000000000800ece8       0x1c gbt_player.o
 .text.gbt_ch1234_event
                0x000000000800ed04       0x24 gbt_player.o
 .text.gbt_ch1_pan
                0x000000000800ed28       0x10 gbt_player.o
 .text.gbt_ch1_cut_note
                0x000000000800ed38       0x10 gbt_player.o
 .text.gbt_ch1_arpeggio
                0x000000000800ed48       0x34 gbt_player.o
 .text.gbt_ch1_vibrato
                0x000000000800ed7c       0x20 gbt_player.o
 .text.gbt_ch1_volslide
                0x000000000800ed9c       0x10 gbt_player.o
 .text.gbt_ch2_pan
                0x000000000800edac       0x10 gbt_player.o
 .text.gbt_ch2_cut_note
                0x000000000800edbc       0x10 gbt_player.o
 .text.gbt_ch2_arpeggio
                0x000000000800edcc       0x34 gbt_player.o
 .text.gbt_ch2_vibrato
                0x000000000800ee00       0x20 gbt_player.o
 .text.gbt_ch2_volslide
                0x000000000800ee20       0x10 gbt_player.o
 .text.gbt_ch3_pan
                0x000000000800ee30       0x10 gbt_player.o
 .text.gbt_ch3_cut_note
                0x000000000800ee40       0x10 gbt_player.o
 .text.gbt_ch3_arpeggio
                0x000000000800ee50       0x34 gbt_player.o
 .text.gbt_ch3_vibrato
                0x000000000800ee84       0x20 gbt_player.o
 .text.gbt_ch4_pan
                0x000000000800eea4       0x14 gbt_player.o
 .text.gbt_ch4_cut_note
                0x000000000800eeb8       0x10 gbt_player.o
 .text.gbt_ch4_volslide
                0x000000000800eec8       0x10 gbt_player.o
 .text.gbt_update_refresh_panning
                0x000000000800eed8       0x50 gbt_player.o
 .text.gbt_run_startup_commands.part.0
                0x000000000800ef28       0xd0 gbt_player.o
 .text.gbt_update_effects_internal
                0x000000000800eff8      0x2cc gbt_player.o
 .text.gbt_play
                0x000000000800f2c4      0x1dc gbt_player.o
                0x000000000800f2c4                gbt_play
 .text.gbt_volume
                0x000000000800f4a0       0x68 gbt_player.o
                0x000000000800f4a0                gbt_volume
 .text.gbt_is_playing
                0x000000000800f508        0xc gbt_player.o
                0x000000000800f508                gbt_is_playing
 .text.gbt_pause
                0x000000000800f514       0x48 gbt_player.o
                0x000000000800f514                gbt_pause
 .text.gbt_loop
                0x000000000800f55c        0xc gbt_player.o
                0x000000000800f55c                gbt_loop
 .text.gbt_stop
                0x000000000800f568       0x24 gbt_player.o
                0x000000000800f568                gbt_stop
 .text.gbt_update
                0x000000000800f58c      0x678 gbt_player.o
                0x000000000800f58c                gbt_update
 .text.gbt_get_position
                0x000000000800fc04       0x4c gbt_player.o
                0x000000000800fc04                gbt_get_position
 .text.gbt_set_position
                0x000000000800fc50       0xe0 gbt_player.o
                0x000000000800fc50                gbt_set_position
 .text          0x000000000800fd30       0x8c tonc_bios.o
                0x000000000800fd30                SoftReset
                0x000000000800fd34                RegisterRamReset