Archive member included to satisfy reference by file (symbol)

/opt/devkitpro/libgba/lib/libmm.a(mm_mas.o)
                              bn_audio_manager.o (mmStart)
/opt/devkitpro/libgba/lib/libmm.a(mm_main.o)
                              /opt/devkitpro/libgba/lib/libmm.a(mm_mas.o) (mmCallback)
/opt/devkitpro/libgba/lib/libmm.a(mm_effect.o)
                              bn_hw_audio.o (mmEffect)
/opt/devkitpro/libgba/lib/libmm.a(mm_mas_arm.o)
                              /opt/devkitpro/libgba/lib/libmm.a(mm_mas.o) (mmAllocChannel)
/opt/devkitpro/libgba/lib/libmm.a(mm_mixer_gba.o)
                              bn_hw_audio.o (mmVBlank)
/opt/devkitpro/libgba/lib/libmm.a(mm_main_gba.o)
                              /opt/devkitpro/libgba/lib/libmm.a(mm_mixer_gba.o) (mm_vblank_function)
/opt/devkitpro/devkitARM/bin/../lib/gcc/arm-none-eabi/12.2.0/thumb/libgcc.a(_call_via_rX.o)
                              /opt/devkitpro/libgba/lib/libmm.a(mm_main_gba.o) (_call_via_r1)
/opt/devkitpro/devkitARM/bin/../lib/gcc/arm-none-eabi/12.2.0/thumb/libgcc.a(_aeabi_ldivmod.o)
                              bn_hw_text.o (__aeabi_ldivmod)
/opt/devkitpro/devkitARM/bin/../lib/gcc/arm-none-eabi/12.2.0/thumb/libgcc.a(_aeabi_uldivmod.o)
                              bn_hw_text.o (__aeabi_uldivmod)
/opt/devkitpro/devkitARM/bin/../lib/gcc/arm-none-eabi/12.2.0/thumb/libgcc.a(_udivmoddi4.o)
                              /opt/devkitpro/devkitARM/bin/../lib/gcc/arm-none-eabi/12.2.0/thumb/libgcc.a(_aeabi_ldivmod.o) (__udivmoddi4)

Discarded input sections

 .text          0x0000000000000000        0x0 /opt/devkitpro/devkitARM/bin/../lib/gcc/arm-none-eabi/12.2.0/../../../../arm-none-eabi/lib/thumb/gba_crt0.o
 .data          0x0000000000000000        0x0 /opt/devkitpro/devkitARM/bin/../lib/gcc/arm-none-eabi/12.2.0/../../../../arm-none-eabi/lib/thumb/gba_crt0.o
 .bss           0x0000000000000000        0x0 /opt/devkitpro/devkitARM/bin/../lib/gcc/arm-none-eabi/12.2.0/../../../../arm-none-eabi/lib/thumb/gba_crt0.o
 .text          0x0000000000000000        0x0 /opt/devkitpro/devkitARM/bin/../lib/gcc/arm-none-eabi/12.2.0/thumb/crti.o
 .data          0x0000000000000000        0x0 /opt/devkitpro/devkitARM/bin/../lib/gcc/arm-none-eabi/12.2.0/thumb/crti.o
 .bss           0x0000000000000000        0x0 /opt/devkitpro/devkitARM/bin/../lib/gcc/arm-none-eabi/12.2.0/thumb/crti.o
 .text          0x0000000000000000        0x0 /opt/devkitpro/devkitARM/bin/../lib/gcc/arm-none-eabi/12.2.0/thumb/crtbegin.o
 .data          0x0000000000000000        0x0 /opt/devkitpro/devkitARM/bin/../lib/gcc/arm-none-eabi/12.2.0/thumb/crtbegin.o
 .bss           0x0000000000000000        0x0 /opt/devkitpro/devkitARM/bin/../lib/gcc/arm-none-eabi/12.2.0/thumb/crtbegin.o
 .rodata.all_implied_fbits
                0x0000000000000000       0x24 /opt/devkitpro/devkitARM/bin/../lib/gcc/arm-none-eabi/12.2.0/thumb/crtbegin.o
 .data.__dso_handle
                0x0000000000000000        0x4 /opt/devkitpro/devkitARM/bin/../lib/gcc/arm-none-eabi/12.2.0/thumb/crtbegin.o
 .text          0x0000000000000000        0x0 _bn_audio_soundbank.bin.o
 .data          0x0000000000000000        0x0 _bn_audio_soundbank.bin.o
 .bss           0x0000000000000000        0x0 _bn_audio_soundbank.bin.o
 .text          0x0000000000000000        0x0 gooch_bn_gfx.o
 .data          0x0000000000000000        0x0 gooch_bn_gfx.o
 .bss           0x0000000000000000        0x0 gooch_bn_gfx.o
 .text          0x0000000000000000        0x0 test_bg_bn_gfx.o
 .data          0x0000000000000000        0x0 test_bg_bn_gfx.o
 .bss           0x0000000000000000        0x0 test_bg_bn_gfx.o
 .text          0x0000000000000000        0x0 test_npc2_bn_gfx.o
 .data          0x0000000000000000        0x0 test_npc2_bn_gfx.o
 .bss           0x0000000000000000        0x0 test_npc2_bn_gfx.o
 .rodata        0x0000000000000000      0x180 test_npc2_bn_gfx.o
 .text          0x0000000000000000        0x0 test_npc_bn_gfx.o
 .data          0x0000000000000000        0x0 test_npc_bn_gfx.o
 .bss           0x0000000000000000        0x0 test_npc_bn_gfx.o
 .rodata        0x0000000000000000      0x280 test_npc_bn_gfx.o
 .text          0x0000000000000000        0x0 common_fixed_8x16_font_bn_gfx.o
 .data          0x0000000000000000        0x0 common_fixed_8x16_font_bn_gfx.o
 .bss           0x0000000000000000        0x0 common_fixed_8x16_font_bn_gfx.o
 .rodata        0x0000000000000000     0x1ba0 common_fixed_8x16_font_bn_gfx.o
 .text          0x0000000000000000        0x0 common_fixed_8x8_font_bn_gfx.o
 .data          0x0000000000000000        0x0 common_fixed_8x8_font_bn_gfx.o
 .bss           0x0000000000000000        0x0 common_fixed_8x8_font_bn_gfx.o
 .rodata        0x0000000000000000      0xde0 common_fixed_8x8_font_bn_gfx.o
 .text          0x0000000000000000        0x0 common_variable_16x16_font_bn_gfx.o
 .data          0x0000000000000000        0x0 common_variable_16x16_font_bn_gfx.o
[...]
Memory Configuration

Name             Origin             Length             Attributes
rom              0x0000000008000000 0x0000000002000000
iwram            0x0000000003000000 0x0000000000008000
ewram            0x0000000002000000 0x0000000000040000
*default*        0x0000000000000000 0xffffffffffffffff

Linker script and memory map

                0x0000000008000000                __text_start = ORIGIN (rom)
                0x0000000002040000                __eheap_end = (ORIGIN (ewram) + LENGTH (ewram))
                0x0000000003000000                __iwram_start = ORIGIN (iwram)
                0x0000000003008000                __iwram_top = (ORIGIN (iwram) + LENGTH (iwram))
                0x0000000003007fa0                __sp_irq = (__iwram_top - 0x60)
                0x0000000003007f00                __sp_usr = (__sp_irq - 0xa0)
                0x0000000003007ff8                __irq_flags = 0x3007ff8
                0x0000000008000000                . = __text_start

.crt0           0x0000000008000000      0x210
 *(.crt0)
 .crt0          0x0000000008000000      0x210 /opt/devkitpro/devkitARM/bin/../lib/gcc/arm-none-eabi/12.2.0/../../../../arm-none-eabi/lib/thumb/gba_crt0.o
                0x0000000008000000                _start
                0x00000000080000c4                __boot_method
                0x00000000080000c5                __slave_number
                0x00000000080000e0                start_vector
                0x0000000008000210                . = ALIGN (0x4)

.init           0x0000000008000210        0xc
 *(SORT_NONE(.init))
 .init          0x0000000008000210        0x4 /opt/devkitpro/devkitARM/bin/../lib/gcc/arm-none-eabi/12.2.0/thumb/crti.o
                0x0000000008000210                _init
 .init          0x0000000008000214        0x8 /opt/devkitpro/devkitARM/bin/../lib/gcc/arm-none-eabi/12.2.0/thumb/crtn.o

.plt            0x000000000800021c        0x0
 *(.plt)
                0x000000000800021c                . = ALIGN (0x4)

.text           0x0000000008000220    0x14da8
 *(EXCLUDE_FILE(*.iwram*) .text*)
 .text.__do_global_dtors_aux
                0x0000000008000220       0x2c /opt/devkitpro/devkitARM/bin/../lib/gcc/arm-none-eabi/12.2.0/thumb/crtbegin.o
 .text.frame_dummy
                0x000000000800024c       0x24 /opt/devkitpro/devkitARM/bin/../lib/gcc/arm-none-eabi/12.2.0/thumb/crtbegin.o
 .text._ZN2gm8CustomBg17GetCollisionTilesEv
                0x0000000008000270       0x14 custombg.o
                0x0000000008000270                gm::CustomBg::GetCollisionTiles()
 .text._ZN3_bn6assert9show_argsIA16_ciEEvPKcS4_S4_iRKT_RKT0_
                0x0000000008000284       0x58 custombg.o
                0x0000000008000284                void _bn::assert::show_args<char [16], int>(char const*, char const*, char const*, int, char const (&) [16], int const&)
 .text._ZN2gm8CustomBg19GetMapCellTileIndexEPKN2bn11fixed_pointE
                0x00000000080002dc       0x78 custombg.o
                0x00000000080002dc                gm::CustomBg::GetMapCellTileIndex(bn::fixed_point const*)
 .text._ZN3_bn6assert9show_argsIA22_cEEvPKcS4_S4_iRKT_
                0x0000000008000354       0x50 custombg.o
                0x0000000008000354                void _bn::assert::show_args<char [22]>(char const*, char const*, char const*, int, char const (&) [22])
 .text._ZN2gm8CustomBgC2EN2bn13affine_bg_ptrENS1_10camera_ptrE
                0x00000000080003a4       0x88 custombg.o
                0x00000000080003a4                gm::CustomBg::CustomBg(bn::affine_bg_ptr, bn::camera_ptr)
                0x00000000080003a4                gm::CustomBg::CustomBg(bn::affine_bg_ptr, bn::camera_ptr)
 .text._ZN2gm6HitboxC2EN2bn11fixed_pointEii
                0x000000000800042c       0x20 hitbox.o
                0x000000000800042c                gm::Hitbox::Hitbox(bn::fixed_point, int, int)
                0x000000000800042c                gm::Hitbox::Hitbox(bn::fixed_point, int, int)
 .text._ZN2gm6Hitbox11SetPositionEN2bn11fixed_pointE
                0x000000000800044c       0x18 hitbox.o
                0x000000000800044c                gm::Hitbox::SetPosition(bn::fixed_point)
 .text._ZN3_bn6assert9show_argsIA16_cEEvPKcS4_S4_iRKT_
                0x0000000008000464       0x50 hitbox.o
                0x0000000008000464                void _bn::assert::show_args<char [16]>(char const*, char const*, char const*, int, char const (&) [16])
 .text._ZN2gm6Hitbox17CheckAdjacentTileEPKN2bn11fixed_pointEPNS_8CustomBgE
                0x00000000080004b4       0x70 hitbox.o
                0x00000000080004b4                gm::Hitbox::CheckAdjacentTile(bn::fixed_point const*, gm::CustomBg*)
 .text.startup.main
                0x0000000008000524      0x100 main.o
                0x0000000008000524                main
 .text._ZN2gm8MapTiles14CollisionTilesEv
                0x0000000008000624       0x34 maptiles.o
                0x0000000008000624                gm::MapTiles::CollisionTiles()
 .text._ZN3_bn6assert9show_argsIA15_cEEvPKcS4_S4_iRKT_
                0x0000000008000658       0x50 maptiles.o
                0x0000000008000658                void _bn::assert::show_args<char [15]>(char const*, char const*, char const*, int, char const (&) [15])
 .text._ZN2gm8MapTilesC2EN2bn4spanIKhEE
                0x00000000080006a8      0x1a4 maptiles.o
                0x00000000080006a8                gm::MapTiles::MapTiles(bn::span<unsigned char const>)
                0x00000000080006a8                gm::MapTiles::MapTiles(bn::span<unsigned char const>)
 .text._ZN2gm3NPCC2EN2bn10sprite_ptrENS1_17sprite_tiles_itemENS1_10camera_ptrE
                0x000000000800084c      0x1d8 npc.o
                0x000000000800084c                gm::NPC::NPC(bn::sprite_ptr, bn::sprite_tiles_item, bn::camera_ptr)
                0x000000000800084c                gm::NPC::NPC(bn::sprite_ptr, bn::sprite_tiles_item, bn::camera_ptr)
 .text._ZN2bnlsERNS_13ostringstreamEN2gm5StateE
                0x0000000008000a24       0x84 player.o
                0x0000000008000a24                bn::operator<<(bn::ostringstream&, gm::State)
 .text._ZN2bnlsERNS_13ostringstreamEN2gm9DirectionE
                0x0000000008000aa8       0x7c player.o
                0x0000000008000aa8                bn::operator<<(bn::ostringstream&, gm::Direction)
 .text._ZN2gm6PlayerC2EPNS_12StateMachineEN2bn10sprite_ptrENS3_17sprite_tiles_itemENS3_10camera_ptrEPNS_6HitboxEPNS_8CustomBgE
                0x0000000008000b24      0x154 player.o
                0x0000000008000b24                gm::Player::Player(gm::StateMachine*, bn::sprite_ptr, bn::sprite_tiles_item, bn::camera_ptr, gm::Hitbox*, gm::CustomBg*)
                0x0000000008000b24                gm::Player::Player(gm::StateMachine*, bn::sprite_ptr, bn::sprite_tiles_item, bn::camera_ptr, gm::Hitbox*, gm::CustomBg*)
 .text._ZN2gm6Player14UpdatePositionEN2bn11fixed_pointE
                0x0000000008000c78       0x6c player.o
                0x0000000008000c78                gm::Player::UpdatePosition(bn::fixed_point)
 .text._ZN2gm6Player13HandleRunningENS_9DirectionEN2bn11fixed_pointE
                0x0000000008000ce4       0x60 player.o
                0x0000000008000ce4                gm::Player::HandleRunning(gm::Direction, bn::fixed_point)
 .text._ZN2gm6Player13HandleWalkingENS_9DirectionEN2bn11fixed_pointE
                0x0000000008000d44       0x60 player.o
                0x0000000008000d44                gm::Player::HandleWalking(gm::Direction, bn::fixed_point)
 .text._ZN2gm6Player10TurnSpriteENS_9DirectionE
                0x0000000008000da4       0xb0 player.o
                0x0000000008000da4                gm::Player::TurnSprite(gm::Direction)
 .text._ZN2gm6Player13HandleTurningENS_9DirectionE
                0x0000000008000e54       0x38 player.o
                0x0000000008000e54                gm::Player::HandleTurning(gm::Direction)
 .text._ZN2gm6Player15CheckForTurningEv
                0x0000000008000e8c      0x130 player.o
                0x0000000008000e8c                gm::Player::CheckForTurning()
 .text._ZN2gm6Player15GetRunAnimationENS_9DirectionE
                0x0000000008000fbc      0x644 player.o
                0x0000000008000fbc                gm::Player::GetRunAnimation(gm::Direction)
 .text._ZN2gm6Player16GetWalkAnimationENS_9DirectionE
                0x0000000008001600      0x5cc player.o
                0x0000000008001600                gm::Player::GetWalkAnimation(gm::Direction)
 .text._ZN2gm6Player11ResetSpriteENS_9DirectionE
                0x0000000008001bcc       0xb0 player.o
                0x0000000008001bcc                gm::Player::ResetSprite(gm::Direction)
 .text._ZN2gm6Player14CheckCollisionENS_9DirectionE
                0x0000000008001c7c       0xbc player.o
                0x0000000008001c7c                gm::Player::CheckCollision(gm::Direction)
 .text._ZN2gm6Player15CheckForRunningEv
                0x0000000008001d38      0x12c player.o
                0x0000000008001d38                gm::Player::CheckForRunning()
 .text._ZN2gm6Player15CheckForWalkingEv
                0x0000000008001e64      0x15c player.o
                0x0000000008001e64                gm::Player::CheckForWalking()
 .text._ZN2gm6Player16HandleStationaryEv
                0x0000000008001fc0       0x58 player.o
                0x0000000008001fc0                gm::Player::HandleStationary()
 .text._ZN2gm6Player14check_movementEv
                0x0000000008002018       0xcc player.o
                0x0000000008002018                gm::Player::check_movement()
 .text._ZN2gm12StateMachineC2Ev
                0x00000000080020e4       0x10 state.o
                0x00000000080020e4                gm::StateMachine::StateMachine()
                0x00000000080020e4                gm::StateMachine::StateMachine()
 .text._ZNK2gm12StateMachine14GetPlayerStateEv
                0x00000000080020f4        0x4 state.o
                0x00000000080020f4                gm::StateMachine::GetPlayerState() const
 .text._ZN2gm12StateMachine14SetPlayerStateENS_5StateE
                0x00000000080020f8        0x4 state.o
                0x00000000080020f8                gm::StateMachine::SetPlayerState(gm::State)
 .text._ZNK2gm12StateMachine18GetPlayerDirectionEv
                0x00000000080020fc        0x4 state.o
                0x00000000080020fc                gm::StateMachine::GetPlayerDirection() const
 .text._ZN2gm12StateMachine18SetPlayerDirectionENS_9DirectionE
                0x0000000008002100        0x4 state.o
                0x0000000008002100                gm::StateMachine::SetPlayerDirection(gm::Direction)
 .text._ZN3_bn6assert9show_argsIA15_ciEEvPKcS4_S4_iRKT_RKT0_
                0x0000000008002104       0x58 common_stats.o
                0x0000000008002104                void _bn::assert::show_args<char [15], int>(char const*, char const*, char const*, int, char const (&) [15], int const&)
 .text._ZN2bn13ostringstream6appendILi12EEEvNS_7fixed_tIXT_EEE
                0x000000000800215c       0xa0 common_stats.o
                0x000000000800215c                void bn::ostringstream::append<12>(bn::fixed_t<12>)
 .text._ZN2bn13ostringstream11append_argsIiJA4_ciEEEvRKT_DpRKT0_.isra.0
                0x00000000080021fc       0x24 bn_affine_bg_animate_actions.o
 .text._ZN3_bn6assert9show_argsIJA16_ciA4_ciEEEvPKcS5_S5_iDpRKT_
                0x0000000008002220       0x5c bn_affine_bg_animate_actions.o
                0x0000000008002220                void _bn::assert::show_args<char [16], int, char [4], int>(char const*, char const*, char const*, int, char const (&) [16], int const&, char const (&) [4], int const&)
 .text._ZN3_bn6assert9show_argsIJA23_ciA4_ciEEEvPKcS5_S5_iDpRKT_
                0x000000000800227c       0x5c bn_affine_bg_animate_actions.o
                0x000000000800227c                void _bn::assert::show_args<char [23], int, char [4], int>(char const*, char const*, char const*, int, char const (&) [23], int const&, char const (&) [4], int const&)
 .text._ZN3_bn6assert9show_argsIA23_ciEEvPKcS4_S4_iRKT_RKT0_
                0x00000000080022d8       0x58 bn_affine_bg_animate_actions.o
                0x00000000080022d8                void _bn::assert::show_args<char [23], int>(char const*, char const*, char const*, int, char const (&) [23], int const&)
 .text._ZN3_bn6assert9show_argsIA24_ciEEvPKcS4_S4_iRKT_RKT0_
                0x0000000008002330       0x58 bn_affine_bg_animate_actions.o
                0x0000000008002330                void _bn::assert::show_args<char [24], int>(char const*, char const*, char const*, int, char const (&) [24], int const&)
 .text._ZN3_bn6assert9show_argsIJA19_ciA4_ciEEEvPKcS5_S5_iDpRKT_
                0x0000000008002388       0x5c bn_affine_bg_animate_actions.o
                0x0000000008002388                void _bn::assert::show_args<char [19], int, char [4], int>(char const*, char const*, char const*, int, char const (&) [19], int const&, char const (&) [4], int const&)
 .text._ZN2bn13audio_manager4initEv
                0x00000000080023e4        0xc bn_audio_manager.o
                0x00000000080023e4                bn::audio_manager::init()
 .text._ZN2bn13audio_manager7disableEv
                0x00000000080023f0        0xc bn_audio_manager.o
                0x00000000080023f0                bn::audio_manager::disable()
 .text._ZN2bn13audio_manager22disable_vblank_handlerEv
                0x00000000080023fc        0xc bn_audio_manager.o
                0x00000000080023fc                bn::audio_manager::disable_vblank_handler()
 .text._ZN2bn13audio_manager6updateEv
                0x0000000008002408       0x18 bn_audio_manager.o
                0x0000000008002408                bn::audio_manager::update()
 .text._ZN2bn13audio_manager6commitEv
                0x0000000008002420        0xc bn_audio_manager.o
                0x0000000008002420                bn::audio_manager::commit()
 .text._ZN3_bn6assert9show_argsIA18_ciEEvPKcS4_S4_iRKT_RKT0_
                0x000000000800242c       0x58 bn_audio_manager.o
                0x000000000800242c                void _bn::assert::show_args<char [18], int>(char const*, char const*, char const*, int, char const (&) [18], int const&)
 .text._ZN3_bn6assert9show_argsIA14_ciEEvPKcS4_S4_iRKT_RKT0_
                0x0000000008002484       0x58 bn_audio_manager.o
                0x0000000008002484                void _bn::assert::show_args<char [14], int>(char const*, char const*, char const*, int, char const (&) [14], int const&)
 .text._ZN2bn13audio_manager16execute_commandsEv
                0x00000000080024dc      0x274 bn_audio_manager.o
                0x00000000080024dc                bn::audio_manager::execute_commands()
 .text._ZN3_bn6assert9show_argsIA26_ciEEvPKcS4_S4_iRKT_RKT0_
                0x0000000008002750       0x58 bn_audio_manager.o
                0x0000000008002750                void _bn::assert::show_args<char [26], int>(char const*, char const*, char const*, int, char const (&) [26], int const&)
 .text._ZN3_bn6assert9show_argsIA33_cEEvPKcS4_S4_iRKT_
                0x00000000080027a8       0x50 bn_audio_manager.o
                0x00000000080027a8                void _bn::assert::show_args<char [33]>(char const*, char const*, char const*, int, char const (&) [33])
 .text._ZN3_bn6assert9show_argsIA25_cEEvPKcS4_S4_iRKT_
                0x00000000080027f8       0x50 bn_audio_manager.o
                0x00000000080027f8                void _bn::assert::show_args<char [25]>(char const*, char const*, char const*, int, char const (&) [25])
 .text._ZN2bn13audio_manager10stop_musicEv
                0x0000000008002848       0x70 bn_audio_manager.o
                0x0000000008002848                bn::audio_manager::stop_music()
 .text._ZN2bn13audio_manager4stopEv
                0x00000000080028b8       0x60 bn_audio_manager.o
                0x00000000080028b8                bn::audio_manager::stop()
 .text._ZN3_bn6assert9show_argsIA24_cEEvPKcS4_S4_iRKT_
                0x0000000008002918       0x50 bn_audio_manager.o
                0x0000000008002918                void _bn::assert::show_args<char [24]>(char const*, char const*, char const*, int, char const (&) [24])
 .text.startup._GLOBAL__sub_I__ZN2bn5audio16update_on_vblankEv
                0x0000000008002968       0x40 bn_audio_manager.o
 .text._ZN3_bn6assert9show_argsIA23_cEEvPKcS4_S4_iRKT_
                0x00000000080029a8       0x50 bn_best_fit_allocator.o
                0x00000000080029a8                void _bn::assert::show_args<char [23]>(char const*, char const*, char const*, int, char const (&) [23])
 .text._ZN2bn18best_fit_allocatorD2Ev
                0x00000000080029f8       0x34 bn_best_fit_allocator.o
                0x00000000080029f8                bn::best_fit_allocator::~best_fit_allocator()
                0x00000000080029f8                bn::best_fit_allocator::~best_fit_allocator()
 .text._ZN2bn18best_fit_allocator5allocEi
                0x0000000008002a2c      0x160 bn_best_fit_allocator.o
                0x0000000008002a2c                bn::best_fit_allocator::alloc(int)
 .text._ZN3_bn6assert9show_argsIA14_cEEvPKcS4_S4_iRKT_
                0x0000000008002b8c       0x50 bn_best_fit_allocator.o
                0x0000000008002b8c                void _bn::assert::show_args<char [14]>(char const*, char const*, char const*, int, char const (&) [14])
 .text._ZN3_bn6assert9show_argsIA21_cEEvPKcS4_S4_iRKT_
                0x0000000008002bdc       0x50 bn_best_fit_allocator.o
                0x0000000008002bdc                void _bn::assert::show_args<char [21]>(char const*, char const*, char const*, int, char const (&) [21])
 .text._ZN2bn18best_fit_allocator5resetEPvi
                0x0000000008002c2c       0xc4 bn_best_fit_allocator.o
                0x0000000008002c2c                bn::best_fit_allocator::reset(void*, int)
 .text._ZN2bn17bg_blocks_manager12_GLOBAL__N_117_hw_commit_offsetEPKtjtPt
                0x0000000008002cf0       0x90 bn_bg_blocks_manager.o
 .text._ZN2bn13ostringstream11append_argsIiJA4_ctEEEvRKT_DpRKT0_.isra.0
                0x0000000008002d80       0x24 bn_bg_blocks_manager.o
 .text._ZN2bn13ostringstream11append_argsIiJA4_ciEEEvRKT_DpRKT0_.isra.0
                0x0000000008002da4       0x24 bn_bg_blocks_manager.o
 .text._ZN2bn17bg_blocks_manager12_GLOBAL__N_124_affine_map_blocks_countEii
                0x0000000008002dc8       0x40 bn_bg_blocks_manager.o
 .text._ZNK2bn18regular_bg_map_ptr2idEv
                0x0000000008002e08       0x18 bn_bg_blocks_manager.o
                0x0000000008002e08                bn::regular_bg_map_ptr::id() const
 .text._ZNK2bn18regular_bg_map_ptr10dimensionsEv
                0x0000000008002e20       0x20 bn_bg_blocks_manager.o
                0x0000000008002e20                bn::regular_bg_map_ptr::dimensions() const
 .text._ZNK2bn20regular_bg_tiles_ptr3cbbEv
                0x0000000008002e40       0x18 bn_bg_blocks_manager.o
                0x0000000008002e40                bn::regular_bg_tiles_ptr::cbb() const
 .text._ZNK2bn17affine_bg_map_ptr2idEv
                0x0000000008002e58       0x18 bn_bg_blocks_manager.o
                0x0000000008002e58                bn::affine_bg_map_ptr::id() const
 .text._ZNK2bn17affine_bg_map_ptr10dimensionsEv
                0x0000000008002e70       0x20 bn_bg_blocks_manager.o
                0x0000000008002e70                bn::affine_bg_map_ptr::dimensions() const
 .text._ZNK2bn19affine_bg_tiles_ptr3cbbEv
                0x0000000008002e90       0x18 bn_bg_blocks_manager.o
                0x0000000008002e90                bn::affine_bg_tiles_ptr::cbb() const
 .text._ZN2bn17bg_blocks_manager10log_statusEv
                0x0000000008002ea8      0x3f8 bn_bg_blocks_manager.o
                0x0000000008002ea8                bn::bg_blocks_manager::log_status()
 .text._ZN2bn17bg_blocks_manager15decrease_usagesEi
                0x00000000080032a0       0x98 bn_bg_blocks_manager.o
                0x00000000080032a0                bn::bg_blocks_manager::decrease_usages(int)
 .text._ZN2bn18regular_bg_map_ptrD2Ev
                0x0000000008003338       0x18 bn_bg_blocks_manager.o
                0x0000000008003338                bn::regular_bg_map_ptr::~regular_bg_map_ptr()
                0x0000000008003338                bn::regular_bg_map_ptr::~regular_bg_map_ptr()
 .text._ZN2bn17affine_bg_map_ptrD2Ev
                0x0000000008003350       0x18 bn_bg_blocks_manager.o
                0x0000000008003350                bn::affine_bg_map_ptr::~affine_bg_map_ptr()
                0x0000000008003350                bn::affine_bg_map_ptr::~affine_bg_map_ptr()
 .text._ZN2bn17bg_blocks_manager12_GLOBAL__N_110items_list12insert_afterEiRKNS1_9item_typeE.constprop.0
                0x0000000008003368      0x240 bn_bg_blocks_manager.o
 .text._ZN2bn17bg_blocks_manager4initEv
                0x00000000080035a8       0x7c bn_bg_blocks_manager.o
                0x00000000080035a8                bn::bg_blocks_manager::init()
 .text._ZN2bn17bg_blocks_manager11must_commitEi
                0x0000000008003624       0x18 bn_bg_blocks_manager.o
                0x0000000008003624                bn::bg_blocks_manager::must_commit(int)
 .text._ZN3_bn6assert9show_argsIA52_ctEEvPKcS4_S4_iRKT_RKT0_
                0x000000000800363c       0x58 bn_bg_blocks_manager.o
                0x000000000800363c                void _bn::assert::show_args<char [52], unsigned short>(char const*, char const*, char const*, int, char const (&) [52], unsigned short const&)
 .text._ZN3_bn6assert9show_argsIJA20_ciA4_ctEEEvPKcS5_S5_iDpRKT_
                0x0000000008003694       0x5c bn_bg_blocks_manager.o
                0x0000000008003694                void _bn::assert::show_args<char [20], int, char [4], unsigned short>(char const*, char const*, char const*, int, char const (&) [20], int const&, char const (&) [4], unsigned short const&)
 .text._ZN3_bn6assert9show_argsIJA22_ciA4_ciEEEvPKcS5_S5_iDpRKT_
                0x00000000080036f0       0x5c bn_bg_blocks_manager.o
                0x00000000080036f0                void _bn::assert::show_args<char [22], int, char [4], int>(char const*, char const*, char const*, int, char const (&) [22], int const&, char const (&) [4], int const&)
 .text._ZN3_bn6assert9show_argsIJA58_ciA4_ciEEEvPKcS5_S5_iDpRKT_
                0x000000000800374c       0x5c bn_bg_blocks_manager.o
                0x000000000800374c                void _bn::assert::show_args<char [58], int, char [4], int>(char const*, char const*, char const*, int, char const (&) [58], int const&, char const (&) [4], int const&)
 .text._ZN3_bn6assert9show_argsIA27_ciEEvPKcS4_S4_iRKT_RKT0_
                0x00000000080037a8       0x58 bn_bg_blocks_manager.o
                0x00000000080037a8                void _bn::assert::show_args<char [27], int>(char const*, char const*, char const*, int, char const (&) [27], int const&)
 .text._ZN2bn17bg_blocks_manager12_GLOBAL__N_110_hw_commitEPKtNS_16compression_typeEiPt
                0x0000000008003800       0x50 bn_bg_blocks_manager.o
 .text._ZN3_bn6assert9show_argsIA22_ciEEvPKcS4_S4_iRKT_RKT0_
                0x0000000008003850       0x58 bn_bg_blocks_manager.o
                0x0000000008003850                void _bn::assert::show_args<char [22], int>(char const*, char const*, char const*, int, char const (&) [22], int const&)
 .text._ZN3_bn6assert9show_argsIJA44_cPKtA4_cS4_EEEvPKcS7_S7_iDpRKT_
                0x00000000080038a8       0x6c bn_bg_blocks_manager.o
                0x00000000080038a8                void _bn::assert::show_args<char [44], unsigned short const*, char [4], unsigned short const*>(char const*, char const*, char const*, int, char const (&) [44], unsigned short const* const&, char const (&) [4], unsigned short const* const&)
 .text._ZN3_bn6assert9show_argsIJA46_ciA4_ciEEEvPKcS5_S5_iDpRKT_
                0x0000000008003914       0x5c bn_bg_blocks_manager.o
                0x0000000008003914                void _bn::assert::show_args<char [46], int, char [4], int>(char const*, char const*, char const*, int, char const (&) [46], int const&, char const (&) [4], int const&)
 .text._ZN3_bn6assert9show_argsIJA37_cbA4_cbEEEvPKcS5_S5_iDpRKT_
                0x0000000008003970       0x84 bn_bg_blocks_manager.o
                0x0000000008003970                void _bn::assert::show_args<char [37], bool, char [4], bool>(char const*, char const*, char const*, int, char const (&) [37], bool const&, char const (&) [4], bool const&)
 .text._ZN3_bn6assert9show_argsIA19_cEEvPKcS4_S4_iRKT_
                0x00000000080039f4       0x50 bn_bg_blocks_manager.o
                0x00000000080039f4                void _bn::assert::show_args<char [19]>(char const*, char const*, char const*, int, char const (&) [19])
 .text._ZN2bn17bg_blocks_manager12_GLOBAL__N_116_find_tiles_implEPKtNS_16compression_typeEib
                0x0000000008003a44      0x1dc bn_bg_blocks_manager.o
 .text._ZN3_bn6assert9show_argsIJA34_ciA4_ctEEEvPKcS5_S5_iDpRKT_
                0x0000000008003c20       0x5c bn_bg_blocks_manager.o
                0x0000000008003c20                void _bn::assert::show_args<char [34], int, char [4], unsigned short>(char const*, char const*, char const*, int, char const (&) [34], int const&, char const (&) [4], unsigned short const&)
 .text._ZN3_bn6assert9show_argsIJA36_ciA4_ctEEEvPKcS5_S5_iDpRKT_
                0x0000000008003c7c       0x5c bn_bg_blocks_manager.o
                0x0000000008003c7c                void _bn::assert::show_args<char [36], int, char [4], unsigned short>(char const*, char const*, char const*, int, char const (&) [36], int const&, char const (&) [4], unsigned short const&)
 .text._ZN3_bn6assert9show_argsIJA54_ciA4_ciEEEvPKcS5_S5_iDpRKT_
                0x0000000008003cd8       0x5c bn_bg_blocks_manager.o
                0x0000000008003cd8                void _bn::assert::show_args<char [54], int, char [4], int>(char const*, char const*, char const*, int, char const (&) [54], int const&, char const (&) [4], int const&)
 .text._ZNK2bn18regular_bg_map_ptr5tilesEv
                0x0000000008003d34       0x48 bn_bg_blocks_manager.o
                0x0000000008003d34                bn::regular_bg_map_ptr::tiles() const
 .text._ZNK2bn17affine_bg_map_ptr5tilesEv
                0x0000000008003d7c       0x48 bn_bg_blocks_manager.o
                0x0000000008003d7c                bn::affine_bg_map_ptr::tiles() const
 .text._ZNK2bn18regular_bg_map_ptr3bppEv
                0x0000000008003dc4       0x4c bn_bg_blocks_manager.o
                0x0000000008003dc4                bn::regular_bg_map_ptr::bpp() const
 .text._ZN2bn17bg_blocks_manager21update_affine_map_rowEiii
                0x0000000008003e10       0xd0 bn_bg_blocks_manager.o
                0x0000000008003e10                bn::bg_blocks_manager::update_affine_map_row(int, int, int)
 .text._ZN2bn17bg_blocks_manager23set_affine_map_positionEiii
                0x0000000008003ee0      0x15c bn_bg_blocks_manager.o
                0x0000000008003ee0                bn::bg_blocks_manager::set_affine_map_position(int, int, int)
 .text._ZN2bn17bg_blocks_manager20set_affine_map_tilesEiONS_19affine_bg_tiles_ptrE
                0x000000000800403c      0x144 bn_bg_blocks_manager.o
                0x000000000800403c                bn::bg_blocks_manager::set_affine_map_tiles(int, bn::affine_bg_tiles_ptr&&)
 .text._ZN2bn17bg_blocks_manager21update_affine_map_colEiii
                0x0000000008004180      0x224 bn_bg_blocks_manager.o
                0x0000000008004180                bn::bg_blocks_manager::update_affine_map_col(int, int, int)
 .text._ZN2bn17bg_blocks_manager22update_regular_map_rowEiii
                0x00000000080043a4      0x110 bn_bg_blocks_manager.o
                0x00000000080043a4                bn::bg_blocks_manager::update_regular_map_row(int, int, int)
 .text._ZN2bn17bg_blocks_manager22update_regular_map_colEiii
                0x00000000080044b4      0x174 bn_bg_blocks_manager.o
                0x00000000080044b4                bn::bg_blocks_manager::update_regular_map_col(int, int, int)
 .text._ZN2bn17bg_blocks_manager24set_regular_map_positionEiii
                0x0000000008004628      0x180 bn_bg_blocks_manager.o
                0x0000000008004628                bn::bg_blocks_manager::set_regular_map_position(int, int, int)
 .text._ZN2bn17bg_blocks_manager12_GLOBAL__N_112_commit_itemERKNS1_9item_typeE
                0x00000000080047a8      0x1a8 bn_bg_blocks_manager.o
 .text._ZN2bn17bg_blocks_manager6commitEv
                0x0000000008004950       0x40 bn_bg_blocks_manager.o
                0x0000000008004950                bn::bg_blocks_manager::commit()
 .text._ZN3_bn6assert9show_argsIJA34_ciA4_ciEEEvPKcS5_S5_iDpRKT_
                0x0000000008004990       0x5c bn_bg_blocks_manager.o
                0x0000000008004990                void _bn::assert::show_args<char [34], int, char [4], int>(char const*, char const*, char const*, int, char const (&) [34], int const&, char const (&) [4], int const&)
 .text._ZN3_bn6assert9show_argsIJA38_ciA4_ciEEEvPKcS5_S5_iDpRKT_
                0x00000000080049ec       0x5c bn_bg_blocks_manager.o
                0x00000000080049ec                void _bn::assert::show_args<char [38], int, char [4], int>(char const*, char const*, char const*, int, char const (&) [38], int const&, char const (&) [4], int const&)
 .text._ZN3_bn6assert9show_argsIJA31_cA15_cPKtA16_ciA17_ciA34_cN2bn11string_viewEEEEvPKcSC_SC_iDpRKT_
                0x0000000008004a48       0x94 bn_bg_blocks_manager.o
                0x0000000008004a48                void _bn::assert::show_args<char [31], char [15], unsigned short const*, char [16], int, char [17], int, char [34], bn::string_view>(char const*, char const*, char const*, int, char const (&) [31], char const (&) [15], unsigned short const* const&, char const (&) [16], int const&, char const (&) [17], int const&, char const (&) [34], bn::string_view const&)
 .text._ZN3_bn6assert9show_argsIA26_cEEvPKcS4_S4_iRKT_
                0x0000000008004adc       0x50 bn_bg_blocks_manager.o
                0x0000000008004adc                void _bn::assert::show_args<char [26]>(char const*, char const*, char const*, int, char const (&) [26])
 .text._ZN3_bn6assert9show_argsIA31_cEEvPKcS4_S4_iRKT_
                0x0000000008004b2c       0x50 bn_bg_blocks_manager.o
                0x0000000008004b2c                void _bn::assert::show_args<char [31]>(char const*, char const*, char const*, int, char const (&) [31])
 .text._ZN2bn17bg_blocks_manager22set_affine_map_paletteEiONS_14bg_palette_ptrE
                0x0000000008004b7c       0x9c bn_bg_blocks_manager.o
                0x0000000008004b7c                bn::bg_blocks_manager::set_affine_map_palette(int, bn::bg_palette_ptr&&)
 .text._ZN2bn17bg_blocks_manager12_GLOBAL__N_121_find_affine_map_implERKNS_18affine_bg_map_itemEPKhRKNS_19affine_bg_tiles_ptrERKNS_14bg_palette_ptrE
                0x0000000008004c18      0x2ec bn_bg_blocks_manager.o
 .text._ZN3_bn6assert9show_argsIA45_cEEvPKcS4_S4_iRKT_
                0x0000000008004f04       0x50 bn_bg_blocks_manager.o
                0x0000000008004f04                void _bn::assert::show_args<char [45]>(char const*, char const*, char const*, int, char const (&) [45])
 .text._ZN3_bn6assert9show_argsIJA29_cA13_cPKhA14_ciA15_ciA17_ciA34_cN2bn11string_viewEEEEvPKcSD_SD_iDpRKT_
                0x0000000008004f54       0xa8 bn_bg_blocks_manager.o
                0x0000000008004f54                void _bn::assert::show_args<char [29], char [13], unsigned char const*, char [14], int, char [15], int, char [17], int, char [34], bn::string_view>(char const*, char const*, char const*, int, char const (&) [29], char const (&) [13], unsigned char const* const&, char const (&) [14], int const&, char const (&) [15], int const&, char const (&) [17], int const&, char const (&) [34], bn::string_view const&)
 .text._ZN3_bn6assert9show_argsIA17_cEEvPKcS4_S4_iRKT_
                0x0000000008004ffc       0x50 bn_bg_blocks_manager.o
                0x0000000008004ffc                void _bn::assert::show_args<char [17]>(char const*, char const*, char const*, int, char const (&) [17])
 .text._ZN3_bn6assert9show_argsIA39_ciEEvPKcS4_S4_iRKT_RKT0_
                0x000000000800504c       0x58 bn_bg_blocks_manager.o
                0x000000000800504c                void _bn::assert::show_args<char [39], int>(char const*, char const*, char const*, int, char const (&) [39], int const&)
 .text._ZN2bn17bg_blocks_manager20affine_map_cells_refEi
                0x00000000080050a4       0x3c bn_bg_blocks_manager.o
                0x00000000080050a4                bn::bg_blocks_manager::affine_map_cells_ref(int)
 .text._ZNK2bn17affine_bg_map_ptr9cells_refEv
                0x00000000080050e0       0x18 bn_bg_blocks_manager.o
                0x00000000080050e0                bn::affine_bg_map_ptr::cells_ref() const
 .text._ZN3_bn6assert9show_argsIA25_ciEEvPKcS4_S4_iRKT_RKT0_
                0x00000000080050f8       0x58 bn_bg_blocks_manager.o
                0x00000000080050f8                void _bn::assert::show_args<char [25], int>(char const*, char const*, char const*, int, char const (&) [25], int const&)
 .text._ZN2bn14iunordered_mapIPKviNS_17bg_blocks_manager12_GLOBAL__N_115identity_hasherENS_8equal_toIS2_EEE5eraseERKNS8_14const_iteratorE.constprop.0.isra.0
                0x0000000008005150      0x1a4 bn_bg_blocks_manager.o
 .text._ZN2bn17bg_blocks_manager12_GLOBAL__N_121_remove_adjacent_itemEiRNS1_9item_typeE
                0x00000000080052f4       0xcc bn_bg_blocks_manager.o
 .text._ZN2bn17bg_blocks_manager6updateEv
                0x00000000080053c0      0x204 bn_bg_blocks_manager.o
                0x00000000080053c0                bn::bg_blocks_manager::update()
 .text._ZN2bn17bg_blocks_manager12_GLOBAL__N_112_create_itemEiibONS1_11create_dataE
                0x00000000080055c4      0x530 bn_bg_blocks_manager.o
 .text._ZN2bn17bg_blocks_manager12_GLOBAL__N_112_create_implEONS1_11create_dataE
                0x0000000008005af4      0x1d0 bn_bg_blocks_manager.o
 .text._ZN2bn17bg_blocks_manager19create_affine_tilesERKNS_20affine_bg_tiles_itemEb
                0x0000000008005cc4      0x128 bn_bg_blocks_manager.o
                0x0000000008005cc4                bn::bg_blocks_manager::create_affine_tiles(bn::affine_bg_tiles_item const&, bool)
 .text._ZN2bn17bg_blocks_manager17create_affine_mapERKNS_18affine_bg_map_itemEPKhONS_19affine_bg_tiles_ptrEONS_14bg_palette_ptrEb
                0x0000000008005dec      0x214 bn_bg_blocks_manager.o
                0x0000000008005dec                bn::bg_blocks_manager::create_affine_map(bn::affine_bg_map_item const&, unsigned char const*, bn::affine_bg_tiles_ptr&&, bn::bg_palette_ptr&&, bool)
 .text._ZN2bn17affine_bg_map_ptr6createERKNS_14affine_bg_itemEi
                0x0000000008006000       0xc8 bn_bg_blocks_manager.o
                0x0000000008006000                bn::affine_bg_map_ptr::create(bn::affine_bg_item const&, int)
 .text.startup._GLOBAL__sub_I__ZN2bn7bg_maps16used_cells_countEv
                0x00000000080060c8       0x98 bn_bg_blocks_manager.o
 .text.exit._GLOBAL__sub_D__ZN2bn7bg_maps16used_cells_countEv
                0x0000000008006160       0x50 bn_bg_blocks_manager.o
 .text._ZN2bn11bgs_manager12_GLOBAL__N_128_check_unique_affine_big_mapERNS1_9item_typeE
                0x00000000080061b0       0x68 bn_bgs_manager.o
 .text._ZN2bn11bgs_manager12_GLOBAL__N_133_update_item_hw_affine_attributesERKNS1_9item_typeE
                0x0000000008006218       0x48 bn_bgs_manager.o
 .text._ZN2bn13ostringstream11append_argsIiJA4_ciEEEvRKT_DpRKT0_.isra.0
                0x0000000008006260       0x24 bn_bgs_manager.o
 .text._ZN2bn13affine_bg_ptrC2ERKS0_
                0x0000000008006284        0xc bn_bgs_manager.o
                0x0000000008006284                bn::affine_bg_ptr::affine_bg_ptr(bn::affine_bg_ptr const&)
                0x0000000008006284                bn::affine_bg_ptr::affine_bg_ptr(bn::affine_bg_ptr const&)
 .text._ZN2bn11bgs_manager5hw_idEPv
                0x0000000008006290        0x8 bn_bgs_manager.o
                0x0000000008006290                bn::bgs_manager::hw_id(void*)
 .text._ZN2bn11bgs_manager11hw_positionEPv
                0x0000000008006298        0x4 bn_bgs_manager.o
                0x0000000008006298                bn::bgs_manager::hw_position(void*)
 .text._ZN2bn11bgs_manager14mat_attributesEPv
                0x000000000800629c        0x4 bn_bgs_manager.o
                0x000000000800629c                bn::bgs_manager::mat_attributes(void*)
 .text._ZN2bn11bgs_manager20update_windows_flagsEPj
                0x00000000080062a0       0x7c bn_bgs_manager.o
                0x00000000080062a0                bn::bgs_manager::update_windows_flags(unsigned int*)
 .text._ZN2bn11bgs_manager27update_affine_map_tiles_cbbEii
                0x000000000800631c       0xa8 bn_bgs_manager.o
                0x000000000800631c                bn::bgs_manager::update_affine_map_tiles_cbb(int, int)
 .text._ZN2bn11bgs_manager36fill_hblank_effect_regular_positionsEiPKNS_7fixed_tILi12EEEPt
                0x00000000080063c4       0x38 bn_bgs_manager.o
                0x00000000080063c4                bn::bgs_manager::fill_hblank_effect_regular_positions(int, bn::fixed_t<12> const*, unsigned short*)
 .text._ZN2bn11bgs_manager45fill_hblank_effect_pivot_horizontal_positionsEPvPKNS_7fixed_tILi12EEEPj
                0x00000000080063fc       0x24 bn_bgs_manager.o
                0x00000000080063fc                bn::bgs_manager::fill_hblank_effect_pivot_horizontal_positions(void*, bn::fixed_t<12> const*, unsigned int*)
 .text._ZN2bn11bgs_manager43fill_hblank_effect_pivot_vertical_positionsEPvPKNS_7fixed_tILi12EEEPj
                0x0000000008006420       0x24 bn_bgs_manager.o
                0x0000000008006420                bn::bgs_manager::fill_hblank_effect_pivot_vertical_positions(void*, bn::fixed_t<12> const*, unsigned int*)
 .text._ZN2bn11bgs_manager6commitEb
                0x0000000008006444       0x58 bn_bgs_manager.o
                0x0000000008006444                bn::bgs_manager::commit(bool)
 .text._ZN2bn11bgs_manager4stopEv
                0x000000000800649c       0x28 bn_bgs_manager.o
                0x000000000800649c                bn::bgs_manager::stop()
 .text._ZN3_bn6assert9show_argsIA17_ciEEvPKcS4_S4_iRKT_RKT0_
                0x00000000080064c4       0x58 bn_bgs_manager.o
                0x00000000080064c4                void _bn::assert::show_args<char [17], int>(char const*, char const*, char const*, int, char const (&) [17], int const&)
 .text._ZNK2bn13affine_bg_ptr10dimensionsEv
                0x000000000800651c       0x64 bn_bgs_manager.o
                0x000000000800651c                bn::affine_bg_ptr::dimensions() const
 .text._ZN3_bn6assert9show_argsIA30_cEEvPKcS4_S4_iRKT_
                0x0000000008006580       0x50 bn_bgs_manager.o
                0x0000000008006580                void _bn::assert::show_args<char [30]>(char const*, char const*, char const*, int, char const (&) [30])
 .text._ZN3_bn6assert9show_argsIJA60_ciA4_ciEEEvPKcS5_S5_iDpRKT_
                0x00000000080065d0       0x5c bn_bgs_manager.o
                0x00000000080065d0                void _bn::assert::show_args<char [60], int, char [4], int>(char const*, char const*, char const*, int, char const (&) [60], int const&, char const (&) [4], int const&)
 .text._ZN3_bn6assert9show_argsIJA59_ciA4_ciEEEvPKcS5_S5_iDpRKT_
                0x000000000800662c       0x5c bn_bgs_manager.o
                0x000000000800662c                void _bn::assert::show_args<char [59], int, char [4], int>(char const*, char const*, char const*, int, char const (&) [59], int const&, char const (&) [4], int const&)
 .text._ZN2bn11bgs_manager12_GLOBAL__N_19item_type18update_affine_hw_xEv
                0x0000000008006688       0x84 bn_bgs_manager.o
 .text._ZN3_bn6assert9show_argsIJA57_ciA4_ciEEEvPKcS5_S5_iDpRKT_
                0x000000000800670c       0x5c bn_bgs_manager.o
                0x000000000800670c                void _bn::assert::show_args<char [57], int, char [4], int>(char const*, char const*, char const*, int, char const (&) [57], int const&, char const (&) [4], int const&)
 .text._ZN2bn11bgs_manager12_GLOBAL__N_19item_type18update_affine_hw_yEv
                0x0000000008006768       0x84 bn_bgs_manager.o
 .text._ZN2bn11bgs_manager10set_cameraEPvONS_10camera_ptrE
                0x00000000080067ec      0x21c bn_bgs_manager.o
                0x00000000080067ec                bn::bgs_manager::set_camera(void*, bn::camera_ptr&&)
 .text._ZN2bn13affine_bg_ptr10set_cameraERKNS_10camera_ptrE
                0x0000000008006a08       0x24 bn_bgs_manager.o
                0x0000000008006a08                bn::affine_bg_ptr::set_camera(bn::camera_ptr const&)
 .text._ZN2bn11bgs_manager14update_camerasEv
                0x0000000008006a2c      0x2b4 bn_bgs_manager.o
                0x0000000008006a2c                bn::bgs_manager::update_cameras()
 .text._ZN3_bn6assert9show_argsIA27_cEEvPKcS4_S4_iRKT_
                0x0000000008006ce0       0x50 bn_bgs_manager.o
                0x0000000008006ce0                void _bn::assert::show_args<char [27]>(char const*, char const*, char const*, int, char const (&) [27])
 .text._ZN2bn11bgs_manager15rebuild_handlesEv.part.0
                0x0000000008006d30      0x198 bn_bgs_manager.o
 .text._ZN3_bn6assert9show_argsIA16_cN2bn7fixed_tILi12EEEEEvPKcS7_S7_iRKT_RKT0_
                0x0000000008006ec8       0x58 bn_bgs_manager.o
                0x0000000008006ec8                void _bn::assert::show_args<char [16], bn::fixed_t<12> >(char const*, char const*, char const*, int, char const (&) [16], bn::fixed_t<12> const&)
 .text._ZN2bn17affine_bg_builder11release_mapEv
                0x0000000008006f20       0x80 bn_bgs_manager.o
                0x0000000008006f20                bn::affine_bg_builder::release_map()
 .text._ZN2bn11bgs_manager37fill_hblank_effect_regular_attributesEPvPKNS_21regular_bg_attributesEPt
                0x0000000008006fa0      0x100 bn_bgs_manager.o
                0x0000000008006fa0                bn::bgs_manager::fill_hblank_effect_regular_attributes(void*, bn::regular_bg_attributes const*, unsigned short*)
 .text._ZN2bn11bgs_manager6updateEv
                0x00000000080070a0      0x1d0 bn_bgs_manager.o
                0x00000000080070a0                bn::bgs_manager::update()
 .text._ZN2bn11bgs_manager15commit_big_mapsEv
                0x0000000008007270      0x1d4 bn_bgs_manager.o
                0x0000000008007270                bn::bgs_manager::commit_big_maps()
 .text._ZN2bn11bgs_manager36fill_hblank_effect_affine_attributesEPvPKNS_20affine_bg_attributesEPt
                0x0000000008007444      0x104 bn_bgs_manager.o
                0x0000000008007444                bn::bgs_manager::fill_hblank_effect_affine_attributes(void*, bn::affine_bg_attributes const*, unsigned short*)
 .text._ZN2bn11bgs_manager12_GLOBAL__N_19item_type17update_affine_mapEb
                0x0000000008007548      0x25c bn_bgs_manager.o
 .text._ZN2bn11bgs_manager12_GLOBAL__N_19item_typeC2EONS_17affine_bg_builderEONS_17affine_bg_map_ptrE.isra.0
                0x00000000080077a4      0x208 bn_bgs_manager.o
 .text._ZN2bn11bgs_manager10affine_mapEPv
                0x00000000080079ac       0x34 bn_bgs_manager.o
                0x00000000080079ac                bn::bgs_manager::affine_map(void*)
 .text._ZN2bn11bgs_manager11regular_mapEPv
                0x00000000080079e0       0x34 bn_bgs_manager.o
                0x00000000080079e0                bn::bgs_manager::regular_map(void*)
 .text._ZNK2bn13affine_bg_ptr3mapEv
                0x0000000008007a14       0x38 bn_bgs_manager.o
                0x0000000008007a14                bn::affine_bg_ptr::map() const
 .text._ZN2bn11bgs_manager12_GLOBAL__N_112_insert_itemERNS1_9item_typeE
                0x0000000008007a4c      0x100 bn_bgs_manager.o
 .text._ZN3_bn6assert9show_argsIA13_cEEvPKcS4_S4_iRKT_
                0x0000000008007b4c       0x50 bn_bgs_manager.o
                0x0000000008007b4c                void _bn::assert::show_args<char [13]>(char const*, char const*, char const*, int, char const (&) [13])
 .text._ZN2bn11bgs_manager6createEONS_17affine_bg_builderE
                0x0000000008007b9c       0xcc bn_bgs_manager.o
                0x0000000008007b9c                bn::bgs_manager::create(bn::affine_bg_builder&&)
 .text._ZNK2bn14affine_bg_item9create_bgENS_7fixed_tILi12EEES2_
                0x0000000008007c68       0xac bn_bgs_manager.o
                0x0000000008007c68                bn::affine_bg_item::create_bg(bn::fixed_t<12>, bn::fixed_t<12>) const
 .text._ZN2bn5eraseIPNS_11bgs_manager12_GLOBAL__N_19item_typeEEENS_7ivectorIT_E9size_typeERS7_RKS6_.constprop.0.isra.0
                0x0000000008007d14      0x150 bn_bgs_manager.o
 .text._ZN2bn11bgs_manager15decrease_usagesEPv
                0x0000000008007e64       0xa8 bn_bgs_manager.o
                0x0000000008007e64                bn::bgs_manager::decrease_usages(void*)
 .text._ZN2bn13affine_bg_ptrD2Ev
                0x0000000008007f0c       0x18 bn_bgs_manager.o
                0x0000000008007f0c                bn::affine_bg_ptr::~affine_bg_ptr()
                0x0000000008007f0c                bn::affine_bg_ptr::~affine_bg_ptr()
 .text.startup._GLOBAL__sub_I__ZN2bn3bgs16used_items_countEv
                0x0000000008007f24       0x80 bn_bgs_manager.o
 .text.exit._GLOBAL__sub_D__ZN2bn3bgs16used_items_countEv
                0x0000000008007fa4       0x14 bn_bgs_manager.o
 .text._ZN2bn10camera_ptrC2ERKS0_
                0x0000000008007fb8       0x20 bn_cameras_manager.o
                0x0000000008007fb8                bn::camera_ptr::camera_ptr(bn::camera_ptr const&)
                0x0000000008007fb8                bn::camera_ptr::camera_ptr(bn::camera_ptr const&)
 .text._ZN2bn10camera_ptrD2Ev
                0x0000000008007fd8       0x38 bn_cameras_manager.o
                0x0000000008007fd8                bn::camera_ptr::~camera_ptr()
                0x0000000008007fd8                bn::camera_ptr::~camera_ptr()
 .text._ZNK2bn10camera_ptr8positionEv
                0x0000000008008010       0x14 bn_cameras_manager.o
                0x0000000008008010                bn::camera_ptr::position() const
 .text._ZN2bn10camera_ptr12set_positionERKNS_11fixed_pointE
                0x0000000008008024       0x40 bn_cameras_manager.o
                0x0000000008008024                bn::camera_ptr::set_position(bn::fixed_point const&)
 .text._ZN2bn15cameras_manager4initEv
                0x0000000008008064       0x10 bn_cameras_manager.o
                0x0000000008008064                bn::cameras_manager::init()
 .text._ZN2bn15cameras_manager6updateEv
                0x0000000008008074       0x28 bn_cameras_manager.o
                0x0000000008008074                bn::cameras_manager::update()
 .text._ZN2bn10camera_ptr6createENS_7fixed_tILi12EEES2_
                0x000000000800809c       0x54 bn_cameras_manager.o
                0x000000000800809c                bn::camera_ptr::create(bn::fixed_t<12>, bn::fixed_t<12>)
 .text._ZN2bn4core12_GLOBAL__N_14stopEb.constprop.0
                0x00000000080080f0       0x54 bn_core.o
 .text._ZN2bn4core12_GLOBAL__N_111update_implEv
                0x0000000008008144       0xd8 bn_core.o
 .text._ZN2bn11string_viewC2EPKc
                0x000000000800821c       0x1c bn_core.o
                0x000000000800821c                bn::string_view::string_view(char const*)
                0x000000000800821c                bn::string_view::string_view(char const*)
 .text._ZN2bn4core6updateEv
                0x0000000008008238       0x68 bn_core.o
                0x0000000008008238                bn::core::update()
 .text._ZN2bn4core4initERKNS_11string_viewE
                0x00000000080082a0       0x94 bn_core.o
                0x00000000080082a0                bn::core::init(bn::string_view const&)
 .text._ZN2bn4core4initEv
                0x0000000008008334       0x18 bn_core.o
                0x0000000008008334                bn::core::init()
 .text._ZN2bn4core9on_vblankEv
                0x000000000800834c       0x2c bn_core.o
                0x000000000800834c                bn::core::on_vblank()
 .text._ZN3_bn6assert4showEPKcS2_S2_iRKN2bn12istring_baseE
                0x0000000008008378       0x80 bn_core.o
                0x0000000008008378                _bn::assert::show(char const*, char const*, char const*, int, bn::istring_base const&)
 .text.startup._GLOBAL__sub_I__ZN2bn4core4initEv
                0x00000000080083f8       0x44 bn_core.o
 .text._ZN2bn15display_manager12_GLOBAL__N_134_update_rect_windows_hw_boundariesEi
                0x000000000800843c       0x84 bn_display_manager.o
 .text._ZN2bn15display_manager4initEv
                0x00000000080084c0       0x40 bn_display_manager.o
                0x00000000080084c0                bn::display_manager::init()
 .text._ZN2bn15display_manager8set_modeEi
                0x0000000008008500       0x1c bn_display_manager.o
                0x0000000008008500                bn::display_manager::set_mode(int)
 .text._ZN2bn15display_manager14set_bg_enabledEib
                0x000000000800851c       0x1c bn_display_manager.o
                0x000000000800851c                bn::display_manager::set_bg_enabled(int, bool)
 .text._ZN2bn15display_manager15disable_all_bgsEv
                0x0000000008008538       0x18 bn_display_manager.o
                0x0000000008008538                bn::display_manager::disable_all_bgs()
 .text._ZN2bn15display_manager36fill_mosaic_hblank_effect_attributesEPKNS_17mosaic_attributesEPt
                0x0000000008008550       0xb4 bn_display_manager.o
                0x0000000008008550                bn::display_manager::fill_mosaic_hblank_effect_attributes(bn::mosaic_attributes const*, unsigned short*)
 .text._ZN2bn15display_manager23set_blending_bg_enabledEib
                0x0000000008008604       0x1c bn_display_manager.o
                0x0000000008008604                bn::display_manager::set_blending_bg_enabled(int, bool)
 .text._ZN2bn15display_manager32blending_transparency_top_weightEv
                0x0000000008008620       0x18 bn_display_manager.o
                0x0000000008008620                bn::display_manager::blending_transparency_top_weight()
 .text._ZN2bn15display_manager35blending_transparency_bottom_weightEv
                0x0000000008008638       0x28 bn_display_manager.o
                0x0000000008008638                bn::display_manager::blending_transparency_bottom_weight()
 .text._ZN2bn15display_manager51fill_blending_transparency_hblank_effect_attributesEPKNS_32blending_transparency_attributesEPt
                0x0000000008008660       0x30 bn_display_manager.o
                0x0000000008008660                bn::display_manager::fill_blending_transparency_hblank_effect_attributes(bn::blending_transparency_attributes const*, unsigned short*)
 .text._ZN2bn15display_manager21blending_fade_enabledEv
                0x0000000008008690        0xc bn_display_manager.o
                0x0000000008008690                bn::display_manager::blending_fade_enabled()
 .text._ZN2bn15display_manager39fill_blending_fade_hblank_effect_alphasEPKNS_19blending_fade_alphaEPt
                0x000000000800869c       0x24 bn_display_manager.o
                0x000000000800869c                bn::display_manager::fill_blending_fade_hblank_effect_alphas(bn::blending_fade_alpha const*, unsigned short*)
 .text._ZN2bn15display_manager26update_windows_visible_bgsEv
                0x00000000080086c0       0x14 bn_display_manager.o
                0x00000000080086c0                bn::display_manager::update_windows_visible_bgs()
 .text._ZN2bn15display_manager36rect_window_hw_horizontal_boundariesEi
                0x00000000080086d4       0x14 bn_display_manager.o
                0x00000000080086d4                bn::display_manager::rect_window_hw_horizontal_boundaries(int)
 .text._ZN2bn15display_manager34rect_window_hw_vertical_boundariesEi
                0x00000000080086e8       0x14 bn_display_manager.o
                0x00000000080086e8                bn::display_manager::rect_window_hw_vertical_boundaries(int)
 .text._ZN2bn15display_manager52fill_rect_window_hblank_effect_horizontal_boundariesERKNS_4pairIiiEEPKNS1_INS_7fixed_tILi12EEES6_EEPt
                0x00000000080086fc      0x13c bn_display_manager.o
                0x00000000080086fc                bn::display_manager::fill_rect_window_hblank_effect_horizontal_boundaries(bn::pair<int, int> const&, bn::pair<bn::fixed_t<12>, bn::fixed_t<12> > const*, unsigned short*)
 .text._ZN2bn15display_manager50fill_rect_window_hblank_effect_vertical_boundariesERKNS_4pairIiiEEPKNS1_INS_7fixed_tILi12EEES6_EEPt
                0x0000000008008838      0x13c bn_display_manager.o
                0x0000000008008838                bn::display_manager::fill_rect_window_hblank_effect_vertical_boundaries(bn::pair<int, int> const&, bn::pair<bn::fixed_t<12>, bn::fixed_t<12> > const*, unsigned short*)
 .text._ZN2bn15display_manager36fill_green_swap_hblank_effect_statesEPKbPt
                0x0000000008008974       0x38 bn_display_manager.o
                0x0000000008008974                bn::display_manager::fill_green_swap_hblank_effect_states(bool const*, unsigned short*)
 .text._ZN2bn15display_manager14update_camerasEv
                0x00000000080089ac       0x40 bn_display_manager.o
                0x00000000080089ac                bn::display_manager::update_cameras()
 .text._ZN2bn15display_manager6updateEv
                0x00000000080089ec      0x214 bn_display_manager.o
                0x00000000080089ec                bn::display_manager::update()
 .text._ZN2bn15display_manager6commitEv
                0x0000000008008c00      0x130 bn_display_manager.o
                0x0000000008008c00                bn::display_manager::commit()
 .text._ZN2bn15display_manager4stopEv
                0x0000000008008d30       0x2c bn_display_manager.o
                0x0000000008008d30                bn::display_manager::stop()
 .text._ZN3_bn6assert9show_argsIA66_cEEvPKcS4_S4_iRKT_
                0x0000000008008d5c       0x50 bn_display_manager.o
                0x0000000008008d5c                void _bn::assert::show_args<char [66]>(char const*, char const*, char const*, int, char const (&) [66])
 .text.startup._GLOBAL__sub_I__ZNK2bn6window7show_bgERKNS_14regular_bg_ptrE
                0x0000000008008dac       0x74 bn_display_manager.o
 .text.exit._GLOBAL__sub_D__ZNK2bn6window7show_bgERKNS_14regular_bg_ptrE
                0x0000000008008e20       0x38 bn_display_manager.o
 .text._ZN2bn18igeneric_pool_baseC2EPci
                0x0000000008008e58       0x10 bn_generic_pool.o
                0x0000000008008e58                bn::igeneric_pool_base::igeneric_pool_base(char*, int)
                0x0000000008008e58                bn::igeneric_pool_base::igeneric_pool_base(char*, int)
 .text._ZN2bn18igeneric_pool_base5_freeEPc
                0x0000000008008e68       0x10 bn_generic_pool.o
                0x0000000008008e68                bn::igeneric_pool_base::_free(char*)
 .text._ZN3_bn6assert9show_argsIA18_cEEvPKcS4_S4_iRKT_
                0x0000000008008e78       0x50 bn_generic_pool.o
                0x0000000008008e78                void _bn::assert::show_args<char [18]>(char const*, char const*, char const*, int, char const (&) [18])
 .text._ZN2bn18igeneric_pool_baseD2Ev
                0x0000000008008ec8       0x30 bn_generic_pool.o
                0x0000000008008ec8                bn::igeneric_pool_base::~igeneric_pool_base()
                0x0000000008008ec8                bn::igeneric_pool_base::~igeneric_pool_base()
 .text._ZN2bn18igeneric_pool_base9_allocateEv
                0x0000000008008ef8       0x48 bn_generic_pool.o
                0x0000000008008ef8                bn::igeneric_pool_base::_allocate()
 .text._ZN2bn12gpio_manager6commitEv
                0x0000000008008f40       0x48 bn_gpio_manager.o
                0x0000000008008f40                bn::gpio_manager::commit()
 .text._ZN2bn12gpio_manager4stopEv
                0x0000000008008f88       0x3c bn_gpio_manager.o
                0x0000000008008f88                bn::gpio_manager::stop()
 .text._ZN2bn22hblank_effects_manager12_GLOBAL__N_19item_type18_output_values_ptrEv
                0x0000000008008fc4       0x40 bn_hblank_effects_manager.o
 .text._ZN2bn22hblank_effects_manager7disableEv
                0x0000000008009004       0x24 bn_hblank_effects_manager.o
                0x0000000008009004                bn::hblank_effects_manager::disable()
 .text._ZN2bn22hblank_effects_manager6commitEv
                0x0000000008009028       0x74 bn_hblank_effects_manager.o
                0x0000000008009028                bn::hblank_effects_manager::commit()
 .text._ZN2bn22hblank_effects_manager12_GLOBAL__N_110_is_uint32ENS0_12handler_typeE
                0x000000000800909c       0x64 bn_hblank_effects_manager.o
 .text._ZN2bn22hblank_effects_manager12_GLOBAL__N_19item_type12check_updateEv
                0x0000000008009100     0x16a0 bn_hblank_effects_manager.o
 .text._ZN2bn22hblank_effects_manager6updateEv
                0x000000000800a7a0      0x1ec bn_hblank_effects_manager.o
                0x000000000800a7a0                bn::hblank_effects_manager::update()
 .text._ZN2bn22hblank_effects_manager4initEv
                0x000000000800a98c       0xd4 bn_hblank_effects_manager.o
                0x000000000800a98c                bn::hblank_effects_manager::init()
 .text.startup._GLOBAL__sub_I__ZN2bn4hbes10used_countEv
                0x000000000800aa60       0xe8 bn_hblank_effects_manager.o
 .text._ZN2bn12hdma_manager7disableEv
                0x000000000800ab48       0x30 bn_hdma_manager.o
                0x000000000800ab48                bn::hdma_manager::disable()
 .text._ZN2bn12hdma_manager10force_stopEv
                0x000000000800ab78       0x3c bn_hdma_manager.o
                0x000000000800ab78                bn::hdma_manager::force_stop()
 .text._ZN2bn12hdma_manager6updateEv
                0x000000000800abb4       0x6c bn_hdma_manager.o
                0x000000000800abb4                bn::hdma_manager::update()
 .text._ZN2bn12hdma_manager6commitEb
                0x000000000800ac20      0x118 bn_hdma_manager.o
                0x000000000800ac20                bn::hdma_manager::commit(bool)
 .text.startup._GLOBAL__sub_I__ZN2bn4hdma7runningEv
                0x000000000800ad38       0x34 bn_hdma_manager.o
 .text._ZN2bn6keypad6b_heldEv
                0x000000000800ad6c       0x10 bn_keypad_manager.o
                0x000000000800ad6c                bn::keypad::b_held()
 .text._ZN2bn6keypad10right_heldEv
                0x000000000800ad7c       0x10 bn_keypad_manager.o
                0x000000000800ad7c                bn::keypad::right_held()
 .text._ZN2bn6keypad13right_pressedEv
                0x000000000800ad8c       0x10 bn_keypad_manager.o
                0x000000000800ad8c                bn::keypad::right_pressed()
 .text._ZN2bn6keypad9left_heldEv
                0x000000000800ad9c       0x10 bn_keypad_manager.o
                0x000000000800ad9c                bn::keypad::left_held()
 .text._ZN2bn6keypad12left_pressedEv
                0x000000000800adac       0x10 bn_keypad_manager.o
                0x000000000800adac                bn::keypad::left_pressed()
 .text._ZN2bn6keypad7up_heldEv
                0x000000000800adbc       0x10 bn_keypad_manager.o
                0x000000000800adbc                bn::keypad::up_held()
 .text._ZN2bn6keypad10up_pressedEv
                0x000000000800adcc       0x10 bn_keypad_manager.o
                0x000000000800adcc                bn::keypad::up_pressed()
 .text._ZN2bn6keypad9down_heldEv
                0x000000000800addc       0x10 bn_keypad_manager.o
                0x000000000800addc                bn::keypad::down_held()
 .text._ZN2bn6keypad12down_pressedEv
                0x000000000800adec       0x10 bn_keypad_manager.o
                0x000000000800adec                bn::keypad::down_pressed()
 .text._ZN2bn14keypad_manager4stopEv
                0x000000000800adfc        0x4 bn_keypad_manager.o
                0x000000000800adfc                bn::keypad_manager::stop()
 .text._ZN2bn14keypad_manager6updateEv
                0x000000000800ae00       0xa8 bn_keypad_manager.o
                0x000000000800ae00                bn::keypad_manager::update()
 .text._ZN2bn14keypad_manager4initERKNS_11string_viewE
                0x000000000800aea8       0x58 bn_keypad_manager.o
                0x000000000800aea8                bn::keypad_manager::init(bn::string_view const&)
 .text._ZN2bn12link_manager4initEv
                0x000000000800af00        0xc bn_link_manager.o
                0x000000000800af00                bn::link_manager::init()
 .text._ZN2bn12link_manager6activeEv
                0x000000000800af0c        0xc bn_link_manager.o
                0x000000000800af0c                bn::link_manager::active()
 .text._ZN2bn12link_manager7disableEv
                0x000000000800af18       0x18 bn_link_manager.o
                0x000000000800af18                bn::link_manager::disable()
 .text._ZN2bn3logERKNS_12istring_baseE
                0x000000000800af30        0xc bn_log.o
                0x000000000800af30                bn::log(bn::istring_base const&)
 .text._ZN2bn14memory_manager4initEv
                0x000000000800af3c       0x20 bn_memory_manager.o
                0x000000000800af3c                bn::memory_manager::init()
 .text._ZN3_bn6assert9show_argsIA35_cjEEvPKcS4_S4_iRKT_RKT0_
                0x000000000800af5c       0x58 bn_memory_manager.o
                0x000000000800af5c                void _bn::assert::show_args<char [35], unsigned int>(char const*, char const*, char const*, int, char const (&) [35], unsigned int const&)
 .text._Znwj    0x000000000800afb4       0x40 bn_memory_manager.o
                0x000000000800afb4                operator new(unsigned int)
 .text.exit._GLOBAL__sub_D__Znwj
                0x000000000800aff4       0x14 bn_memory_manager.o
 .text._ZN2bn2hw8palettes9grayscaleEPKNS_5colorEiiPS2_.part.0
                0x000000000800b008       0x40 bn_palettes_manager.o
 .text._ZN2bn14bg_palette_ptrC2ERKS0_
                0x000000000800b048       0x2c bn_palettes_manager.o
                0x000000000800b048                bn::bg_palette_ptr::bg_palette_ptr(bn::bg_palette_ptr const&)
                0x000000000800b048                bn::bg_palette_ptr::bg_palette_ptr(bn::bg_palette_ptr const&)
 .text._ZNK2bn14bg_palette_ptr3bppEv
                0x000000000800b074       0x20 bn_palettes_manager.o
                0x000000000800b074                bn::bg_palette_ptr::bpp() const
 .text._ZNK2bn18sprite_palette_ptr3bppEv
                0x000000000800b094       0x1c bn_palettes_manager.o
                0x000000000800b094                bn::sprite_palette_ptr::bpp() const
 .text._ZNK2bn13palettes_bank10log_statusEv
                0x000000000800b0b0      0x188 bn_palettes_manager.o
                0x000000000800b0b0                bn::palettes_bank::log_status() const
 .text._ZNK2bn13palettes_bank20retrieve_commit_dataEv
                0x000000000800b238       0x4c bn_palettes_manager.o
                0x000000000800b238                bn::palettes_bank::retrieve_commit_data() const
 .text._ZNK2bn13palettes_bank12_same_colorsERKNS_4spanIKNS_5colorEEEi
                0x000000000800b284       0x50 bn_palettes_manager.o
                0x000000000800b284                bn::palettes_bank::_same_colors(bn::span<bn::color const> const&, int) const
 .text._ZN2bn13palettes_bank10find_bpp_4ERKNS_4spanIKNS_5colorEEEt
                0x000000000800b2d4       0xdc bn_palettes_manager.o
                0x000000000800b2d4                bn::palettes_bank::find_bpp_4(bn::span<bn::color const> const&, unsigned short)
 .text._ZNK2bn13palettes_bank21_apply_global_effectsEiPNS_5colorE
                0x000000000800b3b0      0x13c bn_palettes_manager.o
                0x000000000800b3b0                bn::palettes_bank::_apply_global_effects(int, bn::color*) const
 .text._ZNK2bn13palettes_bank25fill_hblank_effect_colorsEPKNS_5colorEPt
                0x000000000800b4ec       0x30 bn_palettes_manager.o
                0x000000000800b4ec                bn::palettes_bank::fill_hblank_effect_colors(bn::color const*, unsigned short*) const
 .text._ZNK2bn13palettes_bank7palette13apply_effectsEiPNS_5colorE
                0x000000000800b51c       0xbc bn_palettes_manager.o
                0x000000000800b51c                bn::palettes_bank::palette::apply_effects(int, bn::color*) const
 .text._ZNK2bn13palettes_bank25fill_hblank_effect_colorsEiPKNS_5colorEPt
                0x000000000800b5d8       0x44 bn_palettes_manager.o
                0x000000000800b5d8                bn::palettes_bank::fill_hblank_effect_colors(int, bn::color const*, unsigned short*) const
 .text._ZN2bn13palettes_bank15_update_paletteEi
                0x000000000800b61c       0x6c bn_palettes_manager.o
                0x000000000800b61c                bn::palettes_bank::_update_palette(int)
 .text._ZN2bn13palettes_bank6updateEv
                0x000000000800b688      0x124 bn_palettes_manager.o
                0x000000000800b688                bn::palettes_bank::update()
 .text._ZN2bn13palettes_bankC2Ev
                0x000000000800b7ac       0xcc bn_palettes_manager.o
                0x000000000800b7ac                bn::palettes_bank::palettes_bank()
                0x000000000800b7ac                bn::palettes_bank::palettes_bank()
 .text._ZN2bn16palettes_manager20sprite_palettes_bankEv
                0x000000000800b878        0x8 bn_palettes_manager.o
                0x000000000800b878                bn::palettes_manager::sprite_palettes_bank()
 .text._ZN2bn16palettes_manager16bg_palettes_bankEv
                0x000000000800b880        0x8 bn_palettes_manager.o
                0x000000000800b880                bn::palettes_manager::bg_palettes_bank()
 .text._ZN2bn16palettes_manager6updateEv
                0x000000000800b888       0x20 bn_palettes_manager.o
                0x000000000800b888                bn::palettes_manager::update()
 .text._ZN2bn16palettes_manager6commitEb
                0x000000000800b8a8       0xf4 bn_palettes_manager.o
                0x000000000800b8a8                bn::palettes_manager::commit(bool)
 .text._ZN2bn16palettes_manager4stopEv
                0x000000000800b99c       0x20 bn_palettes_manager.o
                0x000000000800b99c                bn::palettes_manager::stop()
 .text._ZN3_bn6assert9show_argsIA35_cEEvPKcS4_S4_iRKT_
                0x000000000800b9bc       0x50 bn_palettes_manager.o
                0x000000000800b9bc                void _bn::assert::show_args<char [35]>(char const*, char const*, char const*, int, char const (&) [35])
 .text._ZN2bn13palettes_bank11colors_hashERKNS_4spanIKNS_5colorEEE
                0x000000000800ba0c       0x50 bn_palettes_manager.o
                0x000000000800ba0c                bn::palettes_bank::colors_hash(bn::span<bn::color const> const&)
 .text._ZN3_bn6assert9show_argsIJA43_ciA36_cA42_cEEEvPKcS6_S6_iDpRKT_
                0x000000000800ba5c       0x68 bn_palettes_manager.o
                0x000000000800ba5c                void _bn::assert::show_args<char [43], int, char [36], char [42]>(char const*, char const*, char const*, int, char const (&) [43], int const&, char const (&) [36], char const (&) [42])
 .text._ZN2bn13palettes_bank12create_bpp_8ERKNS_4spanIKNS_5colorEEENS_16compression_typeEb
                0x000000000800bac4      0x22c bn_palettes_manager.o
                0x000000000800bac4                bn::palettes_bank::create_bpp_8(bn::span<bn::color const> const&, bn::compression_type, bool)
 .text._ZNK2bn15bg_palette_item10decompressENS_4spanINS_5colorEEE
                0x000000000800bcf0      0x174 bn_palettes_manager.o
                0x000000000800bcf0                bn::bg_palette_item::decompress(bn::span<bn::color>) const
 .text._ZNK2bn19sprite_palette_item10decompressENS_4spanINS_5colorEEE
                0x000000000800be64      0x174 bn_palettes_manager.o
                0x000000000800be64                bn::sprite_palette_item::decompress(bn::span<bn::color>) const
 .text._ZN2bn13palettes_bank12create_bpp_4ERKNS_4spanIKNS_5colorEEEtb
                0x000000000800bfd8      0x298 bn_palettes_manager.o
                0x000000000800bfd8                bn::palettes_bank::create_bpp_4(bn::span<bn::color const> const&, unsigned short, bool)
 .text._ZN2bn12_GLOBAL__N_112_create_implERKNS_15bg_palette_itemEb
                0x000000000800c270       0x94 bn_palettes_manager.o
 .text._ZN2bn14bg_palette_ptr6createERKNS_15bg_palette_itemE
                0x000000000800c304       0x54 bn_palettes_manager.o
                0x000000000800c304                bn::bg_palette_ptr::create(bn::bg_palette_item const&)
 .text._ZNK2bn15bg_palette_item14create_paletteEv
                0x000000000800c358       0x10 bn_palettes_manager.o
                0x000000000800c358                bn::bg_palette_item::create_palette() const
 .text._ZN2bn12_GLOBAL__N_112_create_implERKNS_19sprite_palette_itemEb
                0x000000000800c368       0x7c bn_palettes_manager.o
 .text._ZNK2bn19sprite_palette_item14create_paletteEv
                0x000000000800c3e4       0x48 bn_palettes_manager.o
                0x000000000800c3e4                bn::sprite_palette_item::create_palette() const
 .text._ZN2bn14iunordered_mapItsNS_13palettes_bank15identity_hasherENS_8equal_toItEEE5eraseERKNS5_14const_iteratorE.isra.0
                0x000000000800c42c      0x170 bn_palettes_manager.o
 .text._ZN2bn13palettes_bank15decrease_usagesEi.part.0
                0x000000000800c59c       0xdc bn_palettes_manager.o
 .text._ZN2bn18sprite_palette_ptrD2Ev
                0x000000000800c678       0x30 bn_palettes_manager.o
                0x000000000800c678                bn::sprite_palette_ptr::~sprite_palette_ptr()
                0x000000000800c678                bn::sprite_palette_ptr::~sprite_palette_ptr()
 .text._ZN2bn14bg_palette_ptrD2Ev
                0x000000000800c6a8       0x3c bn_palettes_manager.o
                0x000000000800c6a8                bn::bg_palette_ptr::~bg_palette_ptr()
                0x000000000800c6a8                bn::bg_palette_ptr::~bg_palette_ptr()
 .text._ZN2bn14bg_palette_ptraSERKS0_
                0x000000000800c6e4       0x5c bn_palettes_manager.o
                0x000000000800c6e4                bn::bg_palette_ptr::operator=(bn::bg_palette_ptr const&)
 .text.startup._GLOBAL__sub_I__ZN2bn11bg_palettes17used_colors_countEv
                0x000000000800c740       0x20 bn_palettes_manager.o
 .text._ZNK2bn21sprite_affine_mat_ptr15horizontal_flipEv
                0x000000000800c760       0x18 bn_sprite_affine_mats_manager.o
                0x000000000800c760                bn::sprite_affine_mat_ptr::horizontal_flip() const
 .text._ZN2bn21sprite_affine_mat_ptr19set_horizontal_flipEb
                0x000000000800c778       0x90 bn_sprite_affine_mats_manager.o
                0x000000000800c778                bn::sprite_affine_mat_ptr::set_horizontal_flip(bool)
 .text._ZNK2bn21sprite_affine_mat_ptr13vertical_flipEv
                0x000000000800c808       0x18 bn_sprite_affine_mats_manager.o
                0x000000000800c808                bn::sprite_affine_mat_ptr::vertical_flip() const
 .text._ZN2bn26sprite_affine_mats_manager20retrieve_commit_dataEv
                0x000000000800c820       0x38 bn_sprite_affine_mats_manager.o
                0x000000000800c820                bn::sprite_affine_mats_manager::retrieve_commit_data()
 .text._ZN3_bn6assert9show_argsIA37_cEEvPKcS4_S4_iRKT_
                0x000000000800c858       0x50 bn_sprite_affine_mats_manager.o
                0x000000000800c858                void _bn::assert::show_args<char [37]>(char const*, char const*, char const*, int, char const (&) [37])
 .text._ZN2bn26sprite_affine_mats_manager15decrease_usagesEi.part.0
                0x000000000800c8a8       0x68 bn_sprite_affine_mats_manager.o
 .text._ZN2bn21sprite_affine_mat_ptrD2Ev
                0x000000000800c910       0x34 bn_sprite_affine_mats_manager.o
                0x000000000800c910                bn::sprite_affine_mat_ptr::~sprite_affine_mat_ptr()
                0x000000000800c910                bn::sprite_affine_mat_ptr::~sprite_affine_mat_ptr()
 .text._ZN2bn26sprite_affine_mats_manager6updateEv
                0x000000000800c944       0xa0 bn_sprite_affine_mats_manager.o
                0x000000000800c944                bn::sprite_affine_mats_manager::update()
 .text._ZN2bn26sprite_affine_mats_manager4initEPv
                0x000000000800c9e4       0x6c bn_sprite_affine_mats_manager.o
                0x000000000800c9e4                bn::sprite_affine_mats_manager::init(void*)
 .text._ZN2bn26sprite_affine_mats_manager14dettach_spriteEiRNS_24intrusive_list_node_typeE
                0x000000000800ca50       0x4c bn_sprite_affine_mats_manager.o
                0x000000000800ca50                bn::sprite_affine_mats_manager::dettach_sprite(int, bn::intrusive_list_node_type&)
 .text.startup._GLOBAL__sub_I__ZN2bn18sprite_affine_mats10used_countEv
                0x000000000800ca9c       0x98 bn_sprite_affine_mats_manager.o
 .text.exit._GLOBAL__sub_D__ZN2bn18sprite_affine_mats10used_countEv
                0x000000000800cb34       0x3c bn_sprite_affine_mats_manager.o
 .text._ZN2bn22isprite_animate_action9_set_refsERNS_10sprite_ptrERNS_17sprite_tiles_itemERNS_7ivectorItEE
                0x000000000800cb70        0x4 bn_sprite_animate_actions.o
                0x000000000800cb70                bn::isprite_animate_action::_set_refs(bn::sprite_ptr&, bn::sprite_tiles_item&, bn::ivector<unsigned short>&)
 .text._ZN2bn22isprite_animate_action7_assignERKS0_
                0x000000000800cb74       0x10 bn_sprite_animate_actions.o
                0x000000000800cb74                bn::isprite_animate_action::_assign(bn::isprite_animate_action const&)
 .text._ZN2bn22isprite_animate_action16set_wait_updatesEi
                0x000000000800cb84       0x68 bn_sprite_animate_actions.o
                0x000000000800cb84                bn::isprite_animate_action::set_wait_updates(int)
 .text._ZN3_bn6assert9show_argsIA33_ciEEvPKcS4_S4_iRKT_RKT0_
                0x000000000800cbec       0x58 bn_sprite_animate_actions.o
                0x000000000800cbec                void _bn::assert::show_args<char [33], int>(char const*, char const*, char const*, int, char const (&) [33], int const&)
 .text._ZN2bn22isprite_animate_action24_assign_graphics_indexesERKNS_4spanIKtEE
                0x000000000800cc44       0x84 bn_sprite_animate_actions.o
                0x000000000800cc44                bn::isprite_animate_action::_assign_graphics_indexes(bn::span<unsigned short const> const&)
 .text._ZN2bn22isprite_animate_action6updateEv
                0x000000000800ccc8       0xb8 bn_sprite_animate_actions.o
                0x000000000800ccc8                bn::isprite_animate_action::update()
 .text._ZN2bn15sprites_manager12_GLOBAL__N_132_always_update_indexes_to_commitERKNS_20sprites_manager_itemE
                0x000000000800cd80       0x48 bn_sprites_manager.o
 .text._ZN2bn13ostringstream11append_argsIiJA4_ciEEEvRKT_DpRKT0_.isra.0
                0x000000000800cdc8       0x24 bn_sprites_manager.o
 .text._ZN2bn15sprites_manager12_GLOBAL__N_123_update_item_dimensionsERNS_20sprites_manager_itemE
                0x000000000800cdec       0xcc bn_sprites_manager.o
 .text._ZN2bn10sprite_ptrC2ERKS0_
                0x000000000800ceb8        0xc bn_sprites_manager.o
                0x000000000800ceb8                bn::sprite_ptr::sprite_ptr(bn::sprite_ptr const&)
                0x000000000800ceb8                bn::sprite_ptr::sprite_ptr(bn::sprite_ptr const&)
 .text._ZNK2bn10sprite_ptr8positionEv
                0x000000000800cec4        0x8 bn_sprites_manager.o
                0x000000000800cec4                bn::sprite_ptr::position() const
 .text._ZN2bn10sprite_ptr12set_positionERKNS_11fixed_pointE
                0x000000000800cecc       0x78 bn_sprites_manager.o
                0x000000000800cecc                bn::sprite_ptr::set_position(bn::fixed_point const&)
 .text._ZNK2bn10sprite_ptr15horizontal_flipEv
                0x000000000800cf44       0x20 bn_sprites_manager.o
                0x000000000800cf44                bn::sprite_ptr::horizontal_flip() const
 .text._ZN2bn10sprite_ptr19set_horizontal_flipEb
                0x000000000800cf64       0x54 bn_sprites_manager.o
                0x000000000800cf64                bn::sprite_ptr::set_horizontal_flip(bool)
 .text._ZN2bn15sprites_manager4initEv
                0x000000000800cfb8       0x34 bn_sprites_manager.o
                0x000000000800cfb8                bn::sprites_manager::init()
 .text._ZN2bn15sprites_manager5hw_idEPv
                0x000000000800cfec        0x8 bn_sprites_manager.o
                0x000000000800cfec                bn::sprites_manager::hw_id(void*)
 .text._ZN2bn15sprites_manager5shapeEPv
                0x000000000800cff4        0x8 bn_sprites_manager.o
                0x000000000800cff4                bn::sprites_manager::shape(void*)
 .text._ZN2bn15sprites_manager4sizeEPv
                0x000000000800cffc        0x8 bn_sprites_manager.o
                0x000000000800cffc                bn::sprites_manager::size(void*)
 .text._ZN2bn15sprites_manager10shape_sizeEPv
                0x000000000800d004       0x14 bn_sprites_manager.o
                0x000000000800d004                bn::sprites_manager::shape_size(void*)
 .text._ZN2bn15sprites_manager11hw_positionEPv
                0x000000000800d018        0x4 bn_sprites_manager.o
                0x000000000800d018                bn::sprites_manager::hw_position(void*)
 .text._ZN2bn15sprites_manager9view_modeEPv
                0x000000000800d01c        0xc bn_sprites_manager.o
                0x000000000800d01c                bn::sprites_manager::view_mode(void*)
 .text._ZN2bn15sprites_manager10set_cameraEPvONS_10camera_ptrE
                0x000000000800d028       0xa4 bn_sprites_manager.o
                0x000000000800d028                bn::sprites_manager::set_camera(void*, bn::camera_ptr&&)
 .text._ZN2bn10sprite_ptr10set_cameraERKNS_10camera_ptrE
                0x000000000800d0cc       0x24 bn_sprites_manager.o
                0x000000000800d0cc                bn::sprite_ptr::set_camera(bn::camera_ptr const&)
 .text._ZN2bn15sprites_manager10affine_matEPv
                0x000000000800d0f0        0x4 bn_sprites_manager.o
                0x000000000800d0f0                bn::sprites_manager::affine_mat(void*)
 .text._ZN2bn15sprites_manager39fill_hblank_effect_horizontal_positionsEPviPKNS_7fixed_tILi12EEEPt
                0x000000000800d0f4       0x44 bn_sprites_manager.o
                0x000000000800d0f4                bn::sprites_manager::fill_hblank_effect_horizontal_positions(void*, int, bn::fixed_t<12> const*, unsigned short*)
 .text._ZN2bn15sprites_manager37fill_hblank_effect_vertical_positionsEPviPKNS_7fixed_tILi12EEEPt
                0x000000000800d138       0x44 bn_sprites_manager.o
                0x000000000800d138                bn::sprites_manager::fill_hblank_effect_vertical_positions(void*, int, bn::fixed_t<12> const*, unsigned short*)
 .text._ZN2bn15sprites_manager35fill_hblank_effect_first_attributesEiNS_12sprite_shapeENS_8bpp_modeEiPKNS_23sprite_first_attributesEPt
                0x000000000800d17c      0x108 bn_sprites_manager.o
                0x000000000800d17c                bn::sprites_manager::fill_hblank_effect_first_attributes(int, bn::sprite_shape, bn::bpp_mode, int, bn::sprite_first_attributes const*, unsigned short*)
 .text._ZN2bn15sprites_manager44fill_hblank_effect_regular_second_attributesEPviNS_11sprite_sizeEPKNS_32sprite_regular_second_attributesEPt
                0x000000000800d284       0x60 bn_sprites_manager.o
                0x000000000800d284                bn::sprites_manager::fill_hblank_effect_regular_second_attributes(void*, int, bn::sprite_size, bn::sprite_regular_second_attributes const*, unsigned short*)
 .text._ZN2bn15sprites_manager43fill_hblank_effect_affine_second_attributesEPviNS_11sprite_sizeEPKNS_31sprite_affine_second_attributesEPt
                0x000000000800d2e4       0x58 bn_sprites_manager.o
                0x000000000800d2e4                bn::sprites_manager::fill_hblank_effect_affine_second_attributes(void*, int, bn::sprite_size, bn::sprite_affine_second_attributes const*, unsigned short*)
 .text._ZN2bn15sprites_manager14update_camerasEv
                0x000000000800d33c       0x20 bn_sprites_manager.o
                0x000000000800d33c                bn::sprites_manager::update_cameras()
 .text._ZN2bn15sprites_manager6commitEb
                0x000000000800d35c       0xa4 bn_sprites_manager.o
                0x000000000800d35c                bn::sprites_manager::commit(bool)
 .text._ZN3_bn6assert9show_argsIA54_cEEvPKcS4_S4_iRKT_
                0x000000000800d400       0x50 bn_sprites_manager.o
                0x000000000800d400                void _bn::assert::show_args<char [54]>(char const*, char const*, char const*, int, char const (&) [54])
 .text._ZNK2bn17sprite_shape_size11tiles_countENS_8bpp_modeE
                0x000000000800d450      0x154 bn_sprites_manager.o
                0x000000000800d450                bn::sprite_shape_size::tiles_count(bn::bpp_mode) const
 .text._ZN2bn15sprites_manager12_GLOBAL__N_118_remove_affine_matERNS_20sprites_manager_itemE
                0x000000000800d5a4       0xe8 bn_sprites_manager.o
 .text._ZN2bn15sprites_manager40remove_identity_affine_mat_if_not_neededEPv
                0x000000000800d68c       0x18 bn_sprites_manager.o
                0x000000000800d68c                bn::sprites_manager::remove_identity_affine_mat_if_not_needed(void*)
 .text._ZN2bn15sprites_manager7paletteEPv
                0x000000000800d6a4       0x34 bn_sprites_manager.o
                0x000000000800d6a4                bn::sprites_manager::palette(void*)
 .text._ZN2bn15sprites_manager9set_tilesEPvONS_16sprite_tiles_ptrE
                0x000000000800d6d8      0x134 bn_sprites_manager.o
                0x000000000800d6d8                bn::sprites_manager::set_tiles(void*, bn::sprite_tiles_ptr&&)
 .text._ZN2bn10sprite_ptr9set_tilesEONS_16sprite_tiles_ptrE
                0x000000000800d80c       0x10 bn_sprites_manager.o
                0x000000000800d80c                bn::sprite_ptr::set_tiles(bn::sprite_tiles_ptr&&)
 .text._ZN2bn10sprite_ptr9set_tilesERKNS_17sprite_tiles_itemEi
                0x000000000800d81c       0x80 bn_sprites_manager.o
                0x000000000800d81c                bn::sprite_ptr::set_tiles(bn::sprite_tiles_item const&, int)
 .text._ZN2bn15sprites_manager6updateEv
                0x000000000800d89c      0x160 bn_sprites_manager.o
                0x000000000800d89c                bn::sprites_manager::update()
 .text._ZN3_bn6assert9show_argsIJA27_ciA4_ciEEEvPKcS5_S5_iDpRKT_
                0x000000000800d9fc       0x5c bn_sprites_manager.o
                0x000000000800d9fc                void _bn::assert::show_args<char [27], int, char [4], int>(char const*, char const*, char const*, int, char const (&) [27], int const&, char const (&) [4], int const&)
 .text._ZN2bn15sprites_manager35fill_hblank_effect_third_attributesENS_17sprite_shape_sizeEPKNS_23sprite_third_attributesEPt
                0x000000000800da58       0xb4 bn_sprites_manager.o
                0x000000000800da58                bn::sprites_manager::fill_hblank_effect_third_attributes(bn::sprite_shape_size, bn::sprite_third_attributes const*, unsigned short*)
 .text._ZN2bn14sorted_sprites6sorter6insertERNS_20sprites_manager_itemE
                0x000000000800db0c      0x170 bn_sprites_manager.o
                0x000000000800db0c                bn::sorted_sprites::sorter::insert(bn::sprites_manager_item&)
 .text._ZN2bn15sprites_manager6createERKNS_11fixed_pointERKNS_17sprite_shape_sizeEONS_16sprite_tiles_ptrEONS_18sprite_palette_ptrE
                0x000000000800dc7c      0x1e4 bn_sprites_manager.o
                0x000000000800dc7c                bn::sprites_manager::create(bn::fixed_point const&, bn::sprite_shape_size const&, bn::sprite_tiles_ptr&&, bn::sprite_palette_ptr&&)
 .text._ZNK2bn11sprite_item13create_spriteENS_7fixed_tILi12EEES2_
                0x000000000800de60       0x44 bn_sprites_manager.o
                0x000000000800de60                bn::sprite_item::create_sprite(bn::fixed_t<12>, bn::fixed_t<12>) const
 .text._ZN2bn15sprites_manager15decrease_usagesEPv
                0x000000000800dea4      0x180 bn_sprites_manager.o
                0x000000000800dea4                bn::sprites_manager::decrease_usages(void*)
 .text._ZN2bn10sprite_ptrD2Ev
                0x000000000800e024       0x18 bn_sprites_manager.o
                0x000000000800e024                bn::sprite_ptr::~sprite_ptr()
                0x000000000800e024                bn::sprite_ptr::~sprite_ptr()
 .text.startup._GLOBAL__sub_I__ZN2bn7sprites16used_items_countEv
                0x000000000800e03c       0x9c bn_sprites_manager.o
 .text.exit._GLOBAL__sub_D__ZN2bn7sprites16used_items_countEv
                0x000000000800e0d8       0x4c bn_sprites_manager.o
 .text._ZN3_bn6assert9show_argsIJA25_ciA4_ctEEEvPKcS5_S5_iDpRKT_
                0x000000000800e124       0x6c bn_sprite_text_generator.o
                0x000000000800e124                void _bn::assert::show_args<char [25], int, char [4], unsigned short>(char const*, char const*, char const*, int, char const (&) [25], int const&, char const (&) [4], unsigned short const&)
 .text._ZNK2bn16sprite_tiles_ptr2idEv
                0x000000000800e190       0x18 bn_sprite_tiles_manager.o
                0x000000000800e190                bn::sprite_tiles_ptr::id() const
 .text._ZNK2bn16sprite_tiles_ptr11tiles_countEv
                0x000000000800e1a8       0x18 bn_sprite_tiles_manager.o
                0x000000000800e1a8                bn::sprite_tiles_ptr::tiles_count() const
 .text._ZN2bn20sprite_tiles_manager10log_statusEv
                0x000000000800e1c0      0x1ec bn_sprite_tiles_manager.o
                0x000000000800e1c0                bn::sprite_tiles_manager::log_status()
 .text._ZN2bn20sprite_tiles_manager19commit_uncompressedEb
                0x000000000800e3ac       0xdc bn_sprite_tiles_manager.o
                0x000000000800e3ac                bn::sprite_tiles_manager::commit_uncompressed(bool)
 .text._ZN2bn20sprite_tiles_manager17commit_compressedEv
                0x000000000800e488       0x68 bn_sprite_tiles_manager.o
                0x000000000800e488                bn::sprite_tiles_manager::commit_compressed()
 .text._ZN3_bn6assert9show_argsIJA44_cPKN2bn4tileEA4_cS6_EEEvPKcS9_S9_iDpRKT_
                0x000000000800e4f0       0x6c bn_sprite_tiles_manager.o
                0x000000000800e4f0                void _bn::assert::show_args<char [44], bn::tile const*, char [4], bn::tile const*>(char const*, char const*, char const*, int, char const (&) [44], bn::tile const* const&, char const (&) [4], bn::tile const* const&)
 .text._ZN3_bn6assert9show_argsIJA46_ciA4_cjEEEvPKcS5_S5_iDpRKT_
                0x000000000800e55c       0x6c bn_sprite_tiles_manager.o
                0x000000000800e55c                void _bn::assert::show_args<char [46], int, char [4], unsigned int>(char const*, char const*, char const*, int, char const (&) [46], int const&, char const (&) [4], unsigned int const&)
 .text._ZN3_bn6assert9show_argsIJA28_cA15_cPKN2bn4tileEA16_ciA34_cNS4_11string_viewEEEEvPKcSC_SC_iDpRKT_
                0x000000000800e5c8       0x84 bn_sprite_tiles_manager.o
                0x000000000800e5c8                void _bn::assert::show_args<char [28], char [15], bn::tile const*, char [16], int, char [34], bn::string_view>(char const*, char const*, char const*, int, char const (&) [28], char const (&) [15], bn::tile const* const&, char const (&) [16], int const&, char const (&) [34], bn::string_view const&)
 .text._ZN3_bn6assert9show_argsIA53_cEEvPKcS4_S4_iRKT_
                0x000000000800e64c       0x50 bn_sprite_tiles_manager.o
                0x000000000800e64c                void _bn::assert::show_args<char [53]>(char const*, char const*, char const*, int, char const (&) [53])
 .text._ZN3_bn6assert9show_argsIJA32_cA15_cPKN2bn4tileEA16_ciA34_cNS4_11string_viewEEEEvPKcSC_SC_iDpRKT_
                0x000000000800e69c       0x84 bn_sprite_tiles_manager.o
                0x000000000800e69c                void _bn::assert::show_args<char [32], char [15], bn::tile const*, char [16], int, char [34], bn::string_view>(char const*, char const*, char const*, int, char const (&) [32], char const (&) [15], bn::tile const* const&, char const (&) [16], int const&, char const (&) [34], bn::string_view const&)
 .text._ZN2bn20sprite_tiles_manager4initEv
                0x000000000800e720       0xf4 bn_sprite_tiles_manager.o
                0x000000000800e720                bn::sprite_tiles_manager::init()
 .text._ZN2bn20sprite_tiles_manager12_GLOBAL__N_122_insert_to_commit_itemEiRNS1_9item_typeE.part.0
                0x000000000800e814       0x6c bn_sprite_tiles_manager.o
 .text._ZN2bn20sprite_tiles_manager12_GLOBAL__N_117_insert_free_itemEiPt
                0x000000000800e880       0xcc bn_sprite_tiles_manager.o
 .text._ZN2bn20sprite_tiles_manager12_GLOBAL__N_116_erase_free_itemEi
                0x000000000800e94c       0xe4 bn_sprite_tiles_manager.o
 .text._ZN2bn20sprite_tiles_manager12_GLOBAL__N_121_erase_to_commit_itemEiRNS1_9item_typeE
                0x000000000800ea30      0x100 bn_sprite_tiles_manager.o
 .text._ZN2bn20sprite_tiles_manager15decrease_usagesEi
                0x000000000800eb30      0x13c bn_sprite_tiles_manager.o
                0x000000000800eb30                bn::sprite_tiles_manager::decrease_usages(int)
 .text._ZN2bn16sprite_tiles_ptrD2Ev
                0x000000000800ec6c       0x18 bn_sprite_tiles_manager.o
                0x000000000800ec6c                bn::sprite_tiles_ptr::~sprite_tiles_ptr()
                0x000000000800ec6c                bn::sprite_tiles_ptr::~sprite_tiles_ptr()
 .text._ZN2bn20sprite_tiles_manager12_GLOBAL__N_110_find_implEPKNS_4tileENS_16compression_typeEi
                0x000000000800ec84      0x284 bn_sprite_tiles_manager.o
 .text._ZNK2bn17sprite_tiles_item10find_tilesEi
                0x000000000800ef08       0xc8 bn_sprite_tiles_manager.o
                0x000000000800ef08                bn::sprite_tiles_item::find_tiles(int) const
 .text._ZN2bn14iunordered_mapIPKNS_4tileEiNS_4hashIS3_EENS_8equal_toIS3_EEE5eraseERKNS8_14const_iteratorE.isra.0
                0x000000000800efd0      0x178 bn_sprite_tiles_manager.o
 .text._ZN2bn20sprite_tiles_manager12_GLOBAL__N_112_create_itemEiPKNS_4tileENS_16compression_typeEib
                0x000000000800f148      0x268 bn_sprite_tiles_manager.o
 .text._ZN2bn20sprite_tiles_manager6updateEv
                0x000000000800f3b0      0x238 bn_sprite_tiles_manager.o
                0x000000000800f3b0                bn::sprite_tiles_manager::update()
 .text._ZN2bn20sprite_tiles_manager12_GLOBAL__N_112_create_implEPKNS_4tileENS_16compression_typeEi
                0x000000000800f5e8      0x1f8 bn_sprite_tiles_manager.o
 .text._ZN2bn20sprite_tiles_manager10create_newERKNS_4spanIKNS_4tileEEENS_16compression_typeE
                0x000000000800f7e0      0x18c bn_sprite_tiles_manager.o
                0x000000000800f7e0                bn::sprite_tiles_manager::create_new(bn::span<bn::tile const> const&, bn::compression_type)
 .text._ZNK2bn17sprite_tiles_item16create_new_tilesEi
                0x000000000800f96c       0xbc bn_sprite_tiles_manager.o
                0x000000000800f96c                bn::sprite_tiles_item::create_new_tiles(int) const
 .text._ZN2bn20sprite_tiles_manager6createERKNS_4spanIKNS_4tileEEENS_16compression_typeE
                0x000000000800fa28      0x13c bn_sprite_tiles_manager.o
                0x000000000800fa28                bn::sprite_tiles_manager::create(bn::span<bn::tile const> const&, bn::compression_type)
 .text._ZNK2bn17sprite_tiles_item12create_tilesEv
                0x000000000800fb64       0x84 bn_sprite_tiles_manager.o
                0x000000000800fb64                bn::sprite_tiles_item::create_tiles() const
 .text._ZNK2bn17sprite_tiles_item12create_tilesEi
                0x000000000800fbe8       0xbc bn_sprite_tiles_manager.o
                0x000000000800fbe8                bn::sprite_tiles_item::create_tiles(int) const
 .text.startup._GLOBAL__sub_I__ZN2bn12sprite_tiles16used_tiles_countEv
                0x000000000800fca4      0x11c bn_sprite_tiles_manager.o
 .text._ZN2bn13ostringstreamC2ERNS_12istring_baseE
                0x000000000800fdc0        0x8 bn_sstream.o
                0x000000000800fdc0                bn::ostringstream::ostringstream(bn::istring_base&)
                0x000000000800fdc0                bn::ostringstream::ostringstream(bn::istring_base&)
 .text._ZNK2bn13ostringstream4sizeEv
                0x000000000800fdc8        0x8 bn_sstream.o
                0x000000000800fdc8                bn::ostringstream::size() const
 .text._ZN2bn13ostringstream6appendEPKc
                0x000000000800fdd0       0x88 bn_sstream.o
                0x000000000800fdd0                bn::ostringstream::append(char const*)
 .text._ZN2bn13ostringstream6appendEi
                0x000000000800fe58       0x9c bn_sstream.o
                0x000000000800fe58                bn::ostringstream::append(int)
 .text._ZN2bn13ostringstream6appendERKNS_11string_viewE
                0x000000000800fef4       0x94 bn_sstream.o
                0x000000000800fef4                bn::ostringstream::append(bn::string_view const&)
 .text._ZN2bn13ostringstream6appendEj
                0x000000000800ff88       0x9c bn_sstream.o
                0x000000000800ff88                bn::ostringstream::append(unsigned int)
 .text._ZN2bn13ostringstream6appendEPKv
                0x0000000008010024       0xe8 bn_sstream.o
                0x0000000008010024                bn::ostringstream::append(void const*)
 .text._ZN2bn13ostringstream16_append_fractionEji
                0x000000000801010c       0xfc bn_sstream.o
                0x000000000801010c                bn::ostringstream::_append_fraction(unsigned int, int)
 .text._ZN2bn13ostringstream6appendEc
                0x0000000008010208       0x44 bn_sstream.o
                0x0000000008010208                bn::ostringstream::append(char)